F:/Git/LoRa-GPS-Tracker/testing/Nucleo/SubGHz_Phy/App/subghz_phy_app.c:216:13:OnRxError	8	static
F:/Git/LoRa-GPS-Tracker/testing/Nucleo/SubGHz_Phy/App/subghz_phy_app.c:209:13:OnRxTimeout	8	static
F:/Git/LoRa-GPS-Tracker/testing/Nucleo/SubGHz_Phy/App/subghz_phy_app.c:202:13:OnTxTimeout	8	static
F:/Git/LoRa-GPS-Tracker/testing/Nucleo/SubGHz_Phy/App/subghz_phy_app.c:195:13:OnRxDone	8	static
F:/Git/LoRa-GPS-Tracker/testing/Nucleo/SubGHz_Phy/App/subghz_phy_app.c:188:13:OnTxDone	8	static
F:/Git/LoRa-GPS-Tracker/testing/Nucleo/SubGHz_Phy/App/subghz_phy_app.c:120:6:SubghzApp_Init	112	static
