Archive member included to satisfy reference by file (symbol)

E:/ST/STM32CubeIDE_1.13.1/STM32CubeIDE/plugins/com.st.stm32cube.ide.mcu.externaltools.gnu-tools-for-stm32.11.3.rel1.win32_1.1.100.202309141235/tools/bin/../lib/gcc/arm-none-eabi/11.3.1/../../../../arm-none-eabi/lib/thumb/v7e-m/nofp\libc_nano.a(libc_a-exit.o)
                              E:/ST/STM32CubeIDE_1.13.1/STM32CubeIDE/plugins/com.st.stm32cube.ide.mcu.externaltools.gnu-tools-for-stm32.11.3.rel1.win32_1.1.100.202309141235/tools/bin/../lib/gcc/arm-none-eabi/11.3.1/../../../../arm-none-eabi/lib/thumb/v7e-m/nofp/crt0.o (exit)
E:/ST/STM32CubeIDE_1.13.1/STM32CubeIDE/plugins/com.st.stm32cube.ide.mcu.externaltools.gnu-tools-for-stm32.11.3.rel1.win32_1.1.100.202309141235/tools/bin/../lib/gcc/arm-none-eabi/11.3.1/../../../../arm-none-eabi/lib/thumb/v7e-m/nofp\libc_nano.a(libc_a-findfp.o)
                              E:/ST/STM32CubeIDE_1.13.1/STM32CubeIDE/plugins/com.st.stm32cube.ide.mcu.externaltools.gnu-tools-for-stm32.11.3.rel1.win32_1.1.100.202309141235/tools/bin/../lib/gcc/arm-none-eabi/11.3.1/../../../../arm-none-eabi/lib/thumb/v7e-m/nofp\libc_nano.a(libc_a-exit.o) (__stdio_exit_handler)
E:/ST/STM32CubeIDE_1.13.1/STM32CubeIDE/plugins/com.st.stm32cube.ide.mcu.externaltools.gnu-tools-for-stm32.11.3.rel1.win32_1.1.100.202309141235/tools/bin/../lib/gcc/arm-none-eabi/11.3.1/../../../../arm-none-eabi/lib/thumb/v7e-m/nofp\libc_nano.a(libc_a-fwalk.o)
                              E:/ST/STM32CubeIDE_1.13.1/STM32CubeIDE/plugins/com.st.stm32cube.ide.mcu.externaltools.gnu-tools-for-stm32.11.3.rel1.win32_1.1.100.202309141235/tools/bin/../lib/gcc/arm-none-eabi/11.3.1/../../../../arm-none-eabi/lib/thumb/v7e-m/nofp\libc_nano.a(libc_a-findfp.o) (_fwalk_sglue)
E:/ST/STM32CubeIDE_1.13.1/STM32CubeIDE/plugins/com.st.stm32cube.ide.mcu.externaltools.gnu-tools-for-stm32.11.3.rel1.win32_1.1.100.202309141235/tools/bin/../lib/gcc/arm-none-eabi/11.3.1/../../../../arm-none-eabi/lib/thumb/v7e-m/nofp\libc_nano.a(libc_a-stdio.o)
                              E:/ST/STM32CubeIDE_1.13.1/STM32CubeIDE/plugins/com.st.stm32cube.ide.mcu.externaltools.gnu-tools-for-stm32.11.3.rel1.win32_1.1.100.202309141235/tools/bin/../lib/gcc/arm-none-eabi/11.3.1/../../../../arm-none-eabi/lib/thumb/v7e-m/nofp\libc_nano.a(libc_a-findfp.o) (__sread)
E:/ST/STM32CubeIDE_1.13.1/STM32CubeIDE/plugins/com.st.stm32cube.ide.mcu.externaltools.gnu-tools-for-stm32.11.3.rel1.win32_1.1.100.202309141235/tools/bin/../lib/gcc/arm-none-eabi/11.3.1/../../../../arm-none-eabi/lib/thumb/v7e-m/nofp\libc_nano.a(libc_a-memset.o)
                              E:/ST/STM32CubeIDE_1.13.1/STM32CubeIDE/plugins/com.st.stm32cube.ide.mcu.externaltools.gnu-tools-for-stm32.11.3.rel1.win32_1.1.100.202309141235/tools/bin/../lib/gcc/arm-none-eabi/11.3.1/../../../../arm-none-eabi/lib/thumb/v7e-m/nofp/crt0.o (memset)
E:/ST/STM32CubeIDE_1.13.1/STM32CubeIDE/plugins/com.st.stm32cube.ide.mcu.externaltools.gnu-tools-for-stm32.11.3.rel1.win32_1.1.100.202309141235/tools/bin/../lib/gcc/arm-none-eabi/11.3.1/../../../../arm-none-eabi/lib/thumb/v7e-m/nofp\libc_nano.a(libc_a-strtok.o)
                              ./Core/Src/usart.o (strtok)
E:/ST/STM32CubeIDE_1.13.1/STM32CubeIDE/plugins/com.st.stm32cube.ide.mcu.externaltools.gnu-tools-for-stm32.11.3.rel1.win32_1.1.100.202309141235/tools/bin/../lib/gcc/arm-none-eabi/11.3.1/../../../../arm-none-eabi/lib/thumb/v7e-m/nofp\libc_nano.a(libc_a-strtok_r.o)
                              E:/ST/STM32CubeIDE_1.13.1/STM32CubeIDE/plugins/com.st.stm32cube.ide.mcu.externaltools.gnu-tools-for-stm32.11.3.rel1.win32_1.1.100.202309141235/tools/bin/../lib/gcc/arm-none-eabi/11.3.1/../../../../arm-none-eabi/lib/thumb/v7e-m/nofp\libc_nano.a(libc_a-strtok.o) (__strtok_r)
E:/ST/STM32CubeIDE_1.13.1/STM32CubeIDE/plugins/com.st.stm32cube.ide.mcu.externaltools.gnu-tools-for-stm32.11.3.rel1.win32_1.1.100.202309141235/tools/bin/../lib/gcc/arm-none-eabi/11.3.1/../../../../arm-none-eabi/lib/thumb/v7e-m/nofp\libc_nano.a(libc_a-strstr.o)
                              ./Core/Src/usart.o (strstr)
E:/ST/STM32CubeIDE_1.13.1/STM32CubeIDE/plugins/com.st.stm32cube.ide.mcu.externaltools.gnu-tools-for-stm32.11.3.rel1.win32_1.1.100.202309141235/tools/bin/../lib/gcc/arm-none-eabi/11.3.1/../../../../arm-none-eabi/lib/thumb/v7e-m/nofp\libc_nano.a(libc_a-closer.o)
                              E:/ST/STM32CubeIDE_1.13.1/STM32CubeIDE/plugins/com.st.stm32cube.ide.mcu.externaltools.gnu-tools-for-stm32.11.3.rel1.win32_1.1.100.202309141235/tools/bin/../lib/gcc/arm-none-eabi/11.3.1/../../../../arm-none-eabi/lib/thumb/v7e-m/nofp\libc_nano.a(libc_a-stdio.o) (_close_r)
E:/ST/STM32CubeIDE_1.13.1/STM32CubeIDE/plugins/com.st.stm32cube.ide.mcu.externaltools.gnu-tools-for-stm32.11.3.rel1.win32_1.1.100.202309141235/tools/bin/../lib/gcc/arm-none-eabi/11.3.1/../../../../arm-none-eabi/lib/thumb/v7e-m/nofp\libc_nano.a(libc_a-reent.o)
[...]
Memory Configuration

Name             Origin             Length             Attributes
RAM              0x0000000020000000 0x0000000000010000 xrw
RAM2             0x0000000010000000 0x0000000000008000 xrw
FLASH            0x0000000008000000 0x0000000000040000 xr
*default*        0x0000000000000000 0xffffffffffffffff

Linker script and memory map

LOAD E:/ST/STM32CubeIDE_1.13.1/STM32CubeIDE/plugins/com.st.stm32cube.ide.mcu.externaltools.gnu-tools-for-stm32.11.3.rel1.win32_1.1.100.202309141235/tools/bin/../lib/gcc/arm-none-eabi/11.3.1/thumb/v7e-m/nofp/crti.o
LOAD E:/ST/STM32CubeIDE_1.13.1/STM32CubeIDE/plugins/com.st.stm32cube.ide.mcu.externaltools.gnu-tools-for-stm32.11.3.rel1.win32_1.1.100.202309141235/tools/bin/../lib/gcc/arm-none-eabi/11.3.1/thumb/v7e-m/nofp/crtbegin.o
LOAD E:/ST/STM32CubeIDE_1.13.1/STM32CubeIDE/plugins/com.st.stm32cube.ide.mcu.externaltools.gnu-tools-for-stm32.11.3.rel1.win32_1.1.100.202309141235/tools/bin/../lib/gcc/arm-none-eabi/11.3.1/../../../../arm-none-eabi/lib/thumb/v7e-m/nofp/crt0.o
LOAD ./Core/Src/adc.o
LOAD ./Core/Src/dma.o
LOAD ./Core/Src/gpio.o
LOAD ./Core/Src/main.o
LOAD ./Core/Src/rtc.o
LOAD ./Core/Src/stm32_lpm_if.o
LOAD ./Core/Src/stm32wlxx_hal_msp.o
LOAD ./Core/Src/stm32wlxx_it.o
LOAD ./Core/Src/subghz.o
LOAD ./Core/Src/sys_app.o
LOAD ./Core/Src/sys_debug.o
LOAD ./Core/Src/syscalls.o
LOAD ./Core/Src/sysmem.o
LOAD ./Core/Src/system_stm32wlxx.o
LOAD ./Core/Src/timer_if.o
LOAD ./Core/Src/usart.o
LOAD ./Core/Src/usart_if.o
LOAD ./Core/Startup/startup_stm32wle5ccux.o
LOAD ./Drivers/BSP/LoRa-GPS-Tracker/stm32wlxx_nucleo.o
LOAD ./Drivers/BSP/LoRa-GPS-Tracker/stm32wlxx_nucleo_radio.o
LOAD ./Drivers/STM32WLxx_HAL_Driver/Src/stm32wlxx_hal.o
LOAD ./Drivers/STM32WLxx_HAL_Driver/Src/stm32wlxx_hal_adc.o
LOAD ./Drivers/STM32WLxx_HAL_Driver/Src/stm32wlxx_hal_adc_ex.o
LOAD ./Drivers/STM32WLxx_HAL_Driver/Src/stm32wlxx_hal_cortex.o
LOAD ./Drivers/STM32WLxx_HAL_Driver/Src/stm32wlxx_hal_dma.o
LOAD ./Drivers/STM32WLxx_HAL_Driver/Src/stm32wlxx_hal_dma_ex.o
LOAD ./Drivers/STM32WLxx_HAL_Driver/Src/stm32wlxx_hal_exti.o
LOAD ./Drivers/STM32WLxx_HAL_Driver/Src/stm32wlxx_hal_flash.o
LOAD ./Drivers/STM32WLxx_HAL_Driver/Src/stm32wlxx_hal_flash_ex.o
LOAD ./Drivers/STM32WLxx_HAL_Driver/Src/stm32wlxx_hal_gpio.o
LOAD ./Drivers/STM32WLxx_HAL_Driver/Src/stm32wlxx_hal_pwr.o
LOAD ./Drivers/STM32WLxx_HAL_Driver/Src/stm32wlxx_hal_pwr_ex.o
LOAD ./Drivers/STM32WLxx_HAL_Driver/Src/stm32wlxx_hal_rcc.o
LOAD ./Drivers/STM32WLxx_HAL_Driver/Src/stm32wlxx_hal_rcc_ex.o
LOAD ./Drivers/STM32WLxx_HAL_Driver/Src/stm32wlxx_hal_rtc.o
LOAD ./Drivers/STM32WLxx_HAL_Driver/Src/stm32wlxx_hal_rtc_ex.o
LOAD ./Drivers/STM32WLxx_HAL_Driver/Src/stm32wlxx_hal_subghz.o
LOAD ./Drivers/STM32WLxx_HAL_Driver/Src/stm32wlxx_hal_tim.o
LOAD ./Drivers/STM32WLxx_HAL_Driver/Src/stm32wlxx_hal_tim_ex.o
LOAD ./Drivers/STM32WLxx_HAL_Driver/Src/stm32wlxx_hal_uart.o
LOAD ./Drivers/STM32WLxx_HAL_Driver/Src/stm32wlxx_hal_uart_ex.o
LOAD ./Drivers/STM32WLxx_HAL_Driver/Src/stm32wlxx_ll_adc.o
LOAD ./Middlewares/Third_Party/SubGHz_Phy/stm32_radio_driver/lr_fhss_mac.o
LOAD ./Middlewares/Third_Party/SubGHz_Phy/stm32_radio_driver/radio.o
LOAD ./Middlewares/Third_Party/SubGHz_Phy/stm32_radio_driver/radio_driver.o
LOAD ./Middlewares/Third_Party/SubGHz_Phy/stm32_radio_driver/radio_fw.o
LOAD ./Middlewares/Third_Party/SubGHz_Phy/stm32_radio_driver/wl_lr_fhss.o
LOAD ./SubGHz_Phy/App/app_subghz_phy.o
LOAD ./SubGHz_Phy/App/subghz_phy_app.o
LOAD ./SubGHz_Phy/Target/radio_board_if.o
LOAD ./Utilities/lpm/tiny_lpm/stm32_lpm.o
LOAD ./Utilities/misc/stm32_mem.o
LOAD ./Utilities/misc/stm32_systime.o
LOAD ./Utilities/misc/stm32_tiny_sscanf.o
LOAD ./Utilities/misc/stm32_tiny_vsnprintf.o
LOAD ./Utilities/sequencer/stm32_seq.o
LOAD ./Utilities/timer/stm32_timer.o
LOAD ./Utilities/trace/adv_trace/stm32_adv_trace.o
START GROUP
LOAD E:/ST/STM32CubeIDE_1.13.1/STM32CubeIDE/plugins/com.st.stm32cube.ide.mcu.externaltools.gnu-tools-for-stm32.11.3.rel1.win32_1.1.100.202309141235/tools/bin/../lib/gcc/arm-none-eabi/11.3.1/../../../../arm-none-eabi/lib/thumb/v7e-m/nofp\libc_nano.a
LOAD E:/ST/STM32CubeIDE_1.13.1/STM32CubeIDE/plugins/com.st.stm32cube.ide.mcu.externaltools.gnu-tools-for-stm32.11.3.rel1.win32_1.1.100.202309141235/tools/bin/../lib/gcc/arm-none-eabi/11.3.1/../../../../arm-none-eabi/lib/thumb/v7e-m/nofp\libm.a
END GROUP
START GROUP
LOAD E:/ST/STM32CubeIDE_1.13.1/STM32CubeIDE/plugins/com.st.stm32cube.ide.mcu.externaltools.gnu-tools-for-stm32.11.3.rel1.win32_1.1.100.202309141235/tools/bin/../lib/gcc/arm-none-eabi/11.3.1/thumb/v7e-m/nofp\libgcc.a
LOAD E:/ST/STM32CubeIDE_1.13.1/STM32CubeIDE/plugins/com.st.stm32cube.ide.mcu.externaltools.gnu-tools-for-stm32.11.3.rel1.win32_1.1.100.202309141235/tools/bin/../lib/gcc/arm-none-eabi/11.3.1/../../../../arm-none-eabi/lib/thumb/v7e-m/nofp\libc_nano.a
END GROUP
START GROUP
LOAD E:/ST/STM32CubeIDE_1.13.1/STM32CubeIDE/plugins/com.st.stm32cube.ide.mcu.externaltools.gnu-tools-for-stm32.11.3.rel1.win32_1.1.100.202309141235/tools/bin/../lib/gcc/arm-none-eabi/11.3.1/thumb/v7e-m/nofp\libgcc.a
LOAD E:/ST/STM32CubeIDE_1.13.1/STM32CubeIDE/plugins/com.st.stm32cube.ide.mcu.externaltools.gnu-tools-for-stm32.11.3.rel1.win32_1.1.100.202309141235/tools/bin/../lib/gcc/arm-none-eabi/11.3.1/../../../../arm-none-eabi/lib/thumb/v7e-m/nofp\libc_nano.a
LOAD E:/ST/STM32CubeIDE_1.13.1/STM32CubeIDE/plugins/com.st.stm32cube.ide.mcu.externaltools.gnu-tools-for-stm32.11.3.rel1.win32_1.1.100.202309141235/tools/bin/../lib/gcc/arm-none-eabi/11.3.1/../../../../arm-none-eabi/lib/thumb/v7e-m/nofp\libnosys.a
END GROUP
START GROUP
LOAD E:/ST/STM32CubeIDE_1.13.1/STM32CubeIDE/plugins/com.st.stm32cube.ide.mcu.externaltools.gnu-tools-for-stm32.11.3.rel1.win32_1.1.100.202309141235/tools/bin/../lib/gcc/arm-none-eabi/11.3.1/thumb/v7e-m/nofp\libgcc.a
LOAD E:/ST/STM32CubeIDE_1.13.1/STM32CubeIDE/plugins/com.st.stm32cube.ide.mcu.externaltools.gnu-tools-for-stm32.11.3.rel1.win32_1.1.100.202309141235/tools/bin/../lib/gcc/arm-none-eabi/11.3.1/../../../../arm-none-eabi/lib/thumb/v7e-m/nofp\libc_nano.a
LOAD E:/ST/STM32CubeIDE_1.13.1/STM32CubeIDE/plugins/com.st.stm32cube.ide.mcu.externaltools.gnu-tools-for-stm32.11.3.rel1.win32_1.1.100.202309141235/tools/bin/../lib/gcc/arm-none-eabi/11.3.1/../../../../arm-none-eabi/lib/thumb/v7e-m/nofp\libnosys.a
END GROUP
LOAD E:/ST/STM32CubeIDE_1.13.1/STM32CubeIDE/plugins/com.st.stm32cube.ide.mcu.externaltools.gnu-tools-for-stm32.11.3.rel1.win32_1.1.100.202309141235/tools/bin/../lib/gcc/arm-none-eabi/11.3.1/thumb/v7e-m/nofp/crtend.o
LOAD E:/ST/STM32CubeIDE_1.13.1/STM32CubeIDE/plugins/com.st.stm32cube.ide.mcu.externaltools.gnu-tools-for-stm32.11.3.rel1.win32_1.1.100.202309141235/tools/bin/../lib/gcc/arm-none-eabi/11.3.1/thumb/v7e-m/nofp/crtn.o
                0x0000000020010000                _estack = (ORIGIN (RAM) + LENGTH (RAM))
                0x0000000000000000                _Min_Heap_Size = 0x0
                0x0000000000000800                _Min_Stack_Size = 0x800

.isr_vector     0x0000000008000000      0x138
                0x0000000008000000                . = ALIGN (0x4)
 *(.isr_vector)
 .isr_vector    0x0000000008000000      0x138 ./Core/Startup/startup_stm32wle5ccux.o
                0x0000000008000000                g_pfnVectors
                0x0000000008000138                . = ALIGN (0x4)

.text           0x0000000008000140     0xdeb8
                0x0000000008000140                . = ALIGN (0x4)
 *(.text)
 .text          0x0000000008000140       0x40 E:/ST/STM32CubeIDE_1.13.1/STM32CubeIDE/plugins/com.st.stm32cube.ide.mcu.externaltools.gnu-tools-for-stm32.11.3.rel1.win32_1.1.100.202309141235/tools/bin/../lib/gcc/arm-none-eabi/11.3.1/thumb/v7e-m/nofp/crtbegin.o
 .text          0x0000000008000180       0x10 E:/ST/STM32CubeIDE_1.13.1/STM32CubeIDE/plugins/com.st.stm32cube.ide.mcu.externaltools.gnu-tools-for-stm32.11.3.rel1.win32_1.1.100.202309141235/tools/bin/../lib/gcc/arm-none-eabi/11.3.1/../../../../arm-none-eabi/lib/thumb/v7e-m/nofp\libc_nano.a(libc_a-strlen.o)
                0x0000000008000180                strlen
 .text          0x0000000008000190       0xa0 E:/ST/STM32CubeIDE_1.13.1/STM32CubeIDE/plugins/com.st.stm32cube.ide.mcu.externaltools.gnu-tools-for-stm32.11.3.rel1.win32_1.1.100.202309141235/tools/bin/../lib/gcc/arm-none-eabi/11.3.1/../../../../arm-none-eabi/lib/thumb/v7e-m/nofp\libc_nano.a(libc_a-memchr.o)
                0x0000000008000190                memchr
 .text          0x0000000008000230       0x30 E:/ST/STM32CubeIDE_1.13.1/STM32CubeIDE/plugins/com.st.stm32cube.ide.mcu.externaltools.gnu-tools-for-stm32.11.3.rel1.win32_1.1.100.202309141235/tools/bin/../lib/gcc/arm-none-eabi/11.3.1/thumb/v7e-m/nofp\libgcc.a(_aeabi_uldivmod.o)
                0x0000000008000230                __aeabi_uldivmod
 .text          0x0000000008000260      0x2c8 E:/ST/STM32CubeIDE_1.13.1/STM32CubeIDE/plugins/com.st.stm32cube.ide.mcu.externaltools.gnu-tools-for-stm32.11.3.rel1.win32_1.1.100.202309141235/tools/bin/../lib/gcc/arm-none-eabi/11.3.1/thumb/v7e-m/nofp\libgcc.a(_udivmoddi4.o)
                0x0000000008000260                __udivmoddi4
 .text          0x0000000008000528        0x4 E:/ST/STM32CubeIDE_1.13.1/STM32CubeIDE/plugins/com.st.stm32cube.ide.mcu.externaltools.gnu-tools-for-stm32.11.3.rel1.win32_1.1.100.202309141235/tools/bin/../lib/gcc/arm-none-eabi/11.3.1/thumb/v7e-m/nofp\libgcc.a(_dvmd_tls.o)
                0x0000000008000528                __aeabi_idiv0
                0x0000000008000528                __aeabi_ldiv0
 *(.text*)
 .text.LL_AHB2_GRP1_EnableClock
                0x000000000800052c       0x30 ./Core/Src/adc.o
 .text.LL_APB2_GRP1_EnableClock
                0x000000000800055c       0x30 ./Core/Src/adc.o
 .text.MX_ADC_Init
                0x000000000800058c       0x9c ./Core/Src/adc.o
                0x000000000800058c                MX_ADC_Init
 .text.HAL_ADC_MspInit
                0x0000000008000628       0x58 ./Core/Src/adc.o
                0x0000000008000628                HAL_ADC_MspInit
 .text.LL_AHB1_GRP1_EnableClock
                0x0000000008000680       0x30 ./Core/Src/dma.o
 .text.MX_DMA_Init
                0x00000000080006b0       0x24 ./Core/Src/dma.o
                0x00000000080006b0                MX_DMA_Init
 .text.LL_AHB2_GRP1_EnableClock
                0x00000000080006d4       0x30 ./Core/Src/gpio.o
 .text.MX_GPIO_Init
                0x0000000008000704       0xe4 ./Core/Src/gpio.o
                0x0000000008000704                MX_GPIO_Init
 .text.LL_RCC_LSE_SetDriveCapability
                0x00000000080007e8       0x2a ./Core/Src/main.o
 *fill*         0x0000000008000812        0x2 
 .text.main     0x0000000008000814       0x3c ./Core/Src/main.o
                0x0000000008000814                main
 .text.SystemClock_Config
                0x0000000008000850       0xb4 ./Core/Src/main.o
                0x0000000008000850                SystemClock_Config
 .text.Error_Handler
                0x0000000008000904        0xa ./Core/Src/main.o
                0x0000000008000904                Error_Handler
 .text.LL_RCC_EnableRTC
                0x000000000800090e       0x20 ./Core/Src/rtc.o
 .text.LL_APB1_GRP1_EnableClock
                0x000000000800092e       0x30 ./Core/Src/rtc.o
 *fill*         0x000000000800095e        0x2 
 .text.MX_RTC_Init
                0x0000000008000960       0x7c ./Core/Src/rtc.o
                0x0000000008000960                MX_RTC_Init
 .text.HAL_RTC_MspInit
                0x00000000080009dc       0x78 ./Core/Src/rtc.o
                0x00000000080009dc                HAL_RTC_MspInit
 .text.LL_PWR_ClearFlag_C1STOP_C1STB
                0x0000000008000a54       0x18 ./Core/Src/stm32_lpm_if.o
 .text.PWR_EnterOffMode
                0x0000000008000a6c        0xc ./Core/Src/stm32_lpm_if.o
                0x0000000008000a6c                PWR_EnterOffMode
 .text.PWR_ExitOffMode
                0x0000000008000a78        0xc ./Core/Src/stm32_lpm_if.o
                0x0000000008000a78                PWR_ExitOffMode
 .text.PWR_EnterStopMode
                0x0000000008000a84       0x16 ./Core/Src/stm32_lpm_if.o
                0x0000000008000a84                PWR_EnterStopMode
 .text.PWR_ExitStopMode
                0x0000000008000a9a       0x10 ./Core/Src/stm32_lpm_if.o
                0x0000000008000a9a                PWR_ExitStopMode
 .text.PWR_EnterSleepMode
                0x0000000008000aaa       0x14 ./Core/Src/stm32_lpm_if.o
                0x0000000008000aaa                PWR_EnterSleepMode
 .text.PWR_ExitSleepMode
                0x0000000008000abe        0xc ./Core/Src/stm32_lpm_if.o
                0x0000000008000abe                PWR_ExitSleepMode
 .text.HAL_MspInit
                0x0000000008000aca        0xc ./Core/Src/stm32wlxx_hal_msp.o
                0x0000000008000aca                HAL_MspInit
 .text.NMI_Handler
                0x0000000008000ad6        0x6 ./Core/Src/stm32wlxx_it.o
                0x0000000008000ad6                NMI_Handler
 .text.HardFault_Handler
                0x0000000008000adc        0x6 ./Core/Src/stm32wlxx_it.o
                0x0000000008000adc                HardFault_Handler
 .text.MemManage_Handler
                0x0000000008000ae2        0x6 ./Core/Src/stm32wlxx_it.o
                0x0000000008000ae2                MemManage_Handler
 .text.BusFault_Handler
                0x0000000008000ae8        0x6 ./Core/Src/stm32wlxx_it.o
                0x0000000008000ae8                BusFault_Handler
 .text.UsageFault_Handler
                0x0000000008000aee        0x6 ./Core/Src/stm32wlxx_it.o
                0x0000000008000aee                UsageFault_Handler
 .text.SVC_Handler
                0x0000000008000af4        0xc ./Core/Src/stm32wlxx_it.o
                0x0000000008000af4                SVC_Handler
 .text.DebugMon_Handler
                0x0000000008000b00        0xc ./Core/Src/stm32wlxx_it.o
                0x0000000008000b00                DebugMon_Handler
 .text.PendSV_Handler
                0x0000000008000b0c        0xc ./Core/Src/stm32wlxx_it.o
                0x0000000008000b0c                PendSV_Handler
 .text.SysTick_Handler
                0x0000000008000b18        0xc ./Core/Src/stm32wlxx_it.o
                0x0000000008000b18                SysTick_Handler
 .text.TAMP_STAMP_LSECSS_SSRU_IRQHandler
                0x0000000008000b24       0x14 ./Core/Src/stm32wlxx_it.o
                0x0000000008000b24                TAMP_STAMP_LSECSS_SSRU_IRQHandler
 .text.RTC_WKUP_IRQHandler
                0x0000000008000b38       0x14 ./Core/Src/stm32wlxx_it.o
                0x0000000008000b38                RTC_WKUP_IRQHandler
 .text.DMA1_Channel1_IRQHandler
                0x0000000008000b4c       0x14 ./Core/Src/stm32wlxx_it.o
                0x0000000008000b4c                DMA1_Channel1_IRQHandler
 .text.USART1_IRQHandler
                0x0000000008000b60       0x14 ./Core/Src/stm32wlxx_it.o
                0x0000000008000b60                USART1_IRQHandler
 .text.LPUART1_IRQHandler
                0x0000000008000b74       0x14 ./Core/Src/stm32wlxx_it.o
                0x0000000008000b74                LPUART1_IRQHandler
 .text.SUBGHZ_Radio_IRQHandler
                0x0000000008000b88       0x14 ./Core/Src/stm32wlxx_it.o
                0x0000000008000b88                SUBGHZ_Radio_IRQHandler
 .text.LL_APB3_GRP1_EnableClock
                0x0000000008000b9c       0x30 ./Core/Src/subghz.o
 .text.MX_SUBGHZ_Init
                0x0000000008000bcc       0x24 ./Core/Src/subghz.o
                0x0000000008000bcc                MX_SUBGHZ_Init
 .text.HAL_SUBGHZ_MspInit
                0x0000000008000bf0       0x26 ./Core/Src/subghz.o
                0x0000000008000bf0                HAL_SUBGHZ_MspInit
 .text.LL_RCC_SetClkAfterWakeFromStop
                0x0000000008000c16       0x26 ./Core/Src/sys_app.o
 .text.SystemApp_Init
                0x0000000008000c3c       0x48 ./Core/Src/sys_app.o
                0x0000000008000c3c                SystemApp_Init
 .text.UTIL_SEQ_Idle
                0x0000000008000c84        0xc ./Core/Src/sys_app.o
                0x0000000008000c84                UTIL_SEQ_Idle
 .text.TimestampNow
                0x0000000008000c90       0x40 ./Core/Src/sys_app.o
 .text.UTIL_ADV_TRACE_PreSendHook
                0x0000000008000cd0       0x10 ./Core/Src/sys_app.o
                0x0000000008000cd0                UTIL_ADV_TRACE_PreSendHook
 .text.UTIL_ADV_TRACE_PostSendHook
                0x0000000008000ce0       0x10 ./Core/Src/sys_app.o
                0x0000000008000ce0                UTIL_ADV_TRACE_PostSendHook
 .text.tiny_snprintf_like
                0x0000000008000cf0       0x2c ./Core/Src/sys_app.o
 .text.HAL_GetTick
                0x0000000008000d1c       0x28 ./Core/Src/sys_app.o
                0x0000000008000d1c                HAL_GetTick
 .text.HAL_Delay
                0x0000000008000d44       0x18 ./Core/Src/sys_app.o
                0x0000000008000d44                HAL_Delay
 .text.LL_EXTI_EnableIT_32_63
                0x0000000008000d5c       0x28 ./Core/Src/sys_debug.o
 .text.DBG_Init
                0x0000000008000d84       0x1c ./Core/Src/sys_debug.o
                0x0000000008000d84                DBG_Init
 .text._getpid  0x0000000008000da0        0xe ./Core/Src/syscalls.o
                0x0000000008000da0                _getpid
 .text._kill    0x0000000008000dae       0x20 ./Core/Src/syscalls.o
                0x0000000008000dae                _kill
 .text._exit    0x0000000008000dce       0x14 ./Core/Src/syscalls.o
                0x0000000008000dce                _exit
 .text._read    0x0000000008000de2       0x3a ./Core/Src/syscalls.o
                0x0000000008000de2                _read
 .text._write   0x0000000008000e1c       0x38 ./Core/Src/syscalls.o
                0x0000000008000e1c                _write
 .text._close   0x0000000008000e54       0x16 ./Core/Src/syscalls.o
                0x0000000008000e54                _close
 .text._fstat   0x0000000008000e6a       0x1e ./Core/Src/syscalls.o
                0x0000000008000e6a                _fstat
 .text._isatty  0x0000000008000e88       0x14 ./Core/Src/syscalls.o
                0x0000000008000e88                _isatty
 .text._lseek   0x0000000008000e9c       0x18 ./Core/Src/syscalls.o
                0x0000000008000e9c                _lseek
 .text._sbrk    0x0000000008000eb4       0x6c ./Core/Src/sysmem.o
                0x0000000008000eb4                _sbrk
 .text.SystemInit
                0x0000000008000f20        0xc ./Core/Src/system_stm32wlxx.o
                0x0000000008000f20                SystemInit
 .text.LL_RTC_TIME_GetSubSecond
                0x0000000008000f2c       0x16 ./Core/Src/timer_if.o
 *fill*         0x0000000008000f42        0x2 
 .text.TIMER_IF_Init
                0x0000000008000f44       0x64 ./Core/Src/timer_if.o
                0x0000000008000f44                TIMER_IF_Init
 .text.TIMER_IF_StartTimer
                0x0000000008000fa8       0x70 ./Core/Src/timer_if.o
                0x0000000008000fa8                TIMER_IF_StartTimer
 .text.TIMER_IF_StopTimer
                0x0000000008001018       0x34 ./Core/Src/timer_if.o
                0x0000000008001018                TIMER_IF_StopTimer
 .text.TIMER_IF_SetTimerContext
                0x000000000800104c       0x1c ./Core/Src/timer_if.o
                0x000000000800104c                TIMER_IF_SetTimerContext
 .text.TIMER_IF_GetTimerContext
                0x0000000008001068       0x14 ./Core/Src/timer_if.o
                0x0000000008001068                TIMER_IF_GetTimerContext
 .text.TIMER_IF_GetTimerElapsedTime
                0x000000000800107c       0x28 ./Core/Src/timer_if.o
                0x000000000800107c                TIMER_IF_GetTimerElapsedTime
 .text.TIMER_IF_GetTimerValue
                0x00000000080010a4       0x28 ./Core/Src/timer_if.o
                0x00000000080010a4                TIMER_IF_GetTimerValue
 .text.TIMER_IF_GetMinimumTimeout
                0x00000000080010cc       0x1a ./Core/Src/timer_if.o
                0x00000000080010cc                TIMER_IF_GetMinimumTimeout
 .text.TIMER_IF_Convert_ms2Tick
                0x00000000080010e6       0x3a ./Core/Src/timer_if.o
                0x00000000080010e6                TIMER_IF_Convert_ms2Tick
 .text.TIMER_IF_Convert_Tick2ms
                0x0000000008001120       0x92 ./Core/Src/timer_if.o
                0x0000000008001120                TIMER_IF_Convert_Tick2ms
 .text.TIMER_IF_DelayMs
                0x00000000080011b2       0x34 ./Core/Src/timer_if.o
                0x00000000080011b2                TIMER_IF_DelayMs
 .text.HAL_RTCEx_SSRUEventCallback
                0x00000000080011e6       0x20 ./Core/Src/timer_if.o
                0x00000000080011e6                HAL_RTCEx_SSRUEventCallback
 .text.TIMER_IF_GetTime
                0x0000000008001206       0x8e ./Core/Src/timer_if.o
                0x0000000008001206                TIMER_IF_GetTime
 .text.TIMER_IF_BkUp_Write_Seconds
                0x0000000008001294       0x20 ./Core/Src/timer_if.o
                0x0000000008001294                TIMER_IF_BkUp_Write_Seconds
 .text.TIMER_IF_BkUp_Write_SubSeconds
                0x00000000080012b4       0x20 ./Core/Src/timer_if.o
                0x00000000080012b4                TIMER_IF_BkUp_Write_SubSeconds
 .text.TIMER_IF_BkUp_Read_Seconds
                0x00000000080012d4       0x24 ./Core/Src/timer_if.o
                0x00000000080012d4                TIMER_IF_BkUp_Read_Seconds
 .text.TIMER_IF_BkUp_Read_SubSeconds
                0x00000000080012f8       0x24 ./Core/Src/timer_if.o
                0x00000000080012f8                TIMER_IF_BkUp_Read_SubSeconds
 .text.TIMER_IF_BkUp_Write_MSBticks
                0x000000000800131c       0x20 ./Core/Src/timer_if.o
 .text.TIMER_IF_BkUp_Read_MSBticks
                0x000000000800133c       0x20 ./Core/Src/timer_if.o
 .text.GetTimerTicks
                0x000000000800135c       0x38 ./Core/Src/timer_if.o
 .text.LL_AHB2_GRP1_EnableClock
                0x0000000008001394       0x30 ./Core/Src/usart.o
 .text.LL_APB1_GRP2_EnableClock
                0x00000000080013c4       0x30 ./Core/Src/usart.o
 .text.LL_APB1_GRP2_DisableClock
                0x00000000080013f4       0x24 ./Core/Src/usart.o
 .text.LL_APB2_GRP1_EnableClock
                0x0000000008001418       0x30 ./Core/Src/usart.o
 .text.LL_APB2_GRP1_DisableClock
                0x0000000008001448       0x24 ./Core/Src/usart.o
 .text.MX_LPUART1_UART_Init
                0x000000000800146c       0xa8 ./Core/Src/usart.o
                0x000000000800146c                MX_LPUART1_UART_Init
 .text.MX_USART1_UART_Init
                0x0000000008001514       0x98 ./Core/Src/usart.o
                0x0000000008001514                MX_USART1_UART_Init
 .text.HAL_UART_MspInit
                0x00000000080015ac      0x164 ./Core/Src/usart.o
                0x00000000080015ac                HAL_UART_MspInit
 .text.HAL_UART_MspDeInit
                0x0000000008001710       0x68 ./Core/Src/usart.o
                0x0000000008001710                HAL_UART_MspDeInit
 .text.MX_USART1_GPS_Sleep
                0x0000000008001778       0x48 ./Core/Src/usart.o
                0x0000000008001778                MX_USART1_GPS_Sleep
 .text.MX_USART1_GPS_WakeUp
                0x00000000080017c0       0x14 ./Core/Src/usart.o
                0x00000000080017c0                MX_USART1_GPS_WakeUp
 .text.MX_USART1_GPS_GetNMEA
                0x00000000080017d4       0x68 ./Core/Src/usart.o
                0x00000000080017d4                MX_USART1_GPS_GetNMEA
 .text.LL_APB2_GRP1_ForceReset
                0x000000000800183c       0x22 ./Core/Src/usart_if.o
 .text.LL_APB2_GRP1_ReleaseReset
                0x000000000800185e       0x24 ./Core/Src/usart_if.o
 *fill*         0x0000000008001882        0x2 
 .text.LL_EXTI_EnableIT_0_31
                0x0000000008001884       0x28 ./Core/Src/usart_if.o
 .text.vcom_Init
                0x00000000080018ac       0x2c ./Core/Src/usart_if.o
                0x00000000080018ac                vcom_Init
 .text.vcom_DeInit
                0x00000000080018d8       0x2c ./Core/Src/usart_if.o
                0x00000000080018d8                vcom_DeInit
 .text.vcom_Trace_DMA
                0x0000000008001904       0x28 ./Core/Src/usart_if.o
                0x0000000008001904                vcom_Trace_DMA
 .text.vcom_ReceiveInit
                0x000000000800192c       0x7c ./Core/Src/usart_if.o
                0x000000000800192c                vcom_ReceiveInit
 .text.vcom_Resume
                0x00000000080019a8       0x30 ./Core/Src/usart_if.o
                0x00000000080019a8                vcom_Resume
 .text.HAL_UART_TxCpltCallback
                0x00000000080019d8       0x2c ./Core/Src/usart_if.o
                0x00000000080019d8                HAL_UART_TxCpltCallback
 .text.HAL_UART_RxCpltCallback
                0x0000000008001a04       0x50 ./Core/Src/usart_if.o
                0x0000000008001a04                HAL_UART_RxCpltCallback
 .text.Reset_Handler
                0x0000000008001a54       0x50 ./Core/Startup/startup_stm32wle5ccux.o
                0x0000000008001a54                Reset_Handler
 .text.Default_Handler
                0x0000000008001aa4        0x2 ./Core/Startup/startup_stm32wle5ccux.o
                0x0000000008001aa4                RTC_Alarm_IRQHandler
                0x0000000008001aa4                EXTI2_IRQHandler
                0x0000000008001aa4                TIM1_CC_IRQHandler
                0x0000000008001aa4                EXTI3_IRQHandler
                0x0000000008001aa4                LPTIM2_IRQHandler
                0x0000000008001aa4                I2C3_ER_IRQHandler
                0x0000000008001aa4                LPTIM3_IRQHandler
                0x0000000008001aa4                EXTI0_IRQHandler
                0x0000000008001aa4                I2C2_EV_IRQHandler
                0x0000000008001aa4                SPI1_IRQHandler
                0x0000000008001aa4                DMA2_Channel2_IRQHandler
                0x0000000008001aa4                DMA1_Channel4_IRQHandler
                0x0000000008001aa4                PKA_IRQHandler
                0x0000000008001aa4                TIM17_IRQHandler
                0x0000000008001aa4                DMA1_Channel7_IRQHandler
                0x0000000008001aa4                SUBGHZSPI_IRQHandler
                0x0000000008001aa4                DMA2_Channel1_IRQHandler
                0x0000000008001aa4                I2C1_EV_IRQHandler
                0x0000000008001aa4                DMAMUX1_OVR_IRQHandler
                0x0000000008001aa4                DMA1_Channel6_IRQHandler
                0x0000000008001aa4                TIM16_IRQHandler
                0x0000000008001aa4                DMA2_Channel4_IRQHandler
                0x0000000008001aa4                RCC_IRQHandler
                0x0000000008001aa4                TIM1_TRG_COM_IRQHandler
                0x0000000008001aa4                Default_Handler
                0x0000000008001aa4                DMA2_Channel7_IRQHandler
                0x0000000008001aa4                EXTI15_10_IRQHandler
                0x0000000008001aa4                ADC_IRQHandler
                0x0000000008001aa4                I2C3_EV_IRQHandler
                0x0000000008001aa4                EXTI9_5_IRQHandler
                0x0000000008001aa4                PVD_PVM_IRQHandler
                0x0000000008001aa4                SPI2_IRQHandler
                0x0000000008001aa4                DMA2_Channel5_IRQHandler
                0x0000000008001aa4                DMA1_Channel5_IRQHandler
                0x0000000008001aa4                EXTI4_IRQHandler
                0x0000000008001aa4                RNG_IRQHandler
                0x0000000008001aa4                DMA1_Channel3_IRQHandler
                0x0000000008001aa4                COMP_IRQHandler
                0x0000000008001aa4                HSEM_IRQHandler
                0x0000000008001aa4                TIM1_UP_IRQHandler
                0x0000000008001aa4                WWDG_IRQHandler
                0x0000000008001aa4                DMA2_Channel6_IRQHandler
                0x0000000008001aa4                TIM2_IRQHandler
                0x0000000008001aa4                TIM1_BRK_IRQHandler
                0x0000000008001aa4                DAC_IRQHandler
                0x0000000008001aa4                EXTI1_IRQHandler
                0x0000000008001aa4                AES_IRQHandler
                0x0000000008001aa4                USART2_IRQHandler
                0x0000000008001aa4                I2C2_ER_IRQHandler
                0x0000000008001aa4                DMA1_Channel2_IRQHandler
                0x0000000008001aa4                FLASH_IRQHandler
                0x0000000008001aa4                I2C1_ER_IRQHandler
                0x0000000008001aa4                LPTIM1_IRQHandler
                0x0000000008001aa4                DMA2_Channel3_IRQHandler
 .text.LL_AHB2_GRP1_EnableClock
                0x0000000008001aa6       0x30 ./Drivers/BSP/LoRa-GPS-Tracker/stm32wlxx_nucleo_radio.o
 *fill*         0x0000000008001ad6        0x2 
 .text.BSP_RADIO_Init
                0x0000000008001ad8       0x7c ./Drivers/BSP/LoRa-GPS-Tracker/stm32wlxx_nucleo_radio.o
                0x0000000008001ad8                BSP_RADIO_Init
 .text.BSP_RADIO_ConfigRFSwitch
                0x0000000008001b54       0xb8 ./Drivers/BSP/LoRa-GPS-Tracker/stm32wlxx_nucleo_radio.o
                0x0000000008001b54                BSP_RADIO_ConfigRFSwitch
 .text.BSP_RADIO_GetTxConfig
                0x0000000008001c0c        0xe ./Drivers/BSP/LoRa-GPS-Tracker/stm32wlxx_nucleo_radio.o
                0x0000000008001c0c                BSP_RADIO_GetTxConfig
 .text.BSP_RADIO_IsTCXO
                0x0000000008001c1a        0xe ./Drivers/BSP/LoRa-GPS-Tracker/stm32wlxx_nucleo_radio.o
                0x0000000008001c1a                BSP_RADIO_IsTCXO
 .text.BSP_RADIO_IsDCDC
                0x0000000008001c28        0xe ./Drivers/BSP/LoRa-GPS-Tracker/stm32wlxx_nucleo_radio.o
                0x0000000008001c28                BSP_RADIO_IsDCDC
 .text.BSP_RADIO_GetRFOMaxPowerConfig
                0x0000000008001c36       0x26 ./Drivers/BSP/LoRa-GPS-Tracker/stm32wlxx_nucleo_radio.o
                0x0000000008001c36                BSP_RADIO_GetRFOMaxPowerConfig
 .text.LL_DBGMCU_EnableDBGSleepMode
                0x0000000008001c5c       0x1c ./Drivers/STM32WLxx_HAL_Driver/Src/stm32wlxx_hal.o
 .text.LL_DBGMCU_EnableDBGStopMode
                0x0000000008001c78       0x1c ./Drivers/STM32WLxx_HAL_Driver/Src/stm32wlxx_hal.o
 .text.LL_DBGMCU_EnableDBGStandbyMode
                0x0000000008001c94       0x1c ./Drivers/STM32WLxx_HAL_Driver/Src/stm32wlxx_hal.o
 .text.HAL_Init
                0x0000000008001cb0       0x40 ./Drivers/STM32WLxx_HAL_Driver/Src/stm32wlxx_hal.o
                0x0000000008001cb0                HAL_Init
 .text.HAL_InitTick
                0x0000000008001cf0       0x74 ./Drivers/STM32WLxx_HAL_Driver/Src/stm32wlxx_hal.o
                0x0000000008001cf0                HAL_InitTick
 .text.HAL_IncTick
                0x0000000008001d64       0x24 ./Drivers/STM32WLxx_HAL_Driver/Src/stm32wlxx_hal.o
                0x0000000008001d64                HAL_IncTick
 .text.HAL_SuspendTick
                0x0000000008001d88       0x1c ./Drivers/STM32WLxx_HAL_Driver/Src/stm32wlxx_hal.o
                0x0000000008001d88                HAL_SuspendTick
 .text.HAL_ResumeTick
                0x0000000008001da4       0x1c ./Drivers/STM32WLxx_HAL_Driver/Src/stm32wlxx_hal.o
                0x0000000008001da4                HAL_ResumeTick
 .text.HAL_DBGMCU_EnableDBGSleepMode
                0x0000000008001dc0        0xc ./Drivers/STM32WLxx_HAL_Driver/Src/stm32wlxx_hal.o
                0x0000000008001dc0                HAL_DBGMCU_EnableDBGSleepMode
 .text.HAL_DBGMCU_EnableDBGStopMode
                0x0000000008001dcc        0xc ./Drivers/STM32WLxx_HAL_Driver/Src/stm32wlxx_hal.o
                0x0000000008001dcc                HAL_DBGMCU_EnableDBGStopMode
 .text.HAL_DBGMCU_EnableDBGStandbyMode
                0x0000000008001dd8        0xc ./Drivers/STM32WLxx_HAL_Driver/Src/stm32wlxx_hal.o
                0x0000000008001dd8                HAL_DBGMCU_EnableDBGStandbyMode
 .text.LL_ADC_SetSamplingTimeCommonChannels
                0x0000000008001de4       0x3c ./Drivers/STM32WLxx_HAL_Driver/Src/stm32wlxx_hal_adc.o
 .text.LL_ADC_GetSamplingTimeCommonChannels
                0x0000000008001e20       0x30 ./Drivers/STM32WLxx_HAL_Driver/Src/stm32wlxx_hal_adc.o
 .text.LL_ADC_EnableInternalRegulator
                0x0000000008001e50       0x26 ./Drivers/STM32WLxx_HAL_Driver/Src/stm32wlxx_hal_adc.o
 .text.LL_ADC_IsInternalRegulatorEnabled
                0x0000000008001e76       0x26 ./Drivers/STM32WLxx_HAL_Driver/Src/stm32wlxx_hal_adc.o
 .text.LL_ADC_IsEnabled
                0x0000000008001e9c       0x24 ./Drivers/STM32WLxx_HAL_Driver/Src/stm32wlxx_hal_adc.o
 .text.LL_ADC_REG_IsConversionOngoing
                0x0000000008001ec0       0x24 ./Drivers/STM32WLxx_HAL_Driver/Src/stm32wlxx_hal_adc.o
 .text.HAL_ADC_Init
                0x0000000008001ee4      0x328 ./Drivers/STM32WLxx_HAL_Driver/Src/stm32wlxx_hal_adc.o
                0x0000000008001ee4                HAL_ADC_Init
 .text.__NVIC_SetPriorityGrouping
                0x000000000800220c       0x48 ./Drivers/STM32WLxx_HAL_Driver/Src/stm32wlxx_hal_cortex.o
 .text.__NVIC_GetPriorityGrouping
                0x0000000008002254       0x1c ./Drivers/STM32WLxx_HAL_Driver/Src/stm32wlxx_hal_cortex.o
 .text.__NVIC_EnableIRQ
                0x0000000008002270       0x38 ./Drivers/STM32WLxx_HAL_Driver/Src/stm32wlxx_hal_cortex.o
 .text.__NVIC_DisableIRQ
                0x00000000080022a8       0x48 ./Drivers/STM32WLxx_HAL_Driver/Src/stm32wlxx_hal_cortex.o
 .text.__NVIC_SetPriority
                0x00000000080022f0       0x54 ./Drivers/STM32WLxx_HAL_Driver/Src/stm32wlxx_hal_cortex.o
 .text.NVIC_EncodePriority
                0x0000000008002344       0x64 ./Drivers/STM32WLxx_HAL_Driver/Src/stm32wlxx_hal_cortex.o
 .text.SysTick_Config
                0x00000000080023a8       0x44 ./Drivers/STM32WLxx_HAL_Driver/Src/stm32wlxx_hal_cortex.o
 .text.HAL_NVIC_SetPriorityGrouping
                0x00000000080023ec       0x16 ./Drivers/STM32WLxx_HAL_Driver/Src/stm32wlxx_hal_cortex.o
                0x00000000080023ec                HAL_NVIC_SetPriorityGrouping
 .text.HAL_NVIC_SetPriority
                0x0000000008002402       0x34 ./Drivers/STM32WLxx_HAL_Driver/Src/stm32wlxx_hal_cortex.o
                0x0000000008002402                HAL_NVIC_SetPriority
 .text.HAL_NVIC_EnableIRQ
                0x0000000008002436       0x1c ./Drivers/STM32WLxx_HAL_Driver/Src/stm32wlxx_hal_cortex.o
                0x0000000008002436                HAL_NVIC_EnableIRQ
 .text.HAL_NVIC_DisableIRQ
                0x0000000008002452       0x1c ./Drivers/STM32WLxx_HAL_Driver/Src/stm32wlxx_hal_cortex.o
                0x0000000008002452                HAL_NVIC_DisableIRQ
 .text.HAL_SYSTICK_Config
                0x000000000800246e       0x18 ./Drivers/STM32WLxx_HAL_Driver/Src/stm32wlxx_hal_cortex.o
                0x000000000800246e                HAL_SYSTICK_Config
 *fill*         0x0000000008002486        0x2 
 .text.HAL_DMA_Init
                0x0000000008002488      0x150 ./Drivers/STM32WLxx_HAL_Driver/Src/stm32wlxx_hal_dma.o
                0x0000000008002488                HAL_DMA_Init
 .text.HAL_DMA_DeInit
                0x00000000080025d8      0x12c ./Drivers/STM32WLxx_HAL_Driver/Src/stm32wlxx_hal_dma.o
                0x00000000080025d8                HAL_DMA_DeInit
 .text.HAL_DMA_Start_IT
                0x0000000008002704       0xfc ./Drivers/STM32WLxx_HAL_Driver/Src/stm32wlxx_hal_dma.o
                0x0000000008002704                HAL_DMA_Start_IT
 .text.HAL_DMA_Abort
                0x0000000008002800       0xbc ./Drivers/STM32WLxx_HAL_Driver/Src/stm32wlxx_hal_dma.o
                0x0000000008002800                HAL_DMA_Abort
 .text.HAL_DMA_Abort_IT
                0x00000000080028bc       0xbe ./Drivers/STM32WLxx_HAL_Driver/Src/stm32wlxx_hal_dma.o
                0x00000000080028bc                HAL_DMA_Abort_IT
 *fill*         0x000000000800297a        0x2 
 .text.HAL_DMA_IRQHandler
                0x000000000800297c      0x18c ./Drivers/STM32WLxx_HAL_Driver/Src/stm32wlxx_hal_dma.o
                0x000000000800297c                HAL_DMA_IRQHandler
 .text.DMA_SetConfig
                0x0000000008002b08       0x7a ./Drivers/STM32WLxx_HAL_Driver/Src/stm32wlxx_hal_dma.o
 *fill*         0x0000000008002b82        0x2 
 .text.DMA_CalcDMAMUXChannelBaseAndMask
                0x0000000008002b84       0x90 ./Drivers/STM32WLxx_HAL_Driver/Src/stm32wlxx_hal_dma.o
 .text.DMA_CalcDMAMUXRequestGenBaseAndMask
                0x0000000008002c14       0x48 ./Drivers/STM32WLxx_HAL_Driver/Src/stm32wlxx_hal_dma.o
 .text.HAL_GPIO_Init
                0x0000000008002c5c      0x2c0 ./Drivers/STM32WLxx_HAL_Driver/Src/stm32wlxx_hal_gpio.o
                0x0000000008002c5c                HAL_GPIO_Init
 .text.HAL_GPIO_DeInit
                0x0000000008002f1c      0x19c ./Drivers/STM32WLxx_HAL_Driver/Src/stm32wlxx_hal_gpio.o
                0x0000000008002f1c                HAL_GPIO_DeInit
 .text.HAL_GPIO_WritePin
                0x00000000080030b8       0x2e ./Drivers/STM32WLxx_HAL_Driver/Src/stm32wlxx_hal_gpio.o
                0x00000000080030b8                HAL_GPIO_WritePin
 .text.HAL_GPIO_TogglePin
                0x00000000080030e6       0x32 ./Drivers/STM32WLxx_HAL_Driver/Src/stm32wlxx_hal_gpio.o
                0x00000000080030e6                HAL_GPIO_TogglePin
 .text.HAL_PWR_EnableBkUpAccess
                0x0000000008003118       0x1c ./Drivers/STM32WLxx_HAL_Driver/Src/stm32wlxx_hal_pwr.o
                0x0000000008003118                HAL_PWR_EnableBkUpAccess
 .text.HAL_PWR_EnterSLEEPMode
                0x0000000008003134       0x68 ./Drivers/STM32WLxx_HAL_Driver/Src/stm32wlxx_hal_pwr.o
                0x0000000008003134                HAL_PWR_EnterSLEEPMode
 .text.HAL_PWR_EnterSTOPMode
                0x000000000800319c       0x2e ./Drivers/STM32WLxx_HAL_Driver/Src/stm32wlxx_hal_pwr.o
                0x000000000800319c                HAL_PWR_EnterSTOPMode
 *fill*         0x00000000080031ca        0x2 
 .text.HAL_PWREx_GetVoltageRange
                0x00000000080031cc       0x18 ./Drivers/STM32WLxx_HAL_Driver/Src/stm32wlxx_hal_pwr_ex.o
                0x00000000080031cc                HAL_PWREx_GetVoltageRange
 .text.HAL_PWREx_EnableLowPowerRunMode
                0x00000000080031e4       0x1c ./Drivers/STM32WLxx_HAL_Driver/Src/stm32wlxx_hal_pwr_ex.o
                0x00000000080031e4                HAL_PWREx_EnableLowPowerRunMode
 .text.HAL_PWREx_DisableLowPowerRunMode
                0x0000000008003200       0x6c ./Drivers/STM32WLxx_HAL_Driver/Src/stm32wlxx_hal_pwr_ex.o
                0x0000000008003200                HAL_PWREx_DisableLowPowerRunMode
 .text.HAL_PWREx_EnterSTOP0Mode
                0x000000000800326c       0x50 ./Drivers/STM32WLxx_HAL_Driver/Src/stm32wlxx_hal_pwr_ex.o
                0x000000000800326c                HAL_PWREx_EnterSTOP0Mode
 .text.HAL_PWREx_EnterSTOP1Mode
                0x00000000080032bc       0x54 ./Drivers/STM32WLxx_HAL_Driver/Src/stm32wlxx_hal_pwr_ex.o
                0x00000000080032bc                HAL_PWREx_EnterSTOP1Mode
 .text.HAL_PWREx_EnterSTOP2Mode
                0x0000000008003310       0x54 ./Drivers/STM32WLxx_HAL_Driver/Src/stm32wlxx_hal_pwr_ex.o
                0x0000000008003310                HAL_PWREx_EnterSTOP2Mode
 .text.LL_PWR_IsEnabledBkUpAccess
                0x0000000008003364       0x24 ./Drivers/STM32WLxx_HAL_Driver/Src/stm32wlxx_hal_rcc.o
 .text.LL_RCC_HSE_EnableTcxo
                0x0000000008003388       0x1c ./Drivers/STM32WLxx_HAL_Driver/Src/stm32wlxx_hal_rcc.o
 .text.LL_RCC_HSE_DisableTcxo
                0x00000000080033a4       0x1c ./Drivers/STM32WLxx_HAL_Driver/Src/stm32wlxx_hal_rcc.o
 .text.LL_RCC_HSE_IsEnabledDiv2
                0x00000000080033c0       0x22 ./Drivers/STM32WLxx_HAL_Driver/Src/stm32wlxx_hal_rcc.o
 .text.LL_RCC_HSE_Enable
                0x00000000080033e2       0x1c ./Drivers/STM32WLxx_HAL_Driver/Src/stm32wlxx_hal_rcc.o
 .text.LL_RCC_HSE_Disable
                0x00000000080033fe       0x1c ./Drivers/STM32WLxx_HAL_Driver/Src/stm32wlxx_hal_rcc.o
 .text.LL_RCC_HSE_IsReady
                0x000000000800341a       0x22 ./Drivers/STM32WLxx_HAL_Driver/Src/stm32wlxx_hal_rcc.o
 .text.LL_RCC_HSI_Enable
                0x000000000800343c       0x1c ./Drivers/STM32WLxx_HAL_Driver/Src/stm32wlxx_hal_rcc.o
 .text.LL_RCC_HSI_Disable
                0x0000000008003458       0x1c ./Drivers/STM32WLxx_HAL_Driver/Src/stm32wlxx_hal_rcc.o
 .text.LL_RCC_HSI_IsReady
                0x0000000008003474       0x22 ./Drivers/STM32WLxx_HAL_Driver/Src/stm32wlxx_hal_rcc.o
 .text.LL_RCC_HSI_SetCalibTrimming
                0x0000000008003496       0x28 ./Drivers/STM32WLxx_HAL_Driver/Src/stm32wlxx_hal_rcc.o
 .text.LL_RCC_LSE_IsReady
                0x00000000080034be       0x22 ./Drivers/STM32WLxx_HAL_Driver/Src/stm32wlxx_hal_rcc.o
 .text.LL_RCC_LSI_Enable
                0x00000000080034e0       0x20 ./Drivers/STM32WLxx_HAL_Driver/Src/stm32wlxx_hal_rcc.o
 .text.LL_RCC_LSI_Disable
                0x0000000008003500       0x20 ./Drivers/STM32WLxx_HAL_Driver/Src/stm32wlxx_hal_rcc.o
 .text.LL_RCC_LSI_IsReady
                0x0000000008003520       0x22 ./Drivers/STM32WLxx_HAL_Driver/Src/stm32wlxx_hal_rcc.o
 .text.LL_RCC_MSI_Enable
                0x0000000008003542       0x1c ./Drivers/STM32WLxx_HAL_Driver/Src/stm32wlxx_hal_rcc.o
 .text.LL_RCC_MSI_Disable
                0x000000000800355e       0x1c ./Drivers/STM32WLxx_HAL_Driver/Src/stm32wlxx_hal_rcc.o
 .text.LL_RCC_MSI_IsReady
                0x000000000800357a       0x20 ./Drivers/STM32WLxx_HAL_Driver/Src/stm32wlxx_hal_rcc.o
 .text.LL_RCC_MSI_IsEnabledRangeSelect
                0x000000000800359a       0x20 ./Drivers/STM32WLxx_HAL_Driver/Src/stm32wlxx_hal_rcc.o
 .text.LL_RCC_MSI_GetRange
                0x00000000080035ba       0x16 ./Drivers/STM32WLxx_HAL_Driver/Src/stm32wlxx_hal_rcc.o
 .text.LL_RCC_MSI_GetRangeAfterStandby
                0x00000000080035d0       0x18 ./Drivers/STM32WLxx_HAL_Driver/Src/stm32wlxx_hal_rcc.o
 .text.LL_RCC_MSI_SetCalibTrimming
                0x00000000080035e8       0x28 ./Drivers/STM32WLxx_HAL_Driver/Src/stm32wlxx_hal_rcc.o
 .text.LL_RCC_SetSysClkSource
                0x0000000008003610       0x26 ./Drivers/STM32WLxx_HAL_Driver/Src/stm32wlxx_hal_rcc.o
 .text.LL_RCC_GetSysClkSource
                0x0000000008003636       0x16 ./Drivers/STM32WLxx_HAL_Driver/Src/stm32wlxx_hal_rcc.o
 .text.LL_RCC_SetAHBPrescaler
                0x000000000800364c       0x26 ./Drivers/STM32WLxx_HAL_Driver/Src/stm32wlxx_hal_rcc.o
 .text.LL_RCC_SetAHB3Prescaler
                0x0000000008003672       0x2c ./Drivers/STM32WLxx_HAL_Driver/Src/stm32wlxx_hal_rcc.o
 .text.LL_RCC_SetAPB1Prescaler
                0x000000000800369e       0x26 ./Drivers/STM32WLxx_HAL_Driver/Src/stm32wlxx_hal_rcc.o
 .text.LL_RCC_SetAPB2Prescaler
                0x00000000080036c4       0x26 ./Drivers/STM32WLxx_HAL_Driver/Src/stm32wlxx_hal_rcc.o
 .text.LL_RCC_GetAHBPrescaler
                0x00000000080036ea       0x16 ./Drivers/STM32WLxx_HAL_Driver/Src/stm32wlxx_hal_rcc.o
 .text.LL_RCC_GetAHB3Prescaler
                0x0000000008003700       0x1a ./Drivers/STM32WLxx_HAL_Driver/Src/stm32wlxx_hal_rcc.o
 .text.LL_RCC_GetAPB1Prescaler
                0x000000000800371a       0x16 ./Drivers/STM32WLxx_HAL_Driver/Src/stm32wlxx_hal_rcc.o
 .text.LL_RCC_GetAPB2Prescaler
                0x0000000008003730       0x16 ./Drivers/STM32WLxx_HAL_Driver/Src/stm32wlxx_hal_rcc.o
 .text.LL_RCC_PLL_Enable
                0x0000000008003746       0x1c ./Drivers/STM32WLxx_HAL_Driver/Src/stm32wlxx_hal_rcc.o
 .text.LL_RCC_PLL_Disable
                0x0000000008003762       0x1c ./Drivers/STM32WLxx_HAL_Driver/Src/stm32wlxx_hal_rcc.o
 .text.LL_RCC_PLL_IsReady
                0x000000000800377e       0x22 ./Drivers/STM32WLxx_HAL_Driver/Src/stm32wlxx_hal_rcc.o
 .text.LL_RCC_PLL_GetN
                0x00000000080037a0       0x18 ./Drivers/STM32WLxx_HAL_Driver/Src/stm32wlxx_hal_rcc.o
 .text.LL_RCC_PLL_GetR
                0x00000000080037b8       0x16 ./Drivers/STM32WLxx_HAL_Driver/Src/stm32wlxx_hal_rcc.o
 .text.LL_RCC_PLL_GetDivider
                0x00000000080037ce       0x16 ./Drivers/STM32WLxx_HAL_Driver/Src/stm32wlxx_hal_rcc.o
 .text.LL_RCC_PLL_GetMainSource
                0x00000000080037e4       0x16 ./Drivers/STM32WLxx_HAL_Driver/Src/stm32wlxx_hal_rcc.o
 .text.LL_RCC_IsActiveFlag_HPRE
                0x00000000080037fa       0x22 ./Drivers/STM32WLxx_HAL_Driver/Src/stm32wlxx_hal_rcc.o
 .text.LL_RCC_IsActiveFlag_SHDHPRE
                0x000000000800381c       0x24 ./Drivers/STM32WLxx_HAL_Driver/Src/stm32wlxx_hal_rcc.o
 .text.LL_RCC_IsActiveFlag_PPRE1
                0x0000000008003840       0x22 ./Drivers/STM32WLxx_HAL_Driver/Src/stm32wlxx_hal_rcc.o
 .text.LL_RCC_IsActiveFlag_PPRE2
                0x0000000008003862       0x22 ./Drivers/STM32WLxx_HAL_Driver/Src/stm32wlxx_hal_rcc.o
 .text.HAL_RCC_OscConfig
                0x0000000008003884      0x704 ./Drivers/STM32WLxx_HAL_Driver/Src/stm32wlxx_hal_rcc.o
                0x0000000008003884                HAL_RCC_OscConfig
 .text.HAL_RCC_ClockConfig
                0x0000000008003f88      0x248 ./Drivers/STM32WLxx_HAL_Driver/Src/stm32wlxx_hal_rcc.o
                0x0000000008003f88                HAL_RCC_ClockConfig
 .text.HAL_RCC_GetSysClockFreq
                0x00000000080041d0      0x140 ./Drivers/STM32WLxx_HAL_Driver/Src/stm32wlxx_hal_rcc.o
                0x00000000080041d0                HAL_RCC_GetSysClockFreq
 .text.HAL_RCC_GetHCLKFreq
                0x0000000008004310       0x28 ./Drivers/STM32WLxx_HAL_Driver/Src/stm32wlxx_hal_rcc.o
                0x0000000008004310                HAL_RCC_GetHCLKFreq
 .text.HAL_RCC_GetPCLK1Freq
                0x0000000008004338       0x24 ./Drivers/STM32WLxx_HAL_Driver/Src/stm32wlxx_hal_rcc.o
                0x0000000008004338                HAL_RCC_GetPCLK1Freq
 .text.HAL_RCC_GetPCLK2Freq
                0x000000000800435c       0x24 ./Drivers/STM32WLxx_HAL_Driver/Src/stm32wlxx_hal_rcc.o
                0x000000000800435c                HAL_RCC_GetPCLK2Freq
 .text.RCC_SetFlashLatencyFromMSIRange
                0x0000000008004380       0x60 ./Drivers/STM32WLxx_HAL_Driver/Src/stm32wlxx_hal_rcc.o
 .text.RCC_SetFlashLatency
                0x00000000080043e0      0x104 ./Drivers/STM32WLxx_HAL_Driver/Src/stm32wlxx_hal_rcc.o
 .text.LL_RCC_LSE_IsReady
                0x00000000080044e4       0x22 ./Drivers/STM32WLxx_HAL_Driver/Src/stm32wlxx_hal_rcc_ex.o
 .text.LL_RCC_SetUSARTClockSource
                0x0000000008004506       0x30 ./Drivers/STM32WLxx_HAL_Driver/Src/stm32wlxx_hal_rcc_ex.o
 .text.LL_RCC_SetI2SClockSource
                0x0000000008004536       0x2a ./Drivers/STM32WLxx_HAL_Driver/Src/stm32wlxx_hal_rcc_ex.o
 .text.LL_RCC_SetLPUARTClockSource
                0x0000000008004560       0x2a ./Drivers/STM32WLxx_HAL_Driver/Src/stm32wlxx_hal_rcc_ex.o
 .text.LL_RCC_SetI2CClockSource
                0x000000000800458a       0x38 ./Drivers/STM32WLxx_HAL_Driver/Src/stm32wlxx_hal_rcc_ex.o
 .text.LL_RCC_SetLPTIMClockSource
                0x00000000080045c2       0x32 ./Drivers/STM32WLxx_HAL_Driver/Src/stm32wlxx_hal_rcc_ex.o
 .text.LL_RCC_SetRNGClockSource
                0x00000000080045f4       0x2a ./Drivers/STM32WLxx_HAL_Driver/Src/stm32wlxx_hal_rcc_ex.o
 .text.LL_RCC_SetADCClockSource
                0x000000000800461e       0x2a ./Drivers/STM32WLxx_HAL_Driver/Src/stm32wlxx_hal_rcc_ex.o
 .text.LL_RCC_SetRTCClockSource
                0x0000000008004648       0x2a ./Drivers/STM32WLxx_HAL_Driver/Src/stm32wlxx_hal_rcc_ex.o
 .text.LL_RCC_GetRTCClockSource
                0x0000000008004672       0x18 ./Drivers/STM32WLxx_HAL_Driver/Src/stm32wlxx_hal_rcc_ex.o
 .text.LL_RCC_ForceBackupDomainReset
                0x000000000800468a       0x20 ./Drivers/STM32WLxx_HAL_Driver/Src/stm32wlxx_hal_rcc_ex.o
 .text.LL_RCC_ReleaseBackupDomainReset
                0x00000000080046aa       0x20 ./Drivers/STM32WLxx_HAL_Driver/Src/stm32wlxx_hal_rcc_ex.o
 *fill*         0x00000000080046ca        0x2 
 .text.HAL_RCCEx_PeriphCLKConfig
                0x00000000080046cc      0x234 ./Drivers/STM32WLxx_HAL_Driver/Src/stm32wlxx_hal_rcc_ex.o
                0x00000000080046cc                HAL_RCCEx_PeriphCLKConfig
 .text.HAL_RTC_Init
                0x0000000008004900      0x104 ./Drivers/STM32WLxx_HAL_Driver/Src/stm32wlxx_hal_rtc.o
                0x0000000008004900                HAL_RTC_Init
 .text.HAL_RTC_SetAlarm_IT
                0x0000000008004a04      0x218 ./Drivers/STM32WLxx_HAL_Driver/Src/stm32wlxx_hal_rtc.o
                0x0000000008004a04                HAL_RTC_SetAlarm_IT
 .text.HAL_RTC_DeactivateAlarm
                0x0000000008004c1c       0xb8 ./Drivers/STM32WLxx_HAL_Driver/Src/stm32wlxx_hal_rtc.o
                0x0000000008004c1c                HAL_RTC_DeactivateAlarm
 .text.HAL_RTC_WaitForSynchro
                0x0000000008004cd4       0x4c ./Drivers/STM32WLxx_HAL_Driver/Src/stm32wlxx_hal_rtc.o
                0x0000000008004cd4                HAL_RTC_WaitForSynchro
 .text.RTC_EnterInitMode
                0x0000000008004d20       0x68 ./Drivers/STM32WLxx_HAL_Driver/Src/stm32wlxx_hal_rtc.o
                0x0000000008004d20                RTC_EnterInitMode
 .text.RTC_ExitInitMode
                0x0000000008004d88       0x7c ./Drivers/STM32WLxx_HAL_Driver/Src/stm32wlxx_hal_rtc.o
                0x0000000008004d88                RTC_ExitInitMode
 .text.RTC_ByteToBcd2
                0x0000000008004e04       0x3e ./Drivers/STM32WLxx_HAL_Driver/Src/stm32wlxx_hal_rtc.o
                0x0000000008004e04                RTC_ByteToBcd2
 *fill*         0x0000000008004e42        0x2 
 .text.HAL_RTCEx_SetWakeUpTimer_IT
                0x0000000008004e44      0x10c ./Drivers/STM32WLxx_HAL_Driver/Src/stm32wlxx_hal_rtc_ex.o
                0x0000000008004e44                HAL_RTCEx_SetWakeUpTimer_IT
 .text.HAL_RTCEx_WakeUpTimerIRQHandler
                0x0000000008004f50       0x34 ./Drivers/STM32WLxx_HAL_Driver/Src/stm32wlxx_hal_rtc_ex.o
                0x0000000008004f50                HAL_RTCEx_WakeUpTimerIRQHandler
 .text.HAL_RTCEx_WakeUpTimerEventCallback
                0x0000000008004f84       0x12 ./Drivers/STM32WLxx_HAL_Driver/Src/stm32wlxx_hal_rtc_ex.o
                0x0000000008004f84                HAL_RTCEx_WakeUpTimerEventCallback
 *fill*         0x0000000008004f96        0x2 
 .text.HAL_RTCEx_EnableBypassShadow
                0x0000000008004f98       0x64 ./Drivers/STM32WLxx_HAL_Driver/Src/stm32wlxx_hal_rtc_ex.o
                0x0000000008004f98                HAL_RTCEx_EnableBypassShadow
 .text.HAL_RTCEx_SetSSRU_IT
                0x0000000008004ffc       0x78 ./Drivers/STM32WLxx_HAL_Driver/Src/stm32wlxx_hal_rtc_ex.o
                0x0000000008004ffc                HAL_RTCEx_SetSSRU_IT
 .text.HAL_RTCEx_SSRUIRQHandler
                0x0000000008005074       0x34 ./Drivers/STM32WLxx_HAL_Driver/Src/stm32wlxx_hal_rtc_ex.o
                0x0000000008005074                HAL_RTCEx_SSRUIRQHandler
 .text.HAL_RTCEx_BKUPWrite
                0x00000000080050a8       0x30 ./Drivers/STM32WLxx_HAL_Driver/Src/stm32wlxx_hal_rtc_ex.o
                0x00000000080050a8                HAL_RTCEx_BKUPWrite
 .text.HAL_RTCEx_BKUPRead
                0x00000000080050d8       0x2c ./Drivers/STM32WLxx_HAL_Driver/Src/stm32wlxx_hal_rtc_ex.o
                0x00000000080050d8                HAL_RTCEx_BKUPRead
 .text.LL_PWR_SetRadioBusyTrigger
                0x0000000008005104       0x28 ./Drivers/STM32WLxx_HAL_Driver/Src/stm32wlxx_hal_subghz.o
 .text.LL_PWR_UnselectSUBGHZSPI_NSS
                0x000000000800512c       0x20 ./Drivers/STM32WLxx_HAL_Driver/Src/stm32wlxx_hal_subghz.o
 .text.LL_PWR_SelectSUBGHZSPI_NSS
                0x000000000800514c       0x20 ./Drivers/STM32WLxx_HAL_Driver/Src/stm32wlxx_hal_subghz.o
 .text.LL_PWR_ClearFlag_RFBUSY
                0x000000000800516c       0x18 ./Drivers/STM32WLxx_HAL_Driver/Src/stm32wlxx_hal_subghz.o
 .text.LL_PWR_IsActiveFlag_RFBUSYS
                0x0000000008005184       0x24 ./Drivers/STM32WLxx_HAL_Driver/Src/stm32wlxx_hal_subghz.o
 .text.LL_PWR_IsActiveFlag_RFBUSYMS
                0x00000000080051a8       0x24 ./Drivers/STM32WLxx_HAL_Driver/Src/stm32wlxx_hal_subghz.o
 .text.LL_RCC_RF_DisableReset
                0x00000000080051cc       0x20 ./Drivers/STM32WLxx_HAL_Driver/Src/stm32wlxx_hal_subghz.o
 .text.LL_RCC_IsRFUnderReset
                0x00000000080051ec       0x24 ./Drivers/STM32WLxx_HAL_Driver/Src/stm32wlxx_hal_subghz.o
 .text.LL_EXTI_EnableIT_32_63
                0x0000000008005210       0x28 ./Drivers/STM32WLxx_HAL_Driver/Src/stm32wlxx_hal_subghz.o
 .text.HAL_SUBGHZ_Init
                0x0000000008005238       0xc8 ./Drivers/STM32WLxx_HAL_Driver/Src/stm32wlxx_hal_subghz.o
                0x0000000008005238                HAL_SUBGHZ_Init
 .text.HAL_SUBGHZ_WriteRegisters
                0x0000000008005300       0xbe ./Drivers/STM32WLxx_HAL_Driver/Src/stm32wlxx_hal_subghz.o
                0x0000000008005300                HAL_SUBGHZ_WriteRegisters
 .text.HAL_SUBGHZ_ReadRegisters
                0x00000000080053be       0xc2 ./Drivers/STM32WLxx_HAL_Driver/Src/stm32wlxx_hal_subghz.o
                0x00000000080053be                HAL_SUBGHZ_ReadRegisters
 .text.HAL_SUBGHZ_ExecSetCmd
                0x0000000008005480       0xbe ./Drivers/STM32WLxx_HAL_Driver/Src/stm32wlxx_hal_subghz.o
                0x0000000008005480                HAL_SUBGHZ_ExecSetCmd
 .text.HAL_SUBGHZ_ExecGetCmd
                0x000000000800553e       0xa8 ./Drivers/STM32WLxx_HAL_Driver/Src/stm32wlxx_hal_subghz.o
                0x000000000800553e                HAL_SUBGHZ_ExecGetCmd
 .text.HAL_SUBGHZ_WriteBuffer
                0x00000000080055e6       0xa6 ./Drivers/STM32WLxx_HAL_Driver/Src/stm32wlxx_hal_subghz.o
                0x00000000080055e6                HAL_SUBGHZ_WriteBuffer
 .text.HAL_SUBGHZ_ReadBuffer
                0x000000000800568c       0xb0 ./Drivers/STM32WLxx_HAL_Driver/Src/stm32wlxx_hal_subghz.o
                0x000000000800568c                HAL_SUBGHZ_ReadBuffer
 .text.HAL_SUBGHZ_IRQHandler
                0x000000000800573c       0xfa ./Drivers/STM32WLxx_HAL_Driver/Src/stm32wlxx_hal_subghz.o
                0x000000000800573c                HAL_SUBGHZ_IRQHandler
 *fill*         0x0000000008005836        0x2 
 .text.SUBGHZSPI_Init
                0x0000000008005838       0x40 ./Drivers/STM32WLxx_HAL_Driver/Src/stm32wlxx_hal_subghz.o
                0x0000000008005838                SUBGHZSPI_Init
 .text.SUBGHZSPI_Transmit
                0x0000000008005878       0xac ./Drivers/STM32WLxx_HAL_Driver/Src/stm32wlxx_hal_subghz.o
                0x0000000008005878                SUBGHZSPI_Transmit
 .text.SUBGHZSPI_Receive
                0x0000000008005924       0xb0 ./Drivers/STM32WLxx_HAL_Driver/Src/stm32wlxx_hal_subghz.o
                0x0000000008005924                SUBGHZSPI_Receive
 .text.SUBGHZ_CheckDeviceReady
                0x00000000080059d4       0x48 ./Drivers/STM32WLxx_HAL_Driver/Src/stm32wlxx_hal_subghz.o
                0x00000000080059d4                SUBGHZ_CheckDeviceReady
 .text.SUBGHZ_WaitOnBusy
                0x0000000008005a1c       0x5c ./Drivers/STM32WLxx_HAL_Driver/Src/stm32wlxx_hal_subghz.o
                0x0000000008005a1c                SUBGHZ_WaitOnBusy
 .text.LL_RCC_GetUSARTClockSource
                0x0000000008005a78       0x24 ./Drivers/STM32WLxx_HAL_Driver/Src/stm32wlxx_hal_uart.o
 .text.LL_RCC_GetLPUARTClockSource
                0x0000000008005a9c       0x1e ./Drivers/STM32WLxx_HAL_Driver/Src/stm32wlxx_hal_uart.o
 .text.HAL_UART_Init
                0x0000000008005aba       0xa0 ./Drivers/STM32WLxx_HAL_Driver/Src/stm32wlxx_hal_uart.o
                0x0000000008005aba                HAL_UART_Init
 .text.HAL_UART_Receive
                0x0000000008005b5a      0x188 ./Drivers/STM32WLxx_HAL_Driver/Src/stm32wlxx_hal_uart.o
                0x0000000008005b5a                HAL_UART_Receive
 *fill*         0x0000000008005ce2        0x2 
 .text.HAL_UART_Receive_IT
                0x0000000008005ce4       0x98 ./Drivers/STM32WLxx_HAL_Driver/Src/stm32wlxx_hal_uart.o
                0x0000000008005ce4                HAL_UART_Receive_IT
 .text.HAL_UART_Transmit_DMA
                0x0000000008005d7c      0x100 ./Drivers/STM32WLxx_HAL_Driver/Src/stm32wlxx_hal_uart.o
                0x0000000008005d7c                HAL_UART_Transmit_DMA
 .text.HAL_UART_IRQHandler
                0x0000000008005e7c      0x648 ./Drivers/STM32WLxx_HAL_Driver/Src/stm32wlxx_hal_uart.o
                0x0000000008005e7c                HAL_UART_IRQHandler
 .text.HAL_UART_TxHalfCpltCallback
                0x00000000080064c4       0x12 ./Drivers/STM32WLxx_HAL_Driver/Src/stm32wlxx_hal_uart.o
                0x00000000080064c4                HAL_UART_TxHalfCpltCallback
 .text.HAL_UART_ErrorCallback
                0x00000000080064d6       0x12 ./Drivers/STM32WLxx_HAL_Driver/Src/stm32wlxx_hal_uart.o
                0x00000000080064d6                HAL_UART_ErrorCallback
 .text.HAL_UARTEx_RxEventCallback
                0x00000000080064e8       0x16 ./Drivers/STM32WLxx_HAL_Driver/Src/stm32wlxx_hal_uart.o
                0x00000000080064e8                HAL_UARTEx_RxEventCallback
 *fill*         0x00000000080064fe        0x2 
 .text.UART_SetConfig
                0x0000000008006500      0x4e8 ./Drivers/STM32WLxx_HAL_Driver/Src/stm32wlxx_hal_uart.o
                0x0000000008006500                UART_SetConfig
 .text.UART_AdvFeatureConfig
                0x00000000080069e8      0x142 ./Drivers/STM32WLxx_HAL_Driver/Src/stm32wlxx_hal_uart.o
                0x00000000080069e8                UART_AdvFeatureConfig
 .text.UART_CheckIdleState
                0x0000000008006b2a       0x9c ./Drivers/STM32WLxx_HAL_Driver/Src/stm32wlxx_hal_uart.o
                0x0000000008006b2a                UART_CheckIdleState
 .text.UART_WaitOnFlagUntilTimeout
                0x0000000008006bc6      0x190 ./Drivers/STM32WLxx_HAL_Driver/Src/stm32wlxx_hal_uart.o
                0x0000000008006bc6                UART_WaitOnFlagUntilTimeout
 *fill*         0x0000000008006d56        0x2 
 .text.UART_Start_Receive_IT
                0x0000000008006d58      0x240 ./Drivers/STM32WLxx_HAL_Driver/Src/stm32wlxx_hal_uart.o
                0x0000000008006d58                UART_Start_Receive_IT
 .text.UART_EndTxTransfer
                0x0000000008006f98       0x80 ./Drivers/STM32WLxx_HAL_Driver/Src/stm32wlxx_hal_uart.o
 .text.UART_EndRxTransfer
                0x0000000008007018       0xca ./Drivers/STM32WLxx_HAL_Driver/Src/stm32wlxx_hal_uart.o
 .text.UART_DMATransmitCplt
                0x00000000080070e2       0x9a ./Drivers/STM32WLxx_HAL_Driver/Src/stm32wlxx_hal_uart.o
 .text.UART_DMATxHalfCplt
                0x000000000800717c       0x1c ./Drivers/STM32WLxx_HAL_Driver/Src/stm32wlxx_hal_uart.o
 .text.UART_DMAError
                0x0000000008007198       0x80 ./Drivers/STM32WLxx_HAL_Driver/Src/stm32wlxx_hal_uart.o
 .text.UART_DMAAbortOnError
                0x0000000008007218       0x2c ./Drivers/STM32WLxx_HAL_Driver/Src/stm32wlxx_hal_uart.o
 .text.UART_EndTransmit_IT
                0x0000000008007244       0x56 ./Drivers/STM32WLxx_HAL_Driver/Src/stm32wlxx_hal_uart.o
 *fill*         0x000000000800729a        0x2 
 .text.UART_RxISR_8BIT
                0x000000000800729c      0x1b8 ./Drivers/STM32WLxx_HAL_Driver/Src/stm32wlxx_hal_uart.o
 .text.UART_RxISR_16BIT
                0x0000000008007454      0x1b8 ./Drivers/STM32WLxx_HAL_Driver/Src/stm32wlxx_hal_uart.o
 .text.UART_RxISR_8BIT_FIFOEN
                0x000000000800760c      0x360 ./Drivers/STM32WLxx_HAL_Driver/Src/stm32wlxx_hal_uart.o
 .text.UART_RxISR_16BIT_FIFOEN
                0x000000000800796c      0x368 ./Drivers/STM32WLxx_HAL_Driver/Src/stm32wlxx_hal_uart.o
 .text.HAL_UARTEx_WakeupCallback
                0x0000000008007cd4       0x12 ./Drivers/STM32WLxx_HAL_Driver/Src/stm32wlxx_hal_uart_ex.o
                0x0000000008007cd4                HAL_UARTEx_WakeupCallback
 .text.HAL_UARTEx_RxFifoFullCallback
                0x0000000008007ce6       0x12 ./Drivers/STM32WLxx_HAL_Driver/Src/stm32wlxx_hal_uart_ex.o
                0x0000000008007ce6                HAL_UARTEx_RxFifoFullCallback
 .text.HAL_UARTEx_TxFifoEmptyCallback
                0x0000000008007cf8       0x12 ./Drivers/STM32WLxx_HAL_Driver/Src/stm32wlxx_hal_uart_ex.o
                0x0000000008007cf8                HAL_UARTEx_TxFifoEmptyCallback
 .text.HAL_UARTEx_StopModeWakeUpSourceConfig
                0x0000000008007d0a       0xb6 ./Drivers/STM32WLxx_HAL_Driver/Src/stm32wlxx_hal_uart_ex.o
                0x0000000008007d0a                HAL_UARTEx_StopModeWakeUpSourceConfig
 .text.HAL_UARTEx_EnableStopMode
                0x0000000008007dc0       0x64 ./Drivers/STM32WLxx_HAL_Driver/Src/stm32wlxx_hal_uart_ex.o
                0x0000000008007dc0                HAL_UARTEx_EnableStopMode
 .text.HAL_UARTEx_DisableStopMode
                0x0000000008007e24       0x64 ./Drivers/STM32WLxx_HAL_Driver/Src/stm32wlxx_hal_uart_ex.o
                0x0000000008007e24                HAL_UARTEx_DisableStopMode
 .text.HAL_UARTEx_EnableFifoMode
                0x0000000008007e88       0x76 ./Drivers/STM32WLxx_HAL_Driver/Src/stm32wlxx_hal_uart_ex.o
                0x0000000008007e88                HAL_UARTEx_EnableFifoMode
 .text.HAL_UARTEx_DisableFifoMode
                0x0000000008007efe       0x70 ./Drivers/STM32WLxx_HAL_Driver/Src/stm32wlxx_hal_uart_ex.o
                0x0000000008007efe                HAL_UARTEx_DisableFifoMode
 .text.HAL_UARTEx_SetTxFifoThreshold
                0x0000000008007f6e       0x7c ./Drivers/STM32WLxx_HAL_Driver/Src/stm32wlxx_hal_uart_ex.o
                0x0000000008007f6e                HAL_UARTEx_SetTxFifoThreshold
 .text.HAL_UARTEx_SetRxFifoThreshold
                0x0000000008007fea       0x7c ./Drivers/STM32WLxx_HAL_Driver/Src/stm32wlxx_hal_uart_ex.o
                0x0000000008007fea                HAL_UARTEx_SetRxFifoThreshold
 .text.UARTEx_Wakeup_AddressConfig
                0x0000000008008066       0x44 ./Drivers/STM32WLxx_HAL_Driver/Src/stm32wlxx_hal_uart_ex.o
 *fill*         0x00000000080080aa        0x2 
 .text.UARTEx_SetNbDataToProcess
                0x00000000080080ac       0x98 ./Drivers/STM32WLxx_HAL_Driver/Src/stm32wlxx_hal_uart_ex.o
 .text.RadioInit
                0x0000000008008144       0xb8 ./Middlewares/Third_Party/SubGHz_Phy/stm32_radio_driver/radio.o
 .text.RadioGetStatus
                0x00000000080081fc       0x2e ./Middlewares/Third_Party/SubGHz_Phy/stm32_radio_driver/radio.o
 *fill*         0x000000000800822a        0x2 
 .text.RadioSetModem
                0x000000000800822c       0xb8 ./Middlewares/Third_Party/SubGHz_Phy/stm32_radio_driver/radio.o
 .text.RadioSetChannel
                0x00000000080082e4       0x16 ./Middlewares/Third_Party/SubGHz_Phy/stm32_radio_driver/radio.o
 .text.RadioIsChannelFree
                0x00000000080082fa       0xb4 ./Middlewares/Third_Party/SubGHz_Phy/stm32_radio_driver/radio.o
 .text.RadioRandom
                0x00000000080083ae       0x26 ./Middlewares/Third_Party/SubGHz_Phy/stm32_radio_driver/radio.o
 .text.RadioSetRxConfig
                0x00000000080083d4      0x418 ./Middlewares/Third_Party/SubGHz_Phy/stm32_radio_driver/radio.o
 .text.RadioSetTxConfig
                0x00000000080087ec      0x224 ./Middlewares/Third_Party/SubGHz_Phy/stm32_radio_driver/radio.o
 .text.RadioCheckRfFrequency
                0x0000000008008a10       0x14 ./Middlewares/Third_Party/SubGHz_Phy/stm32_radio_driver/radio.o
 .text.RadioGetLoRaBandwidthInHz
                0x0000000008008a24       0xac ./Middlewares/Third_Party/SubGHz_Phy/stm32_radio_driver/radio.o
 .text.RadioGetGfskTimeOnAirNumerator
                0x0000000008008ad0       0x54 ./Middlewares/Third_Party/SubGHz_Phy/stm32_radio_driver/radio.o
 .text.RadioGetLoRaTimeOnAirNumerator
                0x0000000008008b24      0x102 ./Middlewares/Third_Party/SubGHz_Phy/stm32_radio_driver/radio.o
 *fill*         0x0000000008008c26        0x2 
 .text.RadioTimeOnAir
                0x0000000008008c28       0xb0 ./Middlewares/Third_Party/SubGHz_Phy/stm32_radio_driver/radio.o
 .text.RadioSend
                0x0000000008008cd8      0x200 ./Middlewares/Third_Party/SubGHz_Phy/stm32_radio_driver/radio.o
 .text.RadioSleep
                0x0000000008008ed8       0x26 ./Middlewares/Third_Party/SubGHz_Phy/stm32_radio_driver/radio.o
 .text.RadioStandby
                0x0000000008008efe        0xe ./Middlewares/Third_Party/SubGHz_Phy/stm32_radio_driver/radio.o
 .text.RadioRx  0x0000000008008f0c       0x80 ./Middlewares/Third_Party/SubGHz_Phy/stm32_radio_driver/radio.o
 .text.RadioRxBoosted
                0x0000000008008f8c       0x80 ./Middlewares/Third_Party/SubGHz_Phy/stm32_radio_driver/radio.o
 .text.RadioSetRxDutyCycle
                0x000000000800900c       0x48 ./Middlewares/Third_Party/SubGHz_Phy/stm32_radio_driver/radio.o
 .text.RadioStartCad
                0x0000000008009054       0x30 ./Middlewares/Third_Party/SubGHz_Phy/stm32_radio_driver/radio.o
 .text.RadioSetTxContinuousWave
                0x0000000008009084       0x64 ./Middlewares/Third_Party/SubGHz_Phy/stm32_radio_driver/radio.o
 .text.RadioRssi
                0x00000000080090e8       0x1a ./Middlewares/Third_Party/SubGHz_Phy/stm32_radio_driver/radio.o
 .text.RadioWrite
                0x0000000008009102       0x24 ./Middlewares/Third_Party/SubGHz_Phy/stm32_radio_driver/radio.o
 .text.RadioRead
                0x0000000008009126       0x1c ./Middlewares/Third_Party/SubGHz_Phy/stm32_radio_driver/radio.o
 .text.RadioWriteRegisters
                0x0000000008009142       0x26 ./Middlewares/Third_Party/SubGHz_Phy/stm32_radio_driver/radio.o
 .text.RadioReadRegisters
                0x0000000008009168       0x26 ./Middlewares/Third_Party/SubGHz_Phy/stm32_radio_driver/radio.o
 *fill*         0x000000000800918e        0x2 
 .text.RadioSetMaxPayloadLength
                0x0000000008009190       0x5c ./Middlewares/Third_Party/SubGHz_Phy/stm32_radio_driver/radio.o
 .text.RadioSetPublicNetwork
                0x00000000080091ec       0x5c ./Middlewares/Third_Party/SubGHz_Phy/stm32_radio_driver/radio.o
 .text.RadioGetWakeupTime
                0x0000000008009248       0x10 ./Middlewares/Third_Party/SubGHz_Phy/stm32_radio_driver/radio.o
 .text.RadioOnTxTimeoutIrq
                0x0000000008009258       0x14 ./Middlewares/Third_Party/SubGHz_Phy/stm32_radio_driver/radio.o
 .text.RadioOnRxTimeoutIrq
                0x000000000800926c       0x14 ./Middlewares/Third_Party/SubGHz_Phy/stm32_radio_driver/radio.o
 .text.RadioOnTxTimeoutProcess
                0x0000000008009280       0x28 ./Middlewares/Third_Party/SubGHz_Phy/stm32_radio_driver/radio.o
 .text.RadioOnRxTimeoutProcess
                0x00000000080092a8       0x28 ./Middlewares/Third_Party/SubGHz_Phy/stm32_radio_driver/radio.o
 .text.RadioOnDioIrq
                0x00000000080092d0       0x24 ./Middlewares/Third_Party/SubGHz_Phy/stm32_radio_driver/radio.o
 .text.RadioIrqProcess
                0x00000000080092f4      0x44c ./Middlewares/Third_Party/SubGHz_Phy/stm32_radio_driver/radio.o
 .text.RadioTxPrbs
                0x0000000008009740       0x38 ./Middlewares/Third_Party/SubGHz_Phy/stm32_radio_driver/radio.o
 .text.RadioTxCw
                0x0000000008009778       0x38 ./Middlewares/Third_Party/SubGHz_Phy/stm32_radio_driver/radio.o
 .text.payload_integration
                0x00000000080097b0      0x120 ./Middlewares/Third_Party/SubGHz_Phy/stm32_radio_driver/radio.o
 .text.RadioSetRxGenericConfig
                0x00000000080098d0      0x388 ./Middlewares/Third_Party/SubGHz_Phy/stm32_radio_driver/radio.o
 .text.RadioSetTxGenericConfig
                0x0000000008009c58      0x46c ./Middlewares/Third_Party/SubGHz_Phy/stm32_radio_driver/radio.o
 .text.RadioLrFhssSetCfg
                0x000000000800a0c4       0x18 ./Middlewares/Third_Party/SubGHz_Phy/stm32_radio_driver/radio.o
 .text.RadioLrFhssGetTimeOnAirInMs
                0x000000000800a0dc       0x16 ./Middlewares/Third_Party/SubGHz_Phy/stm32_radio_driver/radio.o
 *fill*         0x000000000800a0f2        0x2 
 .text.SUBGRF_Init
                0x000000000800a0f4       0x90 ./Middlewares/Third_Party/SubGHz_Phy/stm32_radio_driver/radio_driver.o
                0x000000000800a0f4                SUBGRF_Init
 .text.SUBGRF_GetOperatingMode
                0x000000000800a184       0x14 ./Middlewares/Third_Party/SubGHz_Phy/stm32_radio_driver/radio_driver.o
                0x000000000800a184                SUBGRF_GetOperatingMode
 .text.SUBGRF_SetPayload
                0x000000000800a198       0x20 ./Middlewares/Third_Party/SubGHz_Phy/stm32_radio_driver/radio_driver.o
                0x000000000800a198                SUBGRF_SetPayload
 .text.SUBGRF_GetPayload
                0x000000000800a1b8       0x44 ./Middlewares/Third_Party/SubGHz_Phy/stm32_radio_driver/radio_driver.o
                0x000000000800a1b8                SUBGRF_GetPayload
 .text.SUBGRF_SendPayload
                0x000000000800a1fc       0x26 ./Middlewares/Third_Party/SubGHz_Phy/stm32_radio_driver/radio_driver.o
                0x000000000800a1fc                SUBGRF_SendPayload
 .text.SUBGRF_SetSyncWord
                0x000000000800a222       0x1e ./Middlewares/Third_Party/SubGHz_Phy/stm32_radio_driver/radio_driver.o
                0x000000000800a222                SUBGRF_SetSyncWord
 .text.SUBGRF_SetCrcSeed
                0x000000000800a240       0x40 ./Middlewares/Third_Party/SubGHz_Phy/stm32_radio_driver/radio_driver.o
                0x000000000800a240                SUBGRF_SetCrcSeed
 .text.SUBGRF_SetCrcPolynomial
                0x000000000800a280       0x40 ./Middlewares/Third_Party/SubGHz_Phy/stm32_radio_driver/radio_driver.o
                0x000000000800a280                SUBGRF_SetCrcPolynomial
 .text.SUBGRF_SetWhiteningSeed
                0x000000000800a2c0       0x66 ./Middlewares/Third_Party/SubGHz_Phy/stm32_radio_driver/radio_driver.o
                0x000000000800a2c0                SUBGRF_SetWhiteningSeed
 .text.SUBGRF_GetRandom
                0x000000000800a326       0x8c ./Middlewares/Third_Party/SubGHz_Phy/stm32_radio_driver/radio_driver.o
                0x000000000800a326                SUBGRF_GetRandom
 *fill*         0x000000000800a3b2        0x2 
 .text.SUBGRF_SetSleep
                0x000000000800a3b4       0x64 ./Middlewares/Third_Party/SubGHz_Phy/stm32_radio_driver/radio_driver.o
                0x000000000800a3b4                SUBGRF_SetSleep
 .text.SUBGRF_SetStandby
                0x000000000800a418       0x38 ./Middlewares/Third_Party/SubGHz_Phy/stm32_radio_driver/radio_driver.o
                0x000000000800a418                SUBGRF_SetStandby
 .text.SUBGRF_SetTx
                0x000000000800a450       0x40 ./Middlewares/Third_Party/SubGHz_Phy/stm32_radio_driver/radio_driver.o
                0x000000000800a450                SUBGRF_SetTx
 .text.SUBGRF_SetRx
                0x000000000800a490       0x40 ./Middlewares/Third_Party/SubGHz_Phy/stm32_radio_driver/radio_driver.o
                0x000000000800a490                SUBGRF_SetRx
 .text.SUBGRF_SetRxBoosted
                0x000000000800a4d0       0x48 ./Middlewares/Third_Party/SubGHz_Phy/stm32_radio_driver/radio_driver.o
                0x000000000800a4d0                SUBGRF_SetRxBoosted
 .text.SUBGRF_SetRxDutyCycle
                0x000000000800a518       0x58 ./Middlewares/Third_Party/SubGHz_Phy/stm32_radio_driver/radio_driver.o
                0x000000000800a518                SUBGRF_SetRxDutyCycle
 .text.SUBGRF_SetCad
                0x000000000800a570       0x1c ./Middlewares/Third_Party/SubGHz_Phy/stm32_radio_driver/radio_driver.o
                0x000000000800a570                SUBGRF_SetCad
 .text.SUBGRF_SetTxContinuousWave
                0x000000000800a58c       0x12 ./Middlewares/Third_Party/SubGHz_Phy/stm32_radio_driver/radio_driver.o
                0x000000000800a58c                SUBGRF_SetTxContinuousWave
 .text.SUBGRF_SetTxInfinitePreamble
                0x000000000800a59e       0x12 ./Middlewares/Third_Party/SubGHz_Phy/stm32_radio_driver/radio_driver.o
                0x000000000800a59e                SUBGRF_SetTxInfinitePreamble
 .text.SUBGRF_SetStopRxTimerOnPreambleDetect
                0x000000000800a5b0       0x1e ./Middlewares/Third_Party/SubGHz_Phy/stm32_radio_driver/radio_driver.o
                0x000000000800a5b0                SUBGRF_SetStopRxTimerOnPreambleDetect
 .text.SUBGRF_SetLoRaSymbNumTimeout
                0x000000000800a5ce       0x5e ./Middlewares/Third_Party/SubGHz_Phy/stm32_radio_driver/radio_driver.o
                0x000000000800a5ce                SUBGRF_SetLoRaSymbNumTimeout
 .text.SUBGRF_SetRegulatorMode
                0x000000000800a62c       0x2e ./Middlewares/Third_Party/SubGHz_Phy/stm32_radio_driver/radio_driver.o
                0x000000000800a62c                SUBGRF_SetRegulatorMode
 .text.SUBGRF_Calibrate
                0x000000000800a65a       0x8c ./Middlewares/Third_Party/SubGHz_Phy/stm32_radio_driver/radio_driver.o
                0x000000000800a65a                SUBGRF_Calibrate
 *fill*         0x000000000800a6e6        0x2 
 .text.SUBGRF_CalibrateImage
                0x000000000800a6e8       0x94 ./Middlewares/Third_Party/SubGHz_Phy/stm32_radio_driver/radio_driver.o
                0x000000000800a6e8                SUBGRF_CalibrateImage
 .text.SUBGRF_SetPaConfig
                0x000000000800a77c       0x44 ./Middlewares/Third_Party/SubGHz_Phy/stm32_radio_driver/radio_driver.o
                0x000000000800a77c                SUBGRF_SetPaConfig
 .text.SUBGRF_SetDioIrqParams
                0x000000000800a7c0       0x74 ./Middlewares/Third_Party/SubGHz_Phy/stm32_radio_driver/radio_driver.o
                0x000000000800a7c0                SUBGRF_SetDioIrqParams
 .text.SUBGRF_SetTcxoMode
                0x000000000800a834       0x42 ./Middlewares/Third_Party/SubGHz_Phy/stm32_radio_driver/radio_driver.o
                0x000000000800a834                SUBGRF_SetTcxoMode
 *fill*         0x000000000800a876        0x2 
 .text.SUBGRF_SetRfFrequency
                0x000000000800a878       0x8c ./Middlewares/Third_Party/SubGHz_Phy/stm32_radio_driver/radio_driver.o
                0x000000000800a878                SUBGRF_SetRfFrequency
 .text.SUBGRF_SetPacketType
                0x000000000800a904       0x38 ./Middlewares/Third_Party/SubGHz_Phy/stm32_radio_driver/radio_driver.o
                0x000000000800a904                SUBGRF_SetPacketType
 .text.SUBGRF_GetPacketType
                0x000000000800a93c       0x14 ./Middlewares/Third_Party/SubGHz_Phy/stm32_radio_driver/radio_driver.o
                0x000000000800a93c                SUBGRF_GetPacketType
 .text.SUBGRF_SetTxParams
                0x000000000800a950      0x19a ./Middlewares/Third_Party/SubGHz_Phy/stm32_radio_driver/radio_driver.o
                0x000000000800a950                SUBGRF_SetTxParams
 *fill*         0x000000000800aaea        0x2 
 .text.SUBGRF_SetModulationParams
                0x000000000800aaec      0x1a4 ./Middlewares/Third_Party/SubGHz_Phy/stm32_radio_driver/radio_driver.o
                0x000000000800aaec                SUBGRF_SetModulationParams
 .text.SUBGRF_SetPacketParams
                0x000000000800ac90      0x13c ./Middlewares/Third_Party/SubGHz_Phy/stm32_radio_driver/radio_driver.o
                0x000000000800ac90                SUBGRF_SetPacketParams
 .text.SUBGRF_SetBufferBaseAddress
                0x000000000800adcc       0x2e ./Middlewares/Third_Party/SubGHz_Phy/stm32_radio_driver/radio_driver.o
                0x000000000800adcc                SUBGRF_SetBufferBaseAddress
 .text.SUBGRF_GetRssiInst
                0x000000000800adfa       0x2a ./Middlewares/Third_Party/SubGHz_Phy/stm32_radio_driver/radio_driver.o
                0x000000000800adfa                SUBGRF_GetRssiInst
 .text.SUBGRF_GetRxBufferStatus
                0x000000000800ae24       0x58 ./Middlewares/Third_Party/SubGHz_Phy/stm32_radio_driver/radio_driver.o
                0x000000000800ae24                SUBGRF_GetRxBufferStatus
 .text.SUBGRF_GetPacketStatus
                0x000000000800ae7c       0xa4 ./Middlewares/Third_Party/SubGHz_Phy/stm32_radio_driver/radio_driver.o
                0x000000000800ae7c                SUBGRF_GetPacketStatus
 .text.SUBGRF_WriteRegister
                0x000000000800af20       0x28 ./Middlewares/Third_Party/SubGHz_Phy/stm32_radio_driver/radio_driver.o
                0x000000000800af20                SUBGRF_WriteRegister
 .text.SUBGRF_ReadRegister
                0x000000000800af48       0x28 ./Middlewares/Third_Party/SubGHz_Phy/stm32_radio_driver/radio_driver.o
                0x000000000800af48                SUBGRF_ReadRegister
 .text.SUBGRF_WriteRegisters
                0x000000000800af70       0x44 ./Middlewares/Third_Party/SubGHz_Phy/stm32_radio_driver/radio_driver.o
                0x000000000800af70                SUBGRF_WriteRegisters
 .text.SUBGRF_ReadRegisters
                0x000000000800afb4       0x44 ./Middlewares/Third_Party/SubGHz_Phy/stm32_radio_driver/radio_driver.o
                0x000000000800afb4                SUBGRF_ReadRegisters
 .text.SUBGRF_WriteBuffer
                0x000000000800aff8       0x44 ./Middlewares/Third_Party/SubGHz_Phy/stm32_radio_driver/radio_driver.o
                0x000000000800aff8                SUBGRF_WriteBuffer
 .text.SUBGRF_ReadBuffer
                0x000000000800b03c       0x44 ./Middlewares/Third_Party/SubGHz_Phy/stm32_radio_driver/radio_driver.o
                0x000000000800b03c                SUBGRF_ReadBuffer
 .text.SUBGRF_WriteCommand
                0x000000000800b080       0x44 ./Middlewares/Third_Party/SubGHz_Phy/stm32_radio_driver/radio_driver.o
                0x000000000800b080                SUBGRF_WriteCommand
 .text.SUBGRF_ReadCommand
                0x000000000800b0c4       0x44 ./Middlewares/Third_Party/SubGHz_Phy/stm32_radio_driver/radio_driver.o
                0x000000000800b0c4                SUBGRF_ReadCommand
 .text.SUBGRF_SetSwitch
                0x000000000800b108       0x50 ./Middlewares/Third_Party/SubGHz_Phy/stm32_radio_driver/radio_driver.o
                0x000000000800b108                SUBGRF_SetSwitch
 .text.SUBGRF_SetRfTxPower
                0x000000000800b158       0x68 ./Middlewares/Third_Party/SubGHz_Phy/stm32_radio_driver/radio_driver.o
                0x000000000800b158                SUBGRF_SetRfTxPower
 .text.SUBGRF_GetRadioWakeUpTime
                0x000000000800b1c0        0xe ./Middlewares/Third_Party/SubGHz_Phy/stm32_radio_driver/radio_driver.o
                0x000000000800b1c0                SUBGRF_GetRadioWakeUpTime
 *fill*         0x000000000800b1ce        0x2 
 .text.HAL_SUBGHZ_TxCpltCallback
                0x000000000800b1d0       0x1c ./Middlewares/Third_Party/SubGHz_Phy/stm32_radio_driver/radio_driver.o
                0x000000000800b1d0                HAL_SUBGHZ_TxCpltCallback
 .text.HAL_SUBGHZ_RxCpltCallback
                0x000000000800b1ec       0x1c ./Middlewares/Third_Party/SubGHz_Phy/stm32_radio_driver/radio_driver.o
                0x000000000800b1ec                HAL_SUBGHZ_RxCpltCallback
 .text.HAL_SUBGHZ_CRCErrorCallback
                0x000000000800b208       0x1c ./Middlewares/Third_Party/SubGHz_Phy/stm32_radio_driver/radio_driver.o
                0x000000000800b208                HAL_SUBGHZ_CRCErrorCallback
 .text.HAL_SUBGHZ_CADStatusCallback
                0x000000000800b224       0x3c ./Middlewares/Third_Party/SubGHz_Phy/stm32_radio_driver/radio_driver.o
                0x000000000800b224                HAL_SUBGHZ_CADStatusCallback
 .text.HAL_SUBGHZ_RxTxTimeoutCallback
                0x000000000800b260       0x20 ./Middlewares/Third_Party/SubGHz_Phy/stm32_radio_driver/radio_driver.o
                0x000000000800b260                HAL_SUBGHZ_RxTxTimeoutCallback
 .text.HAL_SUBGHZ_HeaderErrorCallback
                0x000000000800b280       0x1c ./Middlewares/Third_Party/SubGHz_Phy/stm32_radio_driver/radio_driver.o
                0x000000000800b280                HAL_SUBGHZ_HeaderErrorCallback
 .text.HAL_SUBGHZ_PreambleDetectedCallback
                0x000000000800b29c       0x1c ./Middlewares/Third_Party/SubGHz_Phy/stm32_radio_driver/radio_driver.o
                0x000000000800b29c                HAL_SUBGHZ_PreambleDetectedCallback
 .text.HAL_SUBGHZ_SyncWordValidCallback
                0x000000000800b2b8       0x1c ./Middlewares/Third_Party/SubGHz_Phy/stm32_radio_driver/radio_driver.o
                0x000000000800b2b8                HAL_SUBGHZ_SyncWordValidCallback
 .text.HAL_SUBGHZ_HeaderValidCallback
                0x000000000800b2d4       0x1c ./Middlewares/Third_Party/SubGHz_Phy/stm32_radio_driver/radio_driver.o
                0x000000000800b2d4                HAL_SUBGHZ_HeaderValidCallback
 .text.HAL_SUBGHZ_LrFhssHopCallback
                0x000000000800b2f0       0x20 ./Middlewares/Third_Party/SubGHz_Phy/stm32_radio_driver/radio_driver.o
                0x000000000800b2f0                HAL_SUBGHZ_LrFhssHopCallback
 .text.Radio_SMPS_Set
                0x000000000800b310       0x42 ./Middlewares/Third_Party/SubGHz_Phy/stm32_radio_driver/radio_driver.o
 *fill*         0x000000000800b352        0x2 
 .text.SUBGRF_GetFskBandwidthRegValue
                0x000000000800b354       0x50 ./Middlewares/Third_Party/SubGHz_Phy/stm32_radio_driver/radio_driver.o
                0x000000000800b354                SUBGRF_GetFskBandwidthRegValue
 .text.SUBGRF_GetCFO
                0x000000000800b3a4       0xe8 ./Middlewares/Third_Party/SubGHz_Phy/stm32_radio_driver/radio_driver.o
                0x000000000800b3a4                SUBGRF_GetCFO
 .text.RFW_TransmitLongPacket
                0x000000000800b48c       0x24 ./Middlewares/Third_Party/SubGHz_Phy/stm32_radio_driver/radio_fw.o
                0x000000000800b48c                RFW_TransmitLongPacket
 .text.RFW_ReceiveLongPacket
                0x000000000800b4b0       0x24 ./Middlewares/Third_Party/SubGHz_Phy/stm32_radio_driver/radio_fw.o
                0x000000000800b4b0                RFW_ReceiveLongPacket
 .text.RFW_Init
                0x000000000800b4d4       0x1a ./Middlewares/Third_Party/SubGHz_Phy/stm32_radio_driver/radio_fw.o
                0x000000000800b4d4                RFW_Init
 .text.RFW_DeInit
                0x000000000800b4ee        0xc ./Middlewares/Third_Party/SubGHz_Phy/stm32_radio_driver/radio_fw.o
                0x000000000800b4ee                RFW_DeInit
 .text.RFW_Is_Init
                0x000000000800b4fa        0xe ./Middlewares/Third_Party/SubGHz_Phy/stm32_radio_driver/radio_fw.o
                0x000000000800b4fa                RFW_Is_Init
 .text.RFW_Is_LongPacketModeEnabled
                0x000000000800b508        0xe ./Middlewares/Third_Party/SubGHz_Phy/stm32_radio_driver/radio_fw.o
                0x000000000800b508                RFW_Is_LongPacketModeEnabled
 .text.RFW_SetAntSwitch
                0x000000000800b516       0x14 ./Middlewares/Third_Party/SubGHz_Phy/stm32_radio_driver/radio_fw.o
                0x000000000800b516                RFW_SetAntSwitch
 .text.RFW_TransmitInit
                0x000000000800b52a       0x20 ./Middlewares/Third_Party/SubGHz_Phy/stm32_radio_driver/radio_fw.o
                0x000000000800b52a                RFW_TransmitInit
 .text.RFW_ReceiveInit
                0x000000000800b54a       0x10 ./Middlewares/Third_Party/SubGHz_Phy/stm32_radio_driver/radio_fw.o
                0x000000000800b54a                RFW_ReceiveInit
 .text.RFW_DeInit_TxLongPacket
                0x000000000800b55a        0xc ./Middlewares/Third_Party/SubGHz_Phy/stm32_radio_driver/radio_fw.o
                0x000000000800b55a                RFW_DeInit_TxLongPacket
 .text.RFW_ReceivePayload
                0x000000000800b566        0xc ./Middlewares/Third_Party/SubGHz_Phy/stm32_radio_driver/radio_fw.o
                0x000000000800b566                RFW_ReceivePayload
 .text.RFW_SetRadioModem
                0x000000000800b572       0x14 ./Middlewares/Third_Party/SubGHz_Phy/stm32_radio_driver/radio_fw.o
                0x000000000800b572                RFW_SetRadioModem
 .text.LL_RCC_ClearResetFlags
                0x000000000800b586       0x20 ./SubGHz_Phy/App/app_subghz_phy.o
 *fill*         0x000000000800b5a6        0x2 
 .text.MX_SubGHz_Phy_Init
                0x000000000800b5a8       0xb0 ./SubGHz_Phy/App/app_subghz_phy.o
                0x000000000800b5a8                MX_SubGHz_Phy_Init
 .text.MX_SubGHz_Phy_Process
                0x000000000800b658      0x1b8 ./SubGHz_Phy/App/app_subghz_phy.o
                0x000000000800b658                MX_SubGHz_Phy_Process
 .text.MX_SubGHz_Phy_EnterSleep
                0x000000000800b810       0x40 ./SubGHz_Phy/App/app_subghz_phy.o
 .text.MX_SubGHz_Phy_APRS_Send
                0x000000000800b850      0x154 ./SubGHz_Phy/App/app_subghz_phy.o
 .text.SubghzApp_Init
                0x000000000800b9a4      0x150 ./SubGHz_Phy/App/subghz_phy_app.o
                0x000000000800b9a4                SubghzApp_Init
 .text.SubghzApp_Transmit
                0x000000000800baf4       0x4c ./SubGHz_Phy/App/subghz_phy_app.o
                0x000000000800baf4                SubghzApp_Transmit
 .text.SubghzApp_Sleep
                0x000000000800bb40       0x14 ./SubGHz_Phy/App/subghz_phy_app.o
                0x000000000800bb40                SubghzApp_Sleep
 .text.OnTxDone
                0x000000000800bb54       0x24 ./SubGHz_Phy/App/subghz_phy_app.o
 .text.OnRxDone
                0x000000000800bb78       0x34 ./SubGHz_Phy/App/subghz_phy_app.o
 .text.OnTxTimeout
                0x000000000800bbac       0x18 ./SubGHz_Phy/App/subghz_phy_app.o
 .text.OnRxTimeout
                0x000000000800bbc4       0x18 ./SubGHz_Phy/App/subghz_phy_app.o
 .text.OnRxError
                0x000000000800bbdc       0x18 ./SubGHz_Phy/App/subghz_phy_app.o
 .text.RBI_Init
                0x000000000800bbf4        0xe ./SubGHz_Phy/Target/radio_board_if.o
                0x000000000800bbf4                RBI_Init
 .text.RBI_ConfigRFSwitch
                0x000000000800bc02       0x1c ./SubGHz_Phy/Target/radio_board_if.o
                0x000000000800bc02                RBI_ConfigRFSwitch
 .text.RBI_GetTxConfig
                0x000000000800bc1e        0xe ./SubGHz_Phy/Target/radio_board_if.o
                0x000000000800bc1e                RBI_GetTxConfig
 .text.RBI_IsTCXO
                0x000000000800bc2c        0xe ./SubGHz_Phy/Target/radio_board_if.o
                0x000000000800bc2c                RBI_IsTCXO
 .text.RBI_IsDCDC
                0x000000000800bc3a        0xe ./SubGHz_Phy/Target/radio_board_if.o
                0x000000000800bc3a                RBI_IsDCDC
 .text.RBI_GetRFOMaxPowerConfig
                0x000000000800bc48       0x1c ./SubGHz_Phy/Target/radio_board_if.o
                0x000000000800bc48                RBI_GetRFOMaxPowerConfig
 .text.UTIL_LPM_Init
                0x000000000800bc64       0x20 ./Utilities/lpm/tiny_lpm/stm32_lpm.o
                0x000000000800bc64                UTIL_LPM_Init
 .text.UTIL_LPM_SetStopMode
                0x000000000800bc84       0x60 ./Utilities/lpm/tiny_lpm/stm32_lpm.o
                0x000000000800bc84                UTIL_LPM_SetStopMode
 .text.UTIL_LPM_SetOffMode
                0x000000000800bce4       0x60 ./Utilities/lpm/tiny_lpm/stm32_lpm.o
                0x000000000800bce4                UTIL_LPM_SetOffMode
 .text.UTIL_LPM_EnterLowPower
                0x000000000800bd44       0x6c ./Utilities/lpm/tiny_lpm/stm32_lpm.o
                0x000000000800bd44                UTIL_LPM_EnterLowPower
 .text.UTIL_MEM_cpy_8
                0x000000000800bdb0       0x3e ./Utilities/misc/stm32_mem.o
                0x000000000800bdb0                UTIL_MEM_cpy_8
 .text.UTIL_MEM_set_8
                0x000000000800bdee       0x36 ./Utilities/misc/stm32_mem.o
                0x000000000800bdee                UTIL_MEM_set_8
 .text.SysTimeAdd
                0x000000000800be24       0x72 ./Utilities/misc/stm32_systime.o
                0x000000000800be24                SysTimeAdd
 *fill*         0x000000000800be96        0x2 
 .text.SysTimeGet
                0x000000000800be98       0x70 ./Utilities/misc/stm32_systime.o
                0x000000000800be98                SysTimeGet
 .text.ee_skip_atoi
                0x000000000800bf08       0x4c ./Utilities/misc/stm32_tiny_vsnprintf.o
 .text.ee_number
                0x000000000800bf54      0x1dc ./Utilities/misc/stm32_tiny_vsnprintf.o
 .text.tiny_vsnprintf_like
                0x000000000800c130      0x2a4 ./Utilities/misc/stm32_tiny_vsnprintf.o
                0x000000000800c130                tiny_vsnprintf_like
 .text.UTIL_SEQ_Run
                0x000000000800c3d4      0x1f8 ./Utilities/sequencer/stm32_seq.o
                0x000000000800c3d4                UTIL_SEQ_Run
 .text.UTIL_SEQ_PreIdle
                0x000000000800c5cc        0xc ./Utilities/sequencer/stm32_seq.o
                0x000000000800c5cc                UTIL_SEQ_PreIdle
 .text.UTIL_SEQ_PostIdle
                0x000000000800c5d8        0xc ./Utilities/sequencer/stm32_seq.o
                0x000000000800c5d8                UTIL_SEQ_PostIdle
 .text.SEQ_BitPosition
                0x000000000800c5e4       0x74 ./Utilities/sequencer/stm32_seq.o
                0x000000000800c5e4                SEQ_BitPosition
 .text.UTIL_TIMER_Init
                0x000000000800c658       0x20 ./Utilities/timer/stm32_timer.o
                0x000000000800c658                UTIL_TIMER_Init
 .text.UTIL_TIMER_Create
                0x000000000800c678       0x6c ./Utilities/timer/stm32_timer.o
                0x000000000800c678                UTIL_TIMER_Create
 .text.UTIL_TIMER_Start
                0x000000000800c6e4       0xdc ./Utilities/timer/stm32_timer.o
                0x000000000800c6e4                UTIL_TIMER_Start
 .text.UTIL_TIMER_Stop
                0x000000000800c7c0       0xe0 ./Utilities/timer/stm32_timer.o
                0x000000000800c7c0                UTIL_TIMER_Stop
 .text.UTIL_TIMER_SetPeriod
                0x000000000800c8a0       0x54 ./Utilities/timer/stm32_timer.o
                0x000000000800c8a0                UTIL_TIMER_SetPeriod
 .text.UTIL_TIMER_GetCurrentTime
                0x000000000800c8f4       0x24 ./Utilities/timer/stm32_timer.o
                0x000000000800c8f4                UTIL_TIMER_GetCurrentTime
 .text.UTIL_TIMER_GetElapsedTime
                0x000000000800c918       0x38 ./Utilities/timer/stm32_timer.o
                0x000000000800c918                UTIL_TIMER_GetElapsedTime
 .text.TimerExists
                0x000000000800c950       0x38 ./Utilities/timer/stm32_timer.o
                0x000000000800c950                TimerExists
 .text.TimerSetTimeout
                0x000000000800c988       0x54 ./Utilities/timer/stm32_timer.o
                0x000000000800c988                TimerSetTimeout
 .text.TimerInsertTimer
                0x000000000800c9dc       0x60 ./Utilities/timer/stm32_timer.o
                0x000000000800c9dc                TimerInsertTimer
 .text.TimerInsertNewHeadTimer
                0x000000000800ca3c       0x3c ./Utilities/timer/stm32_timer.o
                0x000000000800ca3c                TimerInsertNewHeadTimer
 .text.UTIL_ADV_TRACE_Init
                0x000000000800ca78       0x38 ./Utilities/trace/adv_trace/stm32_adv_trace.o
                0x000000000800ca78                UTIL_ADV_TRACE_Init
 .text.UTIL_ADV_TRACE_COND_FSend
                0x000000000800cab0      0x100 ./Utilities/trace/adv_trace/stm32_adv_trace.o
                0x000000000800cab0                UTIL_ADV_TRACE_COND_FSend
 .text.UTIL_ADV_TRACE_RegisterTimeStampFunction
                0x000000000800cbb0       0x1c ./Utilities/trace/adv_trace/stm32_adv_trace.o
                0x000000000800cbb0                UTIL_ADV_TRACE_RegisterTimeStampFunction
 .text.UTIL_ADV_TRACE_SetVerboseLevel
                0x000000000800cbcc       0x20 ./Utilities/trace/adv_trace/stm32_adv_trace.o
                0x000000000800cbcc                UTIL_ADV_TRACE_SetVerboseLevel
 .text.TRACE_Send
                0x000000000800cbec      0x108 ./Utilities/trace/adv_trace/stm32_adv_trace.o
 .text.TRACE_TxCpltCallback
                0x000000000800ccf4      0x118 ./Utilities/trace/adv_trace/stm32_adv_trace.o
 .text.TRACE_AllocateBufer
                0x000000000800ce0c       0xfc ./Utilities/trace/adv_trace/stm32_adv_trace.o
 .text.TRACE_Lock
                0x000000000800cf08       0x3c ./Utilities/trace/adv_trace/stm32_adv_trace.o
 .text.TRACE_UnLock
                0x000000000800cf44       0x3c ./Utilities/trace/adv_trace/stm32_adv_trace.o
 .text.TRACE_IsLocked
                0x000000000800cf80       0x20 ./Utilities/trace/adv_trace/stm32_adv_trace.o
 .text.std      0x000000000800cfa0       0x6c E:/ST/STM32CubeIDE_1.13.1/STM32CubeIDE/plugins/com.st.stm32cube.ide.mcu.externaltools.gnu-tools-for-stm32.11.3.rel1.win32_1.1.100.202309141235/tools/bin/../lib/gcc/arm-none-eabi/11.3.1/../../../../arm-none-eabi/lib/thumb/v7e-m/nofp\libc_nano.a(libc_a-findfp.o)
 .text.stdio_exit_handler
                0x000000000800d00c       0x18 E:/ST/STM32CubeIDE_1.13.1/STM32CubeIDE/plugins/com.st.stm32cube.ide.mcu.externaltools.gnu-tools-for-stm32.11.3.rel1.win32_1.1.100.202309141235/tools/bin/../lib/gcc/arm-none-eabi/11.3.1/../../../../arm-none-eabi/lib/thumb/v7e-m/nofp\libc_nano.a(libc_a-findfp.o)
 .text.cleanup_stdio
                0x000000000800d024       0x40 E:/ST/STM32CubeIDE_1.13.1/STM32CubeIDE/plugins/com.st.stm32cube.ide.mcu.externaltools.gnu-tools-for-stm32.11.3.rel1.win32_1.1.100.202309141235/tools/bin/../lib/gcc/arm-none-eabi/11.3.1/../../../../arm-none-eabi/lib/thumb/v7e-m/nofp\libc_nano.a(libc_a-findfp.o)
 .text.global_stdio_init.part.0
                0x000000000800d064       0x3c E:/ST/STM32CubeIDE_1.13.1/STM32CubeIDE/plugins/com.st.stm32cube.ide.mcu.externaltools.gnu-tools-for-stm32.11.3.rel1.win32_1.1.100.202309141235/tools/bin/../lib/gcc/arm-none-eabi/11.3.1/../../../../arm-none-eabi/lib/thumb/v7e-m/nofp\libc_nano.a(libc_a-findfp.o)
 .text.__sfp_lock_acquire