Archive member included to satisfy reference by file (symbol)

E:/ST/STM32CubeIDE_1.13.1/STM32CubeIDE/plugins/com.st.stm32cube.ide.mcu.externaltools.gnu-tools-for-stm32.11.3.rel1.win32_1.1.100.202309141235/tools/bin/../lib/gcc/arm-none-eabi/11.3.1/../../../../arm-none-eabi/lib/thumb/v7e-m/nofp\libc_nano.a(libc_a-exit.o)
                              E:/ST/STM32CubeIDE_1.13.1/STM32CubeIDE/plugins/com.st.stm32cube.ide.mcu.externaltools.gnu-tools-for-stm32.11.3.rel1.win32_1.1.100.202309141235/tools/bin/../lib/gcc/arm-none-eabi/11.3.1/../../../../arm-none-eabi/lib/thumb/v7e-m/nofp/crt0.o (exit)
E:/ST/STM32CubeIDE_1.13.1/STM32CubeIDE/plugins/com.st.stm32cube.ide.mcu.externaltools.gnu-tools-for-stm32.11.3.rel1.win32_1.1.100.202309141235/tools/bin/../lib/gcc/arm-none-eabi/11.3.1/../../../../arm-none-eabi/lib/thumb/v7e-m/nofp\libc_nano.a(libc_a-findfp.o)
                              E:/ST/STM32CubeIDE_1.13.1/STM32CubeIDE/plugins/com.st.stm32cube.ide.mcu.externaltools.gnu-tools-for-stm32.11.3.rel1.win32_1.1.100.202309141235/tools/bin/../lib/gcc/arm-none-eabi/11.3.1/../../../../arm-none-eabi/lib/thumb/v7e-m/nofp\libc_nano.a(libc_a-exit.o) (__stdio_exit_handler)
E:/ST/STM32CubeIDE_1.13.1/STM32CubeIDE/plugins/com.st.stm32cube.ide.mcu.externaltools.gnu-tools-for-stm32.11.3.rel1.win32_1.1.100.202309141235/tools/bin/../lib/gcc/arm-none-eabi/11.3.1/../../../../arm-none-eabi/lib/thumb/v7e-m/nofp\libc_nano.a(libc_a-fwalk.o)
                              E:/ST/STM32CubeIDE_1.13.1/STM32CubeIDE/plugins/com.st.stm32cube.ide.mcu.externaltools.gnu-tools-for-stm32.11.3.rel1.win32_1.1.100.202309141235/tools/bin/../lib/gcc/arm-none-eabi/11.3.1/../../../../arm-none-eabi/lib/thumb/v7e-m/nofp\libc_nano.a(libc_a-findfp.o) (_fwalk_sglue)
E:/ST/STM32CubeIDE_1.13.1/STM32CubeIDE/plugins/com.st.stm32cube.ide.mcu.externaltools.gnu-tools-for-stm32.11.3.rel1.win32_1.1.100.202309141235/tools/bin/../lib/gcc/arm-none-eabi/11.3.1/../../../../arm-none-eabi/lib/thumb/v7e-m/nofp\libc_nano.a(libc_a-stdio.o)
                              E:/ST/STM32CubeIDE_1.13.1/STM32CubeIDE/plugins/com.st.stm32cube.ide.mcu.externaltools.gnu-tools-for-stm32.11.3.rel1.win32_1.1.100.202309141235/tools/bin/../lib/gcc/arm-none-eabi/11.3.1/../../../../arm-none-eabi/lib/thumb/v7e-m/nofp\libc_nano.a(libc_a-findfp.o) (__sread)
E:/ST/STM32CubeIDE_1.13.1/STM32CubeIDE/plugins/com.st.stm32cube.ide.mcu.externaltools.gnu-tools-for-stm32.11.3.rel1.win32_1.1.100.202309141235/tools/bin/../lib/gcc/arm-none-eabi/11.3.1/../../../../arm-none-eabi/lib/thumb/v7e-m/nofp\libc_nano.a(libc_a-memset.o)
                              E:/ST/STM32CubeIDE_1.13.1/STM32CubeIDE/plugins/com.st.stm32cube.ide.mcu.externaltools.gnu-tools-for-stm32.11.3.rel1.win32_1.1.100.202309141235/tools/bin/../lib/gcc/arm-none-eabi/11.3.1/../../../../arm-none-eabi/lib/thumb/v7e-m/nofp/crt0.o (memset)
E:/ST/STM32CubeIDE_1.13.1/STM32CubeIDE/plugins/com.st.stm32cube.ide.mcu.externaltools.gnu-tools-for-stm32.11.3.rel1.win32_1.1.100.202309141235/tools/bin/../lib/gcc/arm-none-eabi/11.3.1/../../../../arm-none-eabi/lib/thumb/v7e-m/nofp\libc_nano.a(libc_a-closer.o)
                              E:/ST/STM32CubeIDE_1.13.1/STM32CubeIDE/plugins/com.st.stm32cube.ide.mcu.externaltools.gnu-tools-for-stm32.11.3.rel1.win32_1.1.100.202309141235/tools/bin/../lib/gcc/arm-none-eabi/11.3.1/../../../../arm-none-eabi/lib/thumb/v7e-m/nofp\libc_nano.a(libc_a-stdio.o) (_close_r)
E:/ST/STM32CubeIDE_1.13.1/STM32CubeIDE/plugins/com.st.stm32cube.ide.mcu.externaltools.gnu-tools-for-stm32.11.3.rel1.win32_1.1.100.202309141235/tools/bin/../lib/gcc/arm-none-eabi/11.3.1/../../../../arm-none-eabi/lib/thumb/v7e-m/nofp\libc_nano.a(libc_a-reent.o)
                              E:/ST/STM32CubeIDE_1.13.1/STM32CubeIDE/plugins/com.st.stm32cube.ide.mcu.externaltools.gnu-tools-for-stm32.11.3.rel1.win32_1.1.100.202309141235/tools/bin/../lib/gcc/arm-none-eabi/11.3.1/../../../../arm-none-eabi/lib/thumb/v7e-m/nofp\libc_nano.a(libc_a-closer.o) (errno)
E:/ST/STM32CubeIDE_1.13.1/STM32CubeIDE/plugins/com.st.stm32cube.ide.mcu.externaltools.gnu-tools-for-stm32.11.3.rel1.win32_1.1.100.202309141235/tools/bin/../lib/gcc/arm-none-eabi/11.3.1/../../../../arm-none-eabi/lib/thumb/v7e-m/nofp\libc_nano.a(libc_a-impure.o)
                              E:/ST/STM32CubeIDE_1.13.1/STM32CubeIDE/plugins/com.st.stm32cube.ide.mcu.externaltools.gnu-tools-for-stm32.11.3.rel1.win32_1.1.100.202309141235/tools/bin/../lib/gcc/arm-none-eabi/11.3.1/../../../../arm-none-eabi/lib/thumb/v7e-m/nofp\libc_nano.a(libc_a-reent.o) (_impure_ptr)
E:/ST/STM32CubeIDE_1.13.1/STM32CubeIDE/plugins/com.st.stm32cube.ide.mcu.externaltools.gnu-tools-for-stm32.11.3.rel1.win32_1.1.100.202309141235/tools/bin/../lib/gcc/arm-none-eabi/11.3.1/../../../../arm-none-eabi/lib/thumb/v7e-m/nofp\libc_nano.a(libc_a-lseekr.o)
[...]
Memory Configuration

Name             Origin             Length             Attributes
RAM1             0x0000000020000000 0x0000000000008000 xrw
RAM2             0x0000000020008000 0x0000000000008000 xrw
FLASH            0x0000000008000000 0x0000000000040000 xr
*default*        0x0000000000000000 0xffffffffffffffff

Linker script and memory map

LOAD E:/ST/STM32CubeIDE_1.13.1/STM32CubeIDE/plugins/com.st.stm32cube.ide.mcu.externaltools.gnu-tools-for-stm32.11.3.rel1.win32_1.1.100.202309141235/tools/bin/../lib/gcc/arm-none-eabi/11.3.1/thumb/v7e-m/nofp/crti.o
LOAD E:/ST/STM32CubeIDE_1.13.1/STM32CubeIDE/plugins/com.st.stm32cube.ide.mcu.externaltools.gnu-tools-for-stm32.11.3.rel1.win32_1.1.100.202309141235/tools/bin/../lib/gcc/arm-none-eabi/11.3.1/thumb/v7e-m/nofp/crtbegin.o
LOAD E:/ST/STM32CubeIDE_1.13.1/STM32CubeIDE/plugins/com.st.stm32cube.ide.mcu.externaltools.gnu-tools-for-stm32.11.3.rel1.win32_1.1.100.202309141235/tools/bin/../lib/gcc/arm-none-eabi/11.3.1/../../../../arm-none-eabi/lib/thumb/v7e-m/nofp/crt0.o
LOAD ./Application/User/Core/dma.o
LOAD ./Application/User/Core/gpio.o
LOAD ./Application/User/Core/main.o
LOAD ./Application/User/Core/rtc.o
LOAD ./Application/User/Core/stm32_lpm_if.o
LOAD ./Application/User/Core/stm32wlxx_hal_msp.o
LOAD ./Application/User/Core/stm32wlxx_it.o
LOAD ./Application/User/Core/subghz.o
LOAD ./Application/User/Core/sys_app.o
LOAD ./Application/User/Core/sys_debug.o
LOAD ./Application/User/Core/syscalls.o
LOAD ./Application/User/Core/sysmem.o
LOAD ./Application/User/Core/timer_if.o
LOAD ./Application/User/Core/usart.o
LOAD ./Application/User/Core/usart_if.o
LOAD ./Application/User/Startup/startup_stm32wl55jcix.o
LOAD ./Application/User/SubGHz_Phy/App/app_subghz_phy.o
LOAD ./Application/User/SubGHz_Phy/App/subghz_phy_app.o
LOAD ./Application/User/SubGHz_Phy/Target/radio_board_if.o
LOAD ./Drivers/BSP/STM32WLxx_Nucleo/stm32wlxx_nucleo.o
LOAD ./Drivers/BSP/STM32WLxx_Nucleo/stm32wlxx_nucleo_radio.o
LOAD ./Drivers/CMSIS/system_stm32wlxx.o
LOAD ./Drivers/STM32WLxx_HAL_Driver/stm32wlxx_hal.o
LOAD ./Drivers/STM32WLxx_HAL_Driver/stm32wlxx_hal_cortex.o
LOAD ./Drivers/STM32WLxx_HAL_Driver/stm32wlxx_hal_dma.o
LOAD ./Drivers/STM32WLxx_HAL_Driver/stm32wlxx_hal_dma_ex.o
LOAD ./Drivers/STM32WLxx_HAL_Driver/stm32wlxx_hal_exti.o
LOAD ./Drivers/STM32WLxx_HAL_Driver/stm32wlxx_hal_flash.o
LOAD ./Drivers/STM32WLxx_HAL_Driver/stm32wlxx_hal_flash_ex.o
LOAD ./Drivers/STM32WLxx_HAL_Driver/stm32wlxx_hal_gpio.o
LOAD ./Drivers/STM32WLxx_HAL_Driver/stm32wlxx_hal_pwr.o
LOAD ./Drivers/STM32WLxx_HAL_Driver/stm32wlxx_hal_pwr_ex.o
LOAD ./Drivers/STM32WLxx_HAL_Driver/stm32wlxx_hal_rcc.o
LOAD ./Drivers/STM32WLxx_HAL_Driver/stm32wlxx_hal_rcc_ex.o
LOAD ./Drivers/STM32WLxx_HAL_Driver/stm32wlxx_hal_rtc.o
LOAD ./Drivers/STM32WLxx_HAL_Driver/stm32wlxx_hal_rtc_ex.o
LOAD ./Drivers/STM32WLxx_HAL_Driver/stm32wlxx_hal_subghz.o
LOAD ./Drivers/STM32WLxx_HAL_Driver/stm32wlxx_hal_tim.o
LOAD ./Drivers/STM32WLxx_HAL_Driver/stm32wlxx_hal_tim_ex.o
LOAD ./Drivers/STM32WLxx_HAL_Driver/stm32wlxx_hal_uart.o
LOAD ./Drivers/STM32WLxx_HAL_Driver/stm32wlxx_hal_uart_ex.o
LOAD ./Middlewares/SubGHz_Phy/lr_fhss_mac.o
LOAD ./Middlewares/SubGHz_Phy/radio.o
LOAD ./Middlewares/SubGHz_Phy/radio_driver.o
LOAD ./Middlewares/SubGHz_Phy/radio_fw.o
LOAD ./Middlewares/SubGHz_Phy/wl_lr_fhss.o
LOAD ./Utilities/stm32_adv_trace.o
LOAD ./Utilities/stm32_lpm.o
LOAD ./Utilities/stm32_mem.o
LOAD ./Utilities/stm32_seq.o
LOAD ./Utilities/stm32_systime.o
LOAD ./Utilities/stm32_timer.o
LOAD ./Utilities/stm32_tiny_sscanf.o
LOAD ./Utilities/stm32_tiny_vsnprintf.o
START GROUP
LOAD E:/ST/STM32CubeIDE_1.13.1/STM32CubeIDE/plugins/com.st.stm32cube.ide.mcu.externaltools.gnu-tools-for-stm32.11.3.rel1.win32_1.1.100.202309141235/tools/bin/../lib/gcc/arm-none-eabi/11.3.1/../../../../arm-none-eabi/lib/thumb/v7e-m/nofp\libc_nano.a
LOAD E:/ST/STM32CubeIDE_1.13.1/STM32CubeIDE/plugins/com.st.stm32cube.ide.mcu.externaltools.gnu-tools-for-stm32.11.3.rel1.win32_1.1.100.202309141235/tools/bin/../lib/gcc/arm-none-eabi/11.3.1/../../../../arm-none-eabi/lib/thumb/v7e-m/nofp\libm.a
END GROUP
START GROUP
LOAD E:/ST/STM32CubeIDE_1.13.1/STM32CubeIDE/plugins/com.st.stm32cube.ide.mcu.externaltools.gnu-tools-for-stm32.11.3.rel1.win32_1.1.100.202309141235/tools/bin/../lib/gcc/arm-none-eabi/11.3.1/thumb/v7e-m/nofp\libgcc.a
LOAD E:/ST/STM32CubeIDE_1.13.1/STM32CubeIDE/plugins/com.st.stm32cube.ide.mcu.externaltools.gnu-tools-for-stm32.11.3.rel1.win32_1.1.100.202309141235/tools/bin/../lib/gcc/arm-none-eabi/11.3.1/../../../../arm-none-eabi/lib/thumb/v7e-m/nofp\libc_nano.a
END GROUP
START GROUP
LOAD E:/ST/STM32CubeIDE_1.13.1/STM32CubeIDE/plugins/com.st.stm32cube.ide.mcu.externaltools.gnu-tools-for-stm32.11.3.rel1.win32_1.1.100.202309141235/tools/bin/../lib/gcc/arm-none-eabi/11.3.1/thumb/v7e-m/nofp\libgcc.a
LOAD E:/ST/STM32CubeIDE_1.13.1/STM32CubeIDE/plugins/com.st.stm32cube.ide.mcu.externaltools.gnu-tools-for-stm32.11.3.rel1.win32_1.1.100.202309141235/tools/bin/../lib/gcc/arm-none-eabi/11.3.1/../../../../arm-none-eabi/lib/thumb/v7e-m/nofp\libc_nano.a
LOAD E:/ST/STM32CubeIDE_1.13.1/STM32CubeIDE/plugins/com.st.stm32cube.ide.mcu.externaltools.gnu-tools-for-stm32.11.3.rel1.win32_1.1.100.202309141235/tools/bin/../lib/gcc/arm-none-eabi/11.3.1/../../../../arm-none-eabi/lib/thumb/v7e-m/nofp\libnosys.a
END GROUP
START GROUP
LOAD E:/ST/STM32CubeIDE_1.13.1/STM32CubeIDE/plugins/com.st.stm32cube.ide.mcu.externaltools.gnu-tools-for-stm32.11.3.rel1.win32_1.1.100.202309141235/tools/bin/../lib/gcc/arm-none-eabi/11.3.1/thumb/v7e-m/nofp\libgcc.a
LOAD E:/ST/STM32CubeIDE_1.13.1/STM32CubeIDE/plugins/com.st.stm32cube.ide.mcu.externaltools.gnu-tools-for-stm32.11.3.rel1.win32_1.1.100.202309141235/tools/bin/../lib/gcc/arm-none-eabi/11.3.1/../../../../arm-none-eabi/lib/thumb/v7e-m/nofp\libc_nano.a
LOAD E:/ST/STM32CubeIDE_1.13.1/STM32CubeIDE/plugins/com.st.stm32cube.ide.mcu.externaltools.gnu-tools-for-stm32.11.3.rel1.win32_1.1.100.202309141235/tools/bin/../lib/gcc/arm-none-eabi/11.3.1/../../../../arm-none-eabi/lib/thumb/v7e-m/nofp\libnosys.a
END GROUP
LOAD E:/ST/STM32CubeIDE_1.13.1/STM32CubeIDE/plugins/com.st.stm32cube.ide.mcu.externaltools.gnu-tools-for-stm32.11.3.rel1.win32_1.1.100.202309141235/tools/bin/../lib/gcc/arm-none-eabi/11.3.1/thumb/v7e-m/nofp/crtend.o
LOAD E:/ST/STM32CubeIDE_1.13.1/STM32CubeIDE/plugins/com.st.stm32cube.ide.mcu.externaltools.gnu-tools-for-stm32.11.3.rel1.win32_1.1.100.202309141235/tools/bin/../lib/gcc/arm-none-eabi/11.3.1/thumb/v7e-m/nofp/crtn.o
                0x0000000020008000                _estack = (ORIGIN (RAM1) + LENGTH (RAM1))
                0x0000000000000200                _Min_Heap_Size = 0x200
                0x0000000000000800                _Min_Stack_Size = 0x800

.isr_vector     0x0000000008000000      0x138
                0x0000000008000000                . = ALIGN (0x8)
 *(.isr_vector)
 .isr_vector    0x0000000008000000      0x138 ./Application/User/Startup/startup_stm32wl55jcix.o
                0x0000000008000000                g_pfnVectors
                0x0000000008000138                . = ALIGN (0x8)

.text           0x0000000008000138     0x7550
                0x0000000008000138                . = ALIGN (0x8)
 *(.text)
 .text          0x0000000008000138       0x40 E:/ST/STM32CubeIDE_1.13.1/STM32CubeIDE/plugins/com.st.stm32cube.ide.mcu.externaltools.gnu-tools-for-stm32.11.3.rel1.win32_1.1.100.202309141235/tools/bin/../lib/gcc/arm-none-eabi/11.3.1/thumb/v7e-m/nofp/crtbegin.o
 .text          0x0000000008000178       0x10 E:/ST/STM32CubeIDE_1.13.1/STM32CubeIDE/plugins/com.st.stm32cube.ide.mcu.externaltools.gnu-tools-for-stm32.11.3.rel1.win32_1.1.100.202309141235/tools/bin/../lib/gcc/arm-none-eabi/11.3.1/../../../../arm-none-eabi/lib/thumb/v7e-m/nofp\libc_nano.a(libc_a-strlen.o)
                0x0000000008000178                strlen
 .text          0x0000000008000188       0x30 E:/ST/STM32CubeIDE_1.13.1/STM32CubeIDE/plugins/com.st.stm32cube.ide.mcu.externaltools.gnu-tools-for-stm32.11.3.rel1.win32_1.1.100.202309141235/tools/bin/../lib/gcc/arm-none-eabi/11.3.1/thumb/v7e-m/nofp\libgcc.a(_aeabi_uldivmod.o)
                0x0000000008000188                __aeabi_uldivmod
 .text          0x00000000080001b8      0x2c8 E:/ST/STM32CubeIDE_1.13.1/STM32CubeIDE/plugins/com.st.stm32cube.ide.mcu.externaltools.gnu-tools-for-stm32.11.3.rel1.win32_1.1.100.202309141235/tools/bin/../lib/gcc/arm-none-eabi/11.3.1/thumb/v7e-m/nofp\libgcc.a(_udivmoddi4.o)
                0x00000000080001b8                __udivmoddi4
 .text          0x0000000008000480        0x4 E:/ST/STM32CubeIDE_1.13.1/STM32CubeIDE/plugins/com.st.stm32cube.ide.mcu.externaltools.gnu-tools-for-stm32.11.3.rel1.win32_1.1.100.202309141235/tools/bin/../lib/gcc/arm-none-eabi/11.3.1/thumb/v7e-m/nofp\libgcc.a(_dvmd_tls.o)
                0x0000000008000480                __aeabi_idiv0
                0x0000000008000480                __aeabi_ldiv0
 *(.text*)
 .text.MX_DMA_Init
                0x0000000008000484       0x42 ./Application/User/Core/dma.o
                0x0000000008000484                MX_DMA_Init
 *fill*         0x00000000080004c6        0x2 
 .text.MX_GPIO_Init
                0x00000000080004c8       0x78 ./Application/User/Core/gpio.o
                0x00000000080004c8                MX_GPIO_Init
 .text.Error_Handler
                0x0000000008000540        0x4 ./Application/User/Core/main.o
                0x0000000008000540                Error_Handler
 .text.SystemClock_Config
                0x0000000008000544       0x8e ./Application/User/Core/main.o
                0x0000000008000544                SystemClock_Config
 .text.main     0x00000000080005d2       0x18 ./Application/User/Core/main.o
                0x00000000080005d2                main
 *fill*         0x00000000080005ea        0x2 
 .text.MX_RTC_Init
                0x00000000080005ec       0x48 ./Application/User/Core/rtc.o
                0x00000000080005ec                MX_RTC_Init
 .text.HAL_RTC_MspInit
                0x0000000008000634       0x70 ./Application/User/Core/rtc.o
                0x0000000008000634                HAL_RTC_MspInit
 .text.PWR_EnterOffMode
                0x00000000080006a4        0x2 ./Application/User/Core/stm32_lpm_if.o
                0x00000000080006a4                PWR_EnterOffMode
 .text.PWR_ExitOffMode
                0x00000000080006a6        0x2 ./Application/User/Core/stm32_lpm_if.o
                0x00000000080006a6                PWR_ExitOffMode
 .text.PWR_EnterStopMode
                0x00000000080006a8       0x18 ./Application/User/Core/stm32_lpm_if.o
                0x00000000080006a8                PWR_EnterStopMode
 .text.PWR_ExitSleepMode
                0x00000000080006c0        0x8 ./Application/User/Core/stm32_lpm_if.o
                0x00000000080006c0                PWR_ExitSleepMode
 .text.PWR_ExitStopMode
                0x00000000080006c8        0xc ./Application/User/Core/stm32_lpm_if.o
                0x00000000080006c8                PWR_ExitStopMode
 .text.PWR_EnterSleepMode
                0x00000000080006d4       0x10 ./Application/User/Core/stm32_lpm_if.o
                0x00000000080006d4                PWR_EnterSleepMode
 .text.HAL_MspInit
                0x00000000080006e4        0x2 ./Application/User/Core/stm32wlxx_hal_msp.o
                0x00000000080006e4                HAL_MspInit
 .text.NMI_Handler
                0x00000000080006e6        0x2 ./Application/User/Core/stm32wlxx_it.o
                0x00000000080006e6                NMI_Handler
 .text.HardFault_Handler
                0x00000000080006e8        0x2 ./Application/User/Core/stm32wlxx_it.o
                0x00000000080006e8                HardFault_Handler
 .text.MemManage_Handler
                0x00000000080006ea        0x2 ./Application/User/Core/stm32wlxx_it.o
                0x00000000080006ea                MemManage_Handler
 .text.BusFault_Handler
                0x00000000080006ec        0x2 ./Application/User/Core/stm32wlxx_it.o
                0x00000000080006ec                BusFault_Handler
 .text.UsageFault_Handler
                0x00000000080006ee        0x2 ./Application/User/Core/stm32wlxx_it.o
                0x00000000080006ee                UsageFault_Handler
 .text.SVC_Handler
                0x00000000080006f0        0x2 ./Application/User/Core/stm32wlxx_it.o
                0x00000000080006f0                SVC_Handler
 .text.DebugMon_Handler
                0x00000000080006f2        0x2 ./Application/User/Core/stm32wlxx_it.o
                0x00000000080006f2                DebugMon_Handler
 .text.PendSV_Handler
                0x00000000080006f4        0x2 ./Application/User/Core/stm32wlxx_it.o
                0x00000000080006f4                PendSV_Handler
 .text.SysTick_Handler
                0x00000000080006f6        0x2 ./Application/User/Core/stm32wlxx_it.o
                0x00000000080006f6                SysTick_Handler
 .text.TAMP_STAMP_LSECSS_SSRU_IRQHandler
                0x00000000080006f8       0x10 ./Application/User/Core/stm32wlxx_it.o
                0x00000000080006f8                TAMP_STAMP_LSECSS_SSRU_IRQHandler
 .text.DMA1_Channel5_IRQHandler
                0x0000000008000708       0x10 ./Application/User/Core/stm32wlxx_it.o
                0x0000000008000708                DMA1_Channel5_IRQHandler
 .text.USART2_IRQHandler
                0x0000000008000718       0x10 ./Application/User/Core/stm32wlxx_it.o
                0x0000000008000718                USART2_IRQHandler
 .text.SUBGHZ_Radio_IRQHandler
                0x0000000008000728       0x10 ./Application/User/Core/stm32wlxx_it.o
                0x0000000008000728                SUBGHZ_Radio_IRQHandler
 .text.MX_SUBGHZ_Init
                0x0000000008000738       0x1c ./Application/User/Core/subghz.o
                0x0000000008000738                MX_SUBGHZ_Init
 .text.HAL_SUBGHZ_MspInit
                0x0000000008000754       0x30 ./Application/User/Core/subghz.o
                0x0000000008000754                HAL_SUBGHZ_MspInit
 .text.tiny_snprintf_like
                0x0000000008000784       0x1c ./Application/User/Core/sys_app.o
 .text.TimestampNow
                0x00000000080007a0       0x30 ./Application/User/Core/sys_app.o
 .text.SystemApp_Init
                0x00000000080007d0       0x44 ./Application/User/Core/sys_app.o
                0x00000000080007d0                SystemApp_Init
 .text.UTIL_SEQ_Idle
                0x0000000008000814        0x8 ./Application/User/Core/sys_app.o
                0x0000000008000814                UTIL_SEQ_Idle
 .text.UTIL_ADV_TRACE_PreSendHook
                0x000000000800081c        0xc ./Application/User/Core/sys_app.o
                0x000000000800081c                UTIL_ADV_TRACE_PreSendHook
 .text.UTIL_ADV_TRACE_PostSendHook
                0x0000000008000828        0xc ./Application/User/Core/sys_app.o
                0x0000000008000828                UTIL_ADV_TRACE_PostSendHook
 .text.HAL_InitTick
                0x0000000008000834        0x4 ./Application/User/Core/sys_app.o
                0x0000000008000834                HAL_InitTick
 .text.HAL_GetTick
                0x0000000008000838       0x18 ./Application/User/Core/sys_app.o
                0x0000000008000838                HAL_GetTick
 .text.HAL_Delay
                0x0000000008000850       0x12 ./Application/User/Core/sys_app.o
                0x0000000008000850                HAL_Delay
 .text.DBG_Init
                0x0000000008000862       0x10 ./Application/User/Core/sys_debug.o
                0x0000000008000862                DBG_Init
 *fill*         0x0000000008000872        0x2 
 .text.TIMER_IF_SetTimerContext
                0x0000000008000874       0x24 ./Application/User/Core/timer_if.o
                0x0000000008000874                TIMER_IF_SetTimerContext
 .text.TIMER_IF_GetTimerContext
                0x0000000008000898        0xc ./Application/User/Core/timer_if.o
                0x0000000008000898                TIMER_IF_GetTimerContext
 .text.TIMER_IF_GetTimerElapsedTime
                0x00000000080008a4       0x24 ./Application/User/Core/timer_if.o
                0x00000000080008a4                TIMER_IF_GetTimerElapsedTime
 .text.TIMER_IF_GetTimerValue
                0x00000000080008c8       0x28 ./Application/User/Core/timer_if.o
                0x00000000080008c8                TIMER_IF_GetTimerValue
 .text.TIMER_IF_GetMinimumTimeout
                0x00000000080008f0        0x4 ./Application/User/Core/timer_if.o
                0x00000000080008f0                TIMER_IF_GetMinimumTimeout
 .text.TIMER_IF_Convert_ms2Tick
                0x00000000080008f4       0x14 ./Application/User/Core/timer_if.o
                0x00000000080008f4                TIMER_IF_Convert_ms2Tick
 .text.TIMER_IF_Convert_Tick2ms
                0x0000000008000908       0x28 ./Application/User/Core/timer_if.o
                0x0000000008000908                TIMER_IF_Convert_Tick2ms
 .text.TIMER_IF_StopTimer
                0x0000000008000930       0x28 ./Application/User/Core/timer_if.o
                0x0000000008000930                TIMER_IF_StopTimer
 .text.TIMER_IF_BkUp_Write_MSBticks
                0x0000000008000958       0x14 ./Application/User/Core/timer_if.o
 .text.TIMER_IF_Init
                0x000000000800096c       0x48 ./Application/User/Core/timer_if.o
                0x000000000800096c                TIMER_IF_Init
 .text.TIMER_IF_BkUp_Write_Seconds
                0x00000000080009b4       0x14 ./Application/User/Core/timer_if.o
                0x00000000080009b4                TIMER_IF_BkUp_Write_Seconds
 .text.TIMER_IF_BkUp_Write_SubSeconds
                0x00000000080009c8       0x14 ./Application/User/Core/timer_if.o
                0x00000000080009c8                TIMER_IF_BkUp_Write_SubSeconds
 .text.TIMER_IF_StartTimer
                0x00000000080009dc       0x50 ./Application/User/Core/timer_if.o
                0x00000000080009dc                TIMER_IF_StartTimer
 .text.TIMER_IF_BkUp_Read_MSBticks
                0x0000000008000a2c       0x10 ./Application/User/Core/timer_if.o
 .text.TIMER_IF_GetTime
                0x0000000008000a3c       0x38 ./Application/User/Core/timer_if.o
                0x0000000008000a3c                TIMER_IF_GetTime
 .text.TIMER_IF_BkUp_Read_Seconds
                0x0000000008000a74       0x10 ./Application/User/Core/timer_if.o
                0x0000000008000a74                TIMER_IF_BkUp_Read_Seconds
 .text.TIMER_IF_BkUp_Read_SubSeconds
                0x0000000008000a84       0x10 ./Application/User/Core/timer_if.o
                0x0000000008000a84                TIMER_IF_BkUp_Read_SubSeconds
 .text.TIMER_IF_DelayMs
                0x0000000008000a94       0x40 ./Application/User/Core/timer_if.o
                0x0000000008000a94                TIMER_IF_DelayMs
 .text.HAL_RTCEx_SSRUEventCallback
                0x0000000008000ad4        0xe ./Application/User/Core/timer_if.o
                0x0000000008000ad4                HAL_RTCEx_SSRUEventCallback
 *fill*         0x0000000008000ae2        0x2 
 .text.MX_USART2_UART_Init
                0x0000000008000ae4       0x68 ./Application/User/Core/usart.o
                0x0000000008000ae4                MX_USART2_UART_Init
 .text.HAL_UART_MspInit
                0x0000000008000b4c       0xe4 ./Application/User/Core/usart.o
                0x0000000008000b4c                HAL_UART_MspInit
 .text.HAL_UART_MspDeInit
                0x0000000008000c30       0x38 ./Application/User/Core/usart.o
                0x0000000008000c30                HAL_UART_MspDeInit
 .text.vcom_Init
                0x0000000008000c68       0x28 ./Application/User/Core/usart_if.o
                0x0000000008000c68                vcom_Init
 .text.vcom_DeInit
                0x0000000008000c90       0x2c ./Application/User/Core/usart_if.o
                0x0000000008000c90                vcom_DeInit
 .text.vcom_Trace_DMA
                0x0000000008000cbc       0x14 ./Application/User/Core/usart_if.o
                0x0000000008000cbc                vcom_Trace_DMA
 .text.vcom_ReceiveInit
                0x0000000008000cd0       0x5c ./Application/User/Core/usart_if.o
                0x0000000008000cd0                vcom_ReceiveInit
 .text.vcom_Resume
                0x0000000008000d2c       0x28 ./Application/User/Core/usart_if.o
                0x0000000008000d2c                vcom_Resume
 .text.HAL_UART_TxCpltCallback
                0x0000000008000d54       0x20 ./Application/User/Core/usart_if.o
                0x0000000008000d54                HAL_UART_TxCpltCallback
 .text.HAL_UART_RxCpltCallback
                0x0000000008000d74       0x38 ./Application/User/Core/usart_if.o
                0x0000000008000d74                HAL_UART_RxCpltCallback
 .text.Reset_Handler
                0x0000000008000dac       0x50 ./Application/User/Startup/startup_stm32wl55jcix.o
                0x0000000008000dac                Reset_Handler
 .text.Default_Handler
                0x0000000008000dfc        0x2 ./Application/User/Startup/startup_stm32wl55jcix.o
                0x0000000008000dfc                RTC_Alarm_IRQHandler
                0x0000000008000dfc                EXTI2_IRQHandler
                0x0000000008000dfc                TIM1_CC_IRQHandler
                0x0000000008000dfc                EXTI3_IRQHandler
                0x0000000008000dfc                LPTIM2_IRQHandler
                0x0000000008000dfc                I2C3_ER_IRQHandler
                0x0000000008000dfc                LPTIM3_IRQHandler
                0x0000000008000dfc                EXTI0_IRQHandler
                0x0000000008000dfc                I2C2_EV_IRQHandler
                0x0000000008000dfc                SPI1_IRQHandler
                0x0000000008000dfc                DMA2_Channel2_IRQHandler
                0x0000000008000dfc                DMA1_Channel4_IRQHandler
                0x0000000008000dfc                PKA_IRQHandler
                0x0000000008000dfc                TIM17_IRQHandler
                0x0000000008000dfc                DMA1_Channel7_IRQHandler
                0x0000000008000dfc                SUBGHZSPI_IRQHandler
                0x0000000008000dfc                IPCC_C1_TX_IRQHandler
                0x0000000008000dfc                DMA2_Channel1_IRQHandler
                0x0000000008000dfc                I2C1_EV_IRQHandler
                0x0000000008000dfc                DMAMUX1_OVR_IRQHandler
                0x0000000008000dfc                DMA1_Channel6_IRQHandler
                0x0000000008000dfc                TIM16_IRQHandler
                0x0000000008000dfc                DMA2_Channel4_IRQHandler
                0x0000000008000dfc                RCC_IRQHandler
                0x0000000008000dfc                TIM1_TRG_COM_IRQHandler
                0x0000000008000dfc                DMA1_Channel1_IRQHandler
                0x0000000008000dfc                Default_Handler
                0x0000000008000dfc                DMA2_Channel7_IRQHandler
                0x0000000008000dfc                EXTI15_10_IRQHandler
                0x0000000008000dfc                IPCC_C1_RX_IRQHandler
                0x0000000008000dfc                ADC_IRQHandler
                0x0000000008000dfc                C2SEV_PWR_C2H_IRQHandler
                0x0000000008000dfc                I2C3_EV_IRQHandler
                0x0000000008000dfc                EXTI9_5_IRQHandler
                0x0000000008000dfc                RTC_WKUP_IRQHandler
                0x0000000008000dfc                PVD_PVM_IRQHandler
                0x0000000008000dfc                SPI2_IRQHandler
                0x0000000008000dfc                DMA2_Channel5_IRQHandler
                0x0000000008000dfc                EXTI4_IRQHandler
                0x0000000008000dfc                RNG_IRQHandler
                0x0000000008000dfc                DMA1_Channel3_IRQHandler
                0x0000000008000dfc                COMP_IRQHandler
                0x0000000008000dfc                HSEM_IRQHandler
                0x0000000008000dfc                TIM1_UP_IRQHandler
                0x0000000008000dfc                WWDG_IRQHandler
                0x0000000008000dfc                LPUART1_IRQHandler
                0x0000000008000dfc                DMA2_Channel6_IRQHandler
                0x0000000008000dfc                TIM2_IRQHandler
                0x0000000008000dfc                TIM1_BRK_IRQHandler
                0x0000000008000dfc                DAC_IRQHandler
                0x0000000008000dfc                EXTI1_IRQHandler
                0x0000000008000dfc                AES_IRQHandler
                0x0000000008000dfc                I2C2_ER_IRQHandler
                0x0000000008000dfc                DMA1_Channel2_IRQHandler
                0x0000000008000dfc                FLASH_IRQHandler
                0x0000000008000dfc                USART1_IRQHandler
                0x0000000008000dfc                I2C1_ER_IRQHandler
                0x0000000008000dfc                LPTIM1_IRQHandler
                0x0000000008000dfc                DMA2_Channel3_IRQHandler
 .text.MX_SubGHz_Phy_Init
                0x0000000008000dfe        0xc ./Application/User/SubGHz_Phy/App/app_subghz_phy.o
                0x0000000008000dfe                MX_SubGHz_Phy_Init
 .text.MX_SubGHz_Phy_Process
                0x0000000008000e0a        0xc ./Application/User/SubGHz_Phy/App/app_subghz_phy.o
                0x0000000008000e0a                MX_SubGHz_Phy_Process
 *fill*         0x0000000008000e16        0x2 
 .text.OnRxError
                0x0000000008000e18       0x14 ./Application/User/SubGHz_Phy/App/subghz_phy_app.o
 .text.OnRxTimeout
                0x0000000008000e2c       0x14 ./Application/User/SubGHz_Phy/App/subghz_phy_app.o
 .text.OnTxTimeout
                0x0000000008000e40       0x14 ./Application/User/SubGHz_Phy/App/subghz_phy_app.o
 .text.OnRxDone
                0x0000000008000e54       0x14 ./Application/User/SubGHz_Phy/App/subghz_phy_app.o
 .text.OnTxDone
                0x0000000008000e68       0x14 ./Application/User/SubGHz_Phy/App/subghz_phy_app.o
 .text.SubghzApp_Init
                0x0000000008000e7c      0x150 ./Application/User/SubGHz_Phy/App/subghz_phy_app.o
                0x0000000008000e7c                SubghzApp_Init
 .text.RBI_Init
                0x0000000008000fcc        0x8 ./Application/User/SubGHz_Phy/Target/radio_board_if.o
                0x0000000008000fcc                RBI_Init
 .text.RBI_ConfigRFSwitch
                0x0000000008000fd4        0x8 ./Application/User/SubGHz_Phy/Target/radio_board_if.o
                0x0000000008000fd4                RBI_ConfigRFSwitch
 .text.RBI_GetTxConfig
                0x0000000008000fdc        0x8 ./Application/User/SubGHz_Phy/Target/radio_board_if.o
                0x0000000008000fdc                RBI_GetTxConfig
 .text.RBI_IsTCXO
                0x0000000008000fe4        0x8 ./Application/User/SubGHz_Phy/Target/radio_board_if.o
                0x0000000008000fe4                RBI_IsTCXO
 .text.RBI_IsDCDC
                0x0000000008000fec        0x8 ./Application/User/SubGHz_Phy/Target/radio_board_if.o
                0x0000000008000fec                RBI_IsDCDC
 .text.RBI_GetRFOMaxPowerConfig
                0x0000000008000ff4        0x8 ./Application/User/SubGHz_Phy/Target/radio_board_if.o
                0x0000000008000ff4                RBI_GetRFOMaxPowerConfig
 .text.BSP_RADIO_Init
                0x0000000008000ffc       0x84 ./Drivers/BSP/STM32WLxx_Nucleo/stm32wlxx_nucleo_radio.o
                0x0000000008000ffc                BSP_RADIO_Init
 .text.BSP_RADIO_ConfigRFSwitch
                0x0000000008001080       0x9c ./Drivers/BSP/STM32WLxx_Nucleo/stm32wlxx_nucleo_radio.o
                0x0000000008001080                BSP_RADIO_ConfigRFSwitch
 .text.BSP_RADIO_GetTxConfig
                0x000000000800111c        0x4 ./Drivers/BSP/STM32WLxx_Nucleo/stm32wlxx_nucleo_radio.o
                0x000000000800111c                BSP_RADIO_GetTxConfig
 .text.BSP_RADIO_IsTCXO
                0x0000000008001120        0x4 ./Drivers/BSP/STM32WLxx_Nucleo/stm32wlxx_nucleo_radio.o
                0x0000000008001120                BSP_RADIO_IsTCXO
 .text.BSP_RADIO_IsDCDC
                0x0000000008001124        0x4 ./Drivers/BSP/STM32WLxx_Nucleo/stm32wlxx_nucleo_radio.o
                0x0000000008001124                BSP_RADIO_IsDCDC
 .text.BSP_RADIO_GetRFOMaxPowerConfig
                0x0000000008001128        0xa ./Drivers/BSP/STM32WLxx_Nucleo/stm32wlxx_nucleo_radio.o
                0x0000000008001128                BSP_RADIO_GetRFOMaxPowerConfig
 .text.SystemInit
                0x0000000008001132        0x2 ./Drivers/CMSIS/system_stm32wlxx.o
                0x0000000008001132                SystemInit
 .text.HAL_Init
                0x0000000008001134       0x2c ./Drivers/STM32WLxx_HAL_Driver/stm32wlxx_hal.o
                0x0000000008001134                HAL_Init
 .text.HAL_SuspendTick
                0x0000000008001160        0xe ./Drivers/STM32WLxx_HAL_Driver/stm32wlxx_hal.o
                0x0000000008001160                HAL_SuspendTick
 .text.HAL_ResumeTick
                0x000000000800116e        0xe ./Drivers/STM32WLxx_HAL_Driver/stm32wlxx_hal.o
                0x000000000800116e                HAL_ResumeTick
 .text.HAL_DBGMCU_DisableDBGSleepMode
                0x000000000800117c       0x10 ./Drivers/STM32WLxx_HAL_Driver/stm32wlxx_hal.o
                0x000000000800117c                HAL_DBGMCU_DisableDBGSleepMode
 .text.HAL_DBGMCU_DisableDBGStopMode
                0x000000000800118c       0x10 ./Drivers/STM32WLxx_HAL_Driver/stm32wlxx_hal.o
                0x000000000800118c                HAL_DBGMCU_DisableDBGStopMode
 .text.HAL_DBGMCU_DisableDBGStandbyMode
                0x000000000800119c       0x10 ./Drivers/STM32WLxx_HAL_Driver/stm32wlxx_hal.o
                0x000000000800119c                HAL_DBGMCU_DisableDBGStandbyMode
 .text.HAL_NVIC_SetPriorityGrouping
                0x00000000080011ac       0x24 ./Drivers/STM32WLxx_HAL_Driver/stm32wlxx_hal_cortex.o
                0x00000000080011ac                HAL_NVIC_SetPriorityGrouping
 .text.HAL_NVIC_SetPriority
                0x00000000080011d0       0x70 ./Drivers/STM32WLxx_HAL_Driver/stm32wlxx_hal_cortex.o
                0x00000000080011d0                HAL_NVIC_SetPriority
 .text.HAL_NVIC_EnableIRQ
                0x0000000008001240       0x1c ./Drivers/STM32WLxx_HAL_Driver/stm32wlxx_hal_cortex.o
                0x0000000008001240                HAL_NVIC_EnableIRQ
 .text.HAL_NVIC_DisableIRQ
                0x000000000800125c       0x24 ./Drivers/STM32WLxx_HAL_Driver/stm32wlxx_hal_cortex.o
                0x000000000800125c                HAL_NVIC_DisableIRQ
 .text.DMA_SetConfig
                0x0000000008001280       0x4e ./Drivers/STM32WLxx_HAL_Driver/stm32wlxx_hal_dma.o
 *fill*         0x00000000080012ce        0x2 
 .text.DMA_CalcDMAMUXChannelBaseAndMask
                0x00000000080012d0       0x64 ./Drivers/STM32WLxx_HAL_Driver/stm32wlxx_hal_dma.o
 .text.DMA_CalcDMAMUXRequestGenBaseAndMask
                0x0000000008001334       0x2c ./Drivers/STM32WLxx_HAL_Driver/stm32wlxx_hal_dma.o
 .text.HAL_DMA_Init
                0x0000000008001360       0xe4 ./Drivers/STM32WLxx_HAL_Driver/stm32wlxx_hal_dma.o
                0x0000000008001360                HAL_DMA_Init
 .text.HAL_DMA_DeInit
                0x0000000008001444       0xb8 ./Drivers/STM32WLxx_HAL_Driver/stm32wlxx_hal_dma.o
                0x0000000008001444                HAL_DMA_DeInit
 .text.HAL_DMA_Start_IT
                0x00000000080014fc       0x98 ./Drivers/STM32WLxx_HAL_Driver/stm32wlxx_hal_dma.o
                0x00000000080014fc                HAL_DMA_Start_IT
 .text.HAL_DMA_Abort
                0x0000000008001594       0x74 ./Drivers/STM32WLxx_HAL_Driver/stm32wlxx_hal_dma.o
                0x0000000008001594                HAL_DMA_Abort
 .text.HAL_DMA_Abort_IT
                0x0000000008001608       0x72 ./Drivers/STM32WLxx_HAL_Driver/stm32wlxx_hal_dma.o
                0x0000000008001608                HAL_DMA_Abort_IT
 *fill*         0x000000000800167a        0x2 
 .text.HAL_DMA_IRQHandler
                0x000000000800167c       0xe8 ./Drivers/STM32WLxx_HAL_Driver/stm32wlxx_hal_dma.o
                0x000000000800167c                HAL_DMA_IRQHandler
 .text.HAL_DMA_ConfigChannelAttributes
                0x0000000008001764       0x26 ./Drivers/STM32WLxx_HAL_Driver/stm32wlxx_hal_dma.o
                0x0000000008001764                HAL_DMA_ConfigChannelAttributes
 *fill*         0x000000000800178a        0x2 
 .text.HAL_GPIO_Init
                0x000000000800178c      0x1a4 ./Drivers/STM32WLxx_HAL_Driver/stm32wlxx_hal_gpio.o
                0x000000000800178c                HAL_GPIO_Init
 .text.HAL_GPIO_DeInit
                0x0000000008001930       0xfc ./Drivers/STM32WLxx_HAL_Driver/stm32wlxx_hal_gpio.o
                0x0000000008001930                HAL_GPIO_DeInit
 .text.HAL_GPIO_WritePin
                0x0000000008001a2c        0xa ./Drivers/STM32WLxx_HAL_Driver/stm32wlxx_hal_gpio.o
                0x0000000008001a2c                HAL_GPIO_WritePin
 *fill*         0x0000000008001a36        0x2 
 .text.HAL_PWR_EnableBkUpAccess
                0x0000000008001a38       0x10 ./Drivers/STM32WLxx_HAL_Driver/stm32wlxx_hal_pwr.o
                0x0000000008001a38                HAL_PWR_EnableBkUpAccess
 .text.HAL_PWR_EnterSLEEPMode
                0x0000000008001a48       0x4c ./Drivers/STM32WLxx_HAL_Driver/stm32wlxx_hal_pwr.o
                0x0000000008001a48                HAL_PWR_EnterSLEEPMode
 .text.HAL_PWREx_GetVoltageRange
                0x0000000008001a94       0x10 ./Drivers/STM32WLxx_HAL_Driver/stm32wlxx_hal_pwr_ex.o
                0x0000000008001a94                HAL_PWREx_GetVoltageRange
 .text.HAL_PWREx_EnableLowPowerRunMode
                0x0000000008001aa4       0x10 ./Drivers/STM32WLxx_HAL_Driver/stm32wlxx_hal_pwr_ex.o
                0x0000000008001aa4                HAL_PWREx_EnableLowPowerRunMode
 .text.HAL_PWREx_DisableLowPowerRunMode
                0x0000000008001ab4       0x4c ./Drivers/STM32WLxx_HAL_Driver/stm32wlxx_hal_pwr_ex.o
                0x0000000008001ab4                HAL_PWREx_DisableLowPowerRunMode
 .text.HAL_PWREx_EnterSTOP2Mode
                0x0000000008001b00       0x3c ./Drivers/STM32WLxx_HAL_Driver/stm32wlxx_hal_pwr_ex.o
                0x0000000008001b00                HAL_PWREx_EnterSTOP2Mode
 .text.RCC_SetFlashLatency
                0x0000000008001b3c       0xbc ./Drivers/STM32WLxx_HAL_Driver/stm32wlxx_hal_rcc.o
 .text.RCC_SetFlashLatencyFromMSIRange
                0x0000000008001bf8       0x44 ./Drivers/STM32WLxx_HAL_Driver/stm32wlxx_hal_rcc.o
 .text.HAL_RCC_GetSysClockFreq
                0x0000000008001c3c      0x110 ./Drivers/STM32WLxx_HAL_Driver/stm32wlxx_hal_rcc.o
                0x0000000008001c3c                HAL_RCC_GetSysClockFreq
 .text.HAL_RCC_GetHCLKFreq
                0x0000000008001d4c       0x20 ./Drivers/STM32WLxx_HAL_Driver/stm32wlxx_hal_rcc.o
                0x0000000008001d4c                HAL_RCC_GetHCLKFreq
 .text.HAL_RCC_OscConfig
                0x0000000008001d6c      0x664 ./Drivers/STM32WLxx_HAL_Driver/stm32wlxx_hal_rcc.o
                0x0000000008001d6c                HAL_RCC_OscConfig
 .text.HAL_RCC_ClockConfig
                0x00000000080023d0      0x268 ./Drivers/STM32WLxx_HAL_Driver/stm32wlxx_hal_rcc.o
                0x00000000080023d0                HAL_RCC_ClockConfig
 .text.HAL_RCC_GetPCLK1Freq
                0x0000000008002638       0x20 ./Drivers/STM32WLxx_HAL_Driver/stm32wlxx_hal_rcc.o
                0x0000000008002638                HAL_RCC_GetPCLK1Freq
 .text.HAL_RCC_GetPCLK2Freq
                0x0000000008002658       0x20 ./Drivers/STM32WLxx_HAL_Driver/stm32wlxx_hal_rcc.o
                0x0000000008002658                HAL_RCC_GetPCLK2Freq
 .text.HAL_RCCEx_PeriphCLKConfig
                0x0000000008002678      0x294 ./Drivers/STM32WLxx_HAL_Driver/stm32wlxx_hal_rcc_ex.o
                0x0000000008002678                HAL_RCCEx_PeriphCLKConfig
 .text.HAL_RTC_DeactivateAlarm
                0x000000000800290c       0x80 ./Drivers/STM32WLxx_HAL_Driver/stm32wlxx_hal_rtc.o
                0x000000000800290c                HAL_RTC_DeactivateAlarm
 .text.HAL_RTC_WaitForSynchro
                0x000000000800298c       0x34 ./Drivers/STM32WLxx_HAL_Driver/stm32wlxx_hal_rtc.o
                0x000000000800298c                HAL_RTC_WaitForSynchro
 .text.RTC_EnterInitMode
                0x00000000080029c0       0x4c ./Drivers/STM32WLxx_HAL_Driver/stm32wlxx_hal_rtc.o
                0x00000000080029c0                RTC_EnterInitMode
 .text.RTC_ExitInitMode
                0x0000000008002a0c       0x4c ./Drivers/STM32WLxx_HAL_Driver/stm32wlxx_hal_rtc.o
                0x0000000008002a0c                RTC_ExitInitMode
 .text.HAL_RTC_Init
                0x0000000008002a58       0xb4 ./Drivers/STM32WLxx_HAL_Driver/stm32wlxx_hal_rtc.o
                0x0000000008002a58                HAL_RTC_Init
 .text.RTC_ByteToBcd2
                0x0000000008002b0c       0x16 ./Drivers/STM32WLxx_HAL_Driver/stm32wlxx_hal_rtc.o
                0x0000000008002b0c                RTC_ByteToBcd2
 *fill*         0x0000000008002b22        0x2 
 .text.HAL_RTC_SetAlarm_IT
                0x0000000008002b24      0x178 ./Drivers/STM32WLxx_HAL_Driver/stm32wlxx_hal_rtc.o
                0x0000000008002b24                HAL_RTC_SetAlarm_IT
 .text.HAL_RTCEx_EnableBypassShadow
                0x0000000008002c9c       0x40 ./Drivers/STM32WLxx_HAL_Driver/stm32wlxx_hal_rtc_ex.o
                0x0000000008002c9c                HAL_RTCEx_EnableBypassShadow
 .text.HAL_RTCEx_SetSSRU_IT
                0x0000000008002cdc       0x58 ./Drivers/STM32WLxx_HAL_Driver/stm32wlxx_hal_rtc_ex.o
                0x0000000008002cdc                HAL_RTCEx_SetSSRU_IT
 .text.HAL_RTCEx_SSRUIRQHandler
                0x0000000008002d34       0x28 ./Drivers/STM32WLxx_HAL_Driver/stm32wlxx_hal_rtc_ex.o
                0x0000000008002d34                HAL_RTCEx_SSRUIRQHandler
 .text.HAL_RTCEx_BKUPWrite
                0x0000000008002d5c        0xe ./Drivers/STM32WLxx_HAL_Driver/stm32wlxx_hal_rtc_ex.o
                0x0000000008002d5c                HAL_RTCEx_BKUPWrite
 .text.HAL_RTCEx_BKUPRead
                0x0000000008002d6a        0xe ./Drivers/STM32WLxx_HAL_Driver/stm32wlxx_hal_rtc_ex.o
                0x0000000008002d6a                HAL_RTCEx_BKUPRead
 .text.SUBGHZSPI_Init
                0x0000000008002d78       0x24 ./Drivers/STM32WLxx_HAL_Driver/stm32wlxx_hal_subghz.o
                0x0000000008002d78                SUBGHZSPI_Init
 .text.HAL_SUBGHZ_Init
                0x0000000008002d9c       0xcc ./Drivers/STM32WLxx_HAL_Driver/stm32wlxx_hal_subghz.o
                0x0000000008002d9c                HAL_SUBGHZ_Init
 .text.SUBGHZSPI_Transmit
                0x0000000008002e68       0x78 ./Drivers/STM32WLxx_HAL_Driver/stm32wlxx_hal_subghz.o
                0x0000000008002e68                SUBGHZSPI_Transmit
 .text.SUBGHZSPI_Receive
                0x0000000008002ee0       0x80 ./Drivers/STM32WLxx_HAL_Driver/stm32wlxx_hal_subghz.o
                0x0000000008002ee0                SUBGHZSPI_Receive
 .text.SUBGHZ_WaitOnBusy
                0x0000000008002f60       0x58 ./Drivers/STM32WLxx_HAL_Driver/stm32wlxx_hal_subghz.o
                0x0000000008002f60                SUBGHZ_WaitOnBusy
 .text.SUBGHZ_CheckDeviceReady
                0x0000000008002fb8       0x54 ./Drivers/STM32WLxx_HAL_Driver/stm32wlxx_hal_subghz.o
                0x0000000008002fb8                SUBGHZ_CheckDeviceReady
 .text.HAL_SUBGHZ_WriteRegisters
                0x000000000800300c       0xa0 ./Drivers/STM32WLxx_HAL_Driver/stm32wlxx_hal_subghz.o
                0x000000000800300c                HAL_SUBGHZ_WriteRegisters
 .text.HAL_SUBGHZ_ReadRegisters
                0x00000000080030ac       0xa8 ./Drivers/STM32WLxx_HAL_Driver/stm32wlxx_hal_subghz.o
                0x00000000080030ac                HAL_SUBGHZ_ReadRegisters
 .text.HAL_SUBGHZ_ExecSetCmd
                0x0000000008003154       0xac ./Drivers/STM32WLxx_HAL_Driver/stm32wlxx_hal_subghz.o
                0x0000000008003154                HAL_SUBGHZ_ExecSetCmd
 .text.HAL_SUBGHZ_ExecGetCmd
                0x0000000008003200       0x98 ./Drivers/STM32WLxx_HAL_Driver/stm32wlxx_hal_subghz.o
                0x0000000008003200                HAL_SUBGHZ_ExecGetCmd
 .text.HAL_SUBGHZ_IRQHandler
                0x0000000008003298       0xce ./Drivers/STM32WLxx_HAL_Driver/stm32wlxx_hal_subghz.o
                0x0000000008003298                HAL_SUBGHZ_IRQHandler
 *fill*         0x0000000008003366        0x2 
 .text.HAL_SUBGHZ_WriteBuffer
                0x0000000008003368       0x94 ./Drivers/STM32WLxx_HAL_Driver/stm32wlxx_hal_subghz.o
                0x0000000008003368                HAL_SUBGHZ_WriteBuffer
 .text.HAL_SUBGHZ_ReadBuffer
                0x00000000080033fc       0xa0 ./Drivers/STM32WLxx_HAL_Driver/stm32wlxx_hal_subghz.o
                0x00000000080033fc                HAL_SUBGHZ_ReadBuffer
 .text.UART_EndTxTransfer
                0x000000000800349c       0x32 ./Drivers/STM32WLxx_HAL_Driver/stm32wlxx_hal_uart.o
 .text.UART_EndRxTransfer
                0x00000000080034ce       0x56 ./Drivers/STM32WLxx_HAL_Driver/stm32wlxx_hal_uart.o
 .text.HAL_UART_Transmit_DMA
                0x0000000008003524       0xa0 ./Drivers/STM32WLxx_HAL_Driver/stm32wlxx_hal_uart.o
                0x0000000008003524                HAL_UART_Transmit_DMA
 .text.UART_DMATransmitCplt
                0x00000000080035c4       0x48 ./Drivers/STM32WLxx_HAL_Driver/stm32wlxx_hal_uart.o
 .text.UART_EndTransmit_IT
                0x000000000800360c       0x24 ./Drivers/STM32WLxx_HAL_Driver/stm32wlxx_hal_uart.o
 .text.HAL_UART_TxHalfCpltCallback
                0x0000000008003630        0x2 ./Drivers/STM32WLxx_HAL_Driver/stm32wlxx_hal_uart.o
                0x0000000008003630                HAL_UART_TxHalfCpltCallback
 .text.UART_DMATxHalfCplt
                0x0000000008003632        0xa ./Drivers/STM32WLxx_HAL_Driver/stm32wlxx_hal_uart.o
 .text.HAL_UART_ErrorCallback
                0x000000000800363c        0x2 ./Drivers/STM32WLxx_HAL_Driver/stm32wlxx_hal_uart.o
                0x000000000800363c                HAL_UART_ErrorCallback
 .text.UART_DMAError
                0x000000000800363e       0x58 ./Drivers/STM32WLxx_HAL_Driver/stm32wlxx_hal_uart.o
 .text.UART_DMAAbortOnError
                0x0000000008003696       0x14 ./Drivers/STM32WLxx_HAL_Driver/stm32wlxx_hal_uart.o
 .text.HAL_UARTEx_RxEventCallback
                0x00000000080036aa        0x2 ./Drivers/STM32WLxx_HAL_Driver/stm32wlxx_hal_uart.o
                0x00000000080036aa                HAL_UARTEx_RxEventCallback
 .text.HAL_UART_IRQHandler
                0x00000000080036ac      0x348 ./Drivers/STM32WLxx_HAL_Driver/stm32wlxx_hal_uart.o
                0x00000000080036ac                HAL_UART_IRQHandler
 .text.UART_RxISR_8BIT
                0x00000000080039f4       0xdc ./Drivers/STM32WLxx_HAL_Driver/stm32wlxx_hal_uart.o
 .text.UART_RxISR_16BIT
                0x0000000008003ad0       0xd8 ./Drivers/STM32WLxx_HAL_Driver/stm32wlxx_hal_uart.o
 .text.UART_RxISR_8BIT_FIFOEN
                0x0000000008003ba8      0x1cc ./Drivers/STM32WLxx_HAL_Driver/stm32wlxx_hal_uart.o
 .text.UART_RxISR_16BIT_FIFOEN
                0x0000000008003d74      0x1c8 ./Drivers/STM32WLxx_HAL_Driver/stm32wlxx_hal_uart.o
 .text.UART_SetConfig
                0x0000000008003f3c      0x2cc ./Drivers/STM32WLxx_HAL_Driver/stm32wlxx_hal_uart.o
                0x0000000008003f3c                UART_SetConfig
 .text.UART_AdvFeatureConfig
                0x0000000008004208       0xca ./Drivers/STM32WLxx_HAL_Driver/stm32wlxx_hal_uart.o
                0x0000000008004208                UART_AdvFeatureConfig
 .text.UART_WaitOnFlagUntilTimeout
                0x00000000080042d2       0xd8 ./Drivers/STM32WLxx_HAL_Driver/stm32wlxx_hal_uart.o
                0x00000000080042d2                UART_WaitOnFlagUntilTimeout
 .text.UART_CheckIdleState
                0x00000000080043aa       0x76 ./Drivers/STM32WLxx_HAL_Driver/stm32wlxx_hal_uart.o
                0x00000000080043aa                UART_CheckIdleState
 .text.HAL_UART_Init
                0x0000000008004420       0x66 ./Drivers/STM32WLxx_HAL_Driver/stm32wlxx_hal_uart.o
                0x0000000008004420                HAL_UART_Init
 *fill*         0x0000000008004486        0x2 
 .text.UART_Start_Receive_IT
                0x0000000008004488      0x13c ./Drivers/STM32WLxx_HAL_Driver/stm32wlxx_hal_uart.o
                0x0000000008004488                UART_Start_Receive_IT
 .text.HAL_UART_Receive_IT
                0x00000000080045c4       0x4c ./Drivers/STM32WLxx_HAL_Driver/stm32wlxx_hal_uart.o
                0x00000000080045c4                HAL_UART_Receive_IT
 .text.UARTEx_Wakeup_AddressConfig
                0x0000000008004610       0x2e ./Drivers/STM32WLxx_HAL_Driver/stm32wlxx_hal_uart_ex.o
 *fill*         0x000000000800463e        0x2 
 .text.UARTEx_SetNbDataToProcess
                0x0000000008004640       0x4c ./Drivers/STM32WLxx_HAL_Driver/stm32wlxx_hal_uart_ex.o
 .text.HAL_UARTEx_WakeupCallback
                0x000000000800468c        0x2 ./Drivers/STM32WLxx_HAL_Driver/stm32wlxx_hal_uart_ex.o
                0x000000000800468c                HAL_UARTEx_WakeupCallback
 .text.HAL_UARTEx_RxFifoFullCallback
                0x000000000800468e        0x2 ./Drivers/STM32WLxx_HAL_Driver/stm32wlxx_hal_uart_ex.o
                0x000000000800468e                HAL_UARTEx_RxFifoFullCallback
 .text.HAL_UARTEx_TxFifoEmptyCallback
                0x0000000008004690        0x2 ./Drivers/STM32WLxx_HAL_Driver/stm32wlxx_hal_uart_ex.o
                0x0000000008004690                HAL_UARTEx_TxFifoEmptyCallback
 .text.HAL_UARTEx_StopModeWakeUpSourceConfig
                0x0000000008004692       0x82 ./Drivers/STM32WLxx_HAL_Driver/stm32wlxx_hal_uart_ex.o
                0x0000000008004692                HAL_UARTEx_StopModeWakeUpSourceConfig
 .text.HAL_UARTEx_EnableStopMode
                0x0000000008004714       0x2e ./Drivers/STM32WLxx_HAL_Driver/stm32wlxx_hal_uart_ex.o
                0x0000000008004714                HAL_UARTEx_EnableStopMode
 .text.HAL_UARTEx_EnableFifoMode
                0x0000000008004742       0x48 ./Drivers/STM32WLxx_HAL_Driver/stm32wlxx_hal_uart_ex.o
                0x0000000008004742                HAL_UARTEx_EnableFifoMode
 .text.HAL_UARTEx_SetTxFifoThreshold
                0x000000000800478a       0x4a ./Drivers/STM32WLxx_HAL_Driver/stm32wlxx_hal_uart_ex.o
                0x000000000800478a                HAL_UARTEx_SetTxFifoThreshold
 .text.HAL_UARTEx_SetRxFifoThreshold
                0x00000000080047d4       0x4a ./Drivers/STM32WLxx_HAL_Driver/stm32wlxx_hal_uart_ex.o
                0x00000000080047d4                HAL_UARTEx_SetRxFifoThreshold
 .text.RadioCheckRfFrequency
                0x000000000800481e        0x4 ./Middlewares/SubGHz_Phy/radio.o
 *fill*         0x0000000008004822        0x2 
 .text.RadioGetLoRaBandwidthInHz
                0x0000000008004824       0x5c ./Middlewares/SubGHz_Phy/radio.o
 .text.RadioGetGfskTimeOnAirNumerator
                0x0000000008004880       0x26 ./Middlewares/SubGHz_Phy/radio.o
 .text.RadioGetLoRaTimeOnAirNumerator
                0x00000000080048a6       0xa2 ./Middlewares/SubGHz_Phy/radio.o
 .text.RadioTimeOnAir
                0x0000000008004948       0x74 ./Middlewares/SubGHz_Phy/radio.o
 .text.RadioOnTxTimeoutProcess
                0x00000000080049bc       0x14 ./Middlewares/SubGHz_Phy/radio.o
 .text.RadioOnTxTimeoutIrq
                0x00000000080049d0        0x8 ./Middlewares/SubGHz_Phy/radio.o
 .text.RadioOnRxTimeoutProcess
                0x00000000080049d8       0x14 ./Middlewares/SubGHz_Phy/radio.o
 .text.RadioOnRxTimeoutIrq
                0x00000000080049ec        0x8 ./Middlewares/SubGHz_Phy/radio.o
 .text.payload_integration
                0x00000000080049f4       0xaa ./Middlewares/SubGHz_Phy/radio.o
 .text.RadioLrFhssSetCfg
                0x0000000008004a9e        0x4 ./Middlewares/SubGHz_Phy/radio.o
 .text.RadioLrFhssGetTimeOnAirInMs
                0x0000000008004aa2        0x4 ./Middlewares/SubGHz_Phy/radio.o
 *fill*         0x0000000008004aa6        0x2 
 .text.RadioSetMaxPayloadLength
                0x0000000008004aa8       0x38 ./Middlewares/SubGHz_Phy/radio.o
 .text.RadioRead
                0x0000000008004ae0        0x8 ./Middlewares/SubGHz_Phy/radio.o
 .text.RadioWrite
                0x0000000008004ae8        0x8 ./Middlewares/SubGHz_Phy/radio.o
 .text.RadioTxCw
                0x0000000008004af0       0x20 ./Middlewares/SubGHz_Phy/radio.o
 .text.RadioTxPrbs
                0x0000000008004b10       0x2c ./Middlewares/SubGHz_Phy/radio.o
 .text.RadioSetRxDutyCycle
                0x0000000008004b3c       0x34 ./Middlewares/SubGHz_Phy/radio.o
 .text.RadioRxBoosted
                0x0000000008004b70       0x64 ./Middlewares/SubGHz_Phy/radio.o
 .text.RadioStandby
                0x0000000008004bd4        0xa ./Middlewares/SubGHz_Phy/radio.o
 .text.RadioGetStatus
                0x0000000008004bde       0x22 ./Middlewares/SubGHz_Phy/radio.o
 .text.RadioIrqProcess
                0x0000000008004c00      0x31c ./Middlewares/SubGHz_Phy/radio.o
 .text.RadioOnDioIrq
                0x0000000008004f1c       0x14 ./Middlewares/SubGHz_Phy/radio.o
 .text.RadioGetWakeupTime
                0x0000000008004f30        0xa ./Middlewares/SubGHz_Phy/radio.o
 .text.RadioReadRegisters
                0x0000000008004f3a        0x8 ./Middlewares/SubGHz_Phy/radio.o
 .text.RadioWriteRegisters
                0x0000000008004f42        0x8 ./Middlewares/SubGHz_Phy/radio.o
 .text.RadioRssi
                0x0000000008004f4a        0xa ./Middlewares/SubGHz_Phy/radio.o
 .text.RadioSetTxContinuousWave
                0x0000000008004f54       0x44 ./Middlewares/SubGHz_Phy/radio.o
 .text.RadioSetChannel
                0x0000000008004f98        0x8 ./Middlewares/SubGHz_Phy/radio.o
 .text.RadioStartCad
                0x0000000008004fa0       0x28 ./Middlewares/SubGHz_Phy/radio.o
 .text.RadioRx  0x0000000008004fc8       0x64 ./Middlewares/SubGHz_Phy/radio.o
 .text.RadioSleep
                0x000000000800502c       0x12 ./Middlewares/SubGHz_Phy/radio.o
 *fill*         0x000000000800503e        0x2 
 .text.RadioSend
                0x0000000008005040      0x198 ./Middlewares/SubGHz_Phy/radio.o
 .text.RadioRandom
                0x00000000080051d8       0x14 ./Middlewares/SubGHz_Phy/radio.o
 .text.RadioSetModem
                0x00000000080051ec       0x7c ./Middlewares/SubGHz_Phy/radio.o
 .text.RadioSetTxGenericConfig
                0x0000000008005268      0x310 ./Middlewares/SubGHz_Phy/radio.o
 .text.RadioSetRxGenericConfig
                0x0000000008005578      0x27c ./Middlewares/SubGHz_Phy/radio.o
 .text.RadioSetPublicNetwork
                0x00000000080057f4       0x44 ./Middlewares/SubGHz_Phy/radio.o
 .text.RadioSetTxConfig
                0x0000000008005838      0x1ac ./Middlewares/SubGHz_Phy/radio.o
 .text.RadioSetRxConfig
                0x00000000080059e4      0x2f8 ./Middlewares/SubGHz_Phy/radio.o
 .text.RadioIsChannelFree
                0x0000000008005cdc       0x7c ./Middlewares/SubGHz_Phy/radio.o
 .text.RadioInit
                0x0000000008005d58       0x98 ./Middlewares/SubGHz_Phy/radio.o
 .text.SUBGRF_GetOperatingMode
                0x0000000008005df0        0xc ./Middlewares/SubGHz_Phy/radio_driver.o
                0x0000000008005df0                SUBGRF_GetOperatingMode
 .text.SUBGRF_GetPacketType
                0x0000000008005dfc        0xc ./Middlewares/SubGHz_Phy/radio_driver.o
                0x0000000008005dfc                SUBGRF_GetPacketType
 .text.SUBGRF_WriteRegister
                0x0000000008005e08       0x20 ./Middlewares/SubGHz_Phy/radio_driver.o
                0x0000000008005e08                SUBGRF_WriteRegister
 .text.SUBGRF_ReadRegister
                0x0000000008005e28       0x20 ./Middlewares/SubGHz_Phy/radio_driver.o
                0x0000000008005e28                SUBGRF_ReadRegister
 .text.Radio_SMPS_Set
                0x0000000008005e48       0x26 ./Middlewares/SubGHz_Phy/radio_driver.o
 .text.SUBGRF_SetWhiteningSeed
                0x0000000008005e6e       0x32 ./Middlewares/SubGHz_Phy/radio_driver.o
                0x0000000008005e6e                SUBGRF_SetWhiteningSeed
 .text.SUBGRF_WriteRegisters
                0x0000000008005ea0       0x20 ./Middlewares/SubGHz_Phy/radio_driver.o
                0x0000000008005ea0                SUBGRF_WriteRegisters
 .text.SUBGRF_SetSyncWord
                0x0000000008005ec0       0x12 ./Middlewares/SubGHz_Phy/radio_driver.o
                0x0000000008005ec0                SUBGRF_SetSyncWord
 .text.SUBGRF_SetCrcSeed
                0x0000000008005ed2       0x28 ./Middlewares/SubGHz_Phy/radio_driver.o
                0x0000000008005ed2                SUBGRF_SetCrcSeed
 .text.SUBGRF_SetCrcPolynomial
                0x0000000008005efa       0x28 ./Middlewares/SubGHz_Phy/radio_driver.o
                0x0000000008005efa                SUBGRF_SetCrcPolynomial
 *fill*         0x0000000008005f22        0x2 
 .text.SUBGRF_ReadRegisters
                0x0000000008005f24       0x20 ./Middlewares/SubGHz_Phy/radio_driver.o
                0x0000000008005f24                SUBGRF_ReadRegisters
 .text.SUBGRF_WriteBuffer
                0x0000000008005f44       0x20 ./Middlewares/SubGHz_Phy/radio_driver.o
                0x0000000008005f44                SUBGRF_WriteBuffer
 .text.SUBGRF_SetPayload
                0x0000000008005f64        0xe ./Middlewares/SubGHz_Phy/radio_driver.o
                0x0000000008005f64                SUBGRF_SetPayload
 *fill*         0x0000000008005f72        0x2 
 .text.SUBGRF_ReadBuffer
                0x0000000008005f74       0x20 ./Middlewares/SubGHz_Phy/radio_driver.o
                0x0000000008005f74                SUBGRF_ReadBuffer
 .text.SUBGRF_WriteCommand
                0x0000000008005f94       0x20 ./Middlewares/SubGHz_Phy/radio_driver.o
                0x0000000008005f94                SUBGRF_WriteCommand
 .text.SUBGRF_SetSleep
                0x0000000008005fb4       0x40 ./Middlewares/SubGHz_Phy/radio_driver.o
                0x0000000008005fb4                SUBGRF_SetSleep
 .text.SUBGRF_SetStandby
                0x0000000008005ff4       0x34 ./Middlewares/SubGHz_Phy/radio_driver.o
                0x0000000008005ff4                SUBGRF_SetStandby
 .text.SUBGRF_SetTx
                0x0000000008006028       0x34 ./Middlewares/SubGHz_Phy/radio_driver.o
                0x0000000008006028                SUBGRF_SetTx
 .text.SUBGRF_SendPayload
                0x000000000800605c       0x10 ./Middlewares/SubGHz_Phy/radio_driver.o
                0x000000000800605c                SUBGRF_SendPayload
 .text.SUBGRF_SetRx
                0x000000000800606c       0x34 ./Middlewares/SubGHz_Phy/radio_driver.o
                0x000000000800606c                SUBGRF_SetRx
 .text.SUBGRF_GetRandom
                0x00000000080060a0       0x6a ./Middlewares/SubGHz_Phy/radio_driver.o
                0x00000000080060a0                SUBGRF_GetRandom
 *fill*         0x000000000800610a        0x2 
 .text.SUBGRF_SetRxBoosted
                0x000000000800610c       0x3c ./Middlewares/SubGHz_Phy/radio_driver.o
                0x000000000800610c                SUBGRF_SetRxBoosted
 .text.SUBGRF_SetRxDutyCycle
                0x0000000008006148       0x48 ./Middlewares/SubGHz_Phy/radio_driver.o
                0x0000000008006148                SUBGRF_SetRxDutyCycle
 .text.SUBGRF_SetCad
                0x0000000008006190       0x18 ./Middlewares/SubGHz_Phy/radio_driver.o
                0x0000000008006190                SUBGRF_SetCad
 .text.SUBGRF_SetTxContinuousWave
                0x00000000080061a8        0xe ./Middlewares/SubGHz_Phy/radio_driver.o
                0x00000000080061a8                SUBGRF_SetTxContinuousWave
 .text.SUBGRF_SetTxInfinitePreamble
                0x00000000080061b6        0xe ./Middlewares/SubGHz_Phy/radio_driver.o
                0x00000000080061b6                SUBGRF_SetTxInfinitePreamble
 .text.SUBGRF_SetStopRxTimerOnPreambleDetect
                0x00000000080061c4       0x1a ./Middlewares/SubGHz_Phy/radio_driver.o
                0x00000000080061c4                SUBGRF_SetStopRxTimerOnPreambleDetect
 .text.SUBGRF_SetLoRaSymbNumTimeout
                0x00000000080061de       0x42 ./Middlewares/SubGHz_Phy/radio_driver.o
                0x00000000080061de                SUBGRF_SetLoRaSymbNumTimeout
 .text.SUBGRF_SetRegulatorMode
                0x0000000008006220       0x2c ./Middlewares/SubGHz_Phy/radio_driver.o
                0x0000000008006220                SUBGRF_SetRegulatorMode
 .text.SUBGRF_Calibrate
                0x000000000800624c       0x42 ./Middlewares/SubGHz_Phy/radio_driver.o
                0x000000000800624c                SUBGRF_Calibrate
 *fill*         0x000000000800628e        0x2 
 .text.SUBGRF_CalibrateImage
                0x0000000008006290       0x98 ./Middlewares/SubGHz_Phy/radio_driver.o
                0x0000000008006290                SUBGRF_CalibrateImage
 .text.SUBGRF_SetPaConfig
                0x0000000008006328       0x26 ./Middlewares/SubGHz_Phy/radio_driver.o
                0x0000000008006328                SUBGRF_SetPaConfig
 .text.SUBGRF_SetDioIrqParams
                0x000000000800634e       0x3e ./Middlewares/SubGHz_Phy/radio_driver.o
                0x000000000800634e                SUBGRF_SetDioIrqParams
 .text.SUBGRF_SetTcxoMode
                0x000000000800638c       0x32 ./Middlewares/SubGHz_Phy/radio_driver.o
                0x000000000800638c                SUBGRF_SetTcxoMode
 *fill*         0x00000000080063be        0x2 
 .text.SUBGRF_Init
                0x00000000080063c0       0x74 ./Middlewares/SubGHz_Phy/radio_driver.o
                0x00000000080063c0                SUBGRF_Init
 .text.SUBGRF_SetRfFrequency
                0x0000000008006434       0x58 ./Middlewares/SubGHz_Phy/radio_driver.o
                0x0000000008006434                SUBGRF_SetRfFrequency
 .text.SUBGRF_SetPacketType
                0x000000000800648c       0x34 ./Middlewares/SubGHz_Phy/radio_driver.o
                0x000000000800648c                SUBGRF_SetPacketType
 .text.SUBGRF_SetTxParams
                0x00000000080064c0      0x11a ./Middlewares/SubGHz_Phy/radio_driver.o
                0x00000000080064c0                SUBGRF_SetTxParams
 *fill*         0x00000000080065da        0x2 
 .text.SUBGRF_SetModulationParams
                0x00000000080065dc      0x110 ./Middlewares/SubGHz_Phy/radio_driver.o
                0x00000000080065dc                SUBGRF_SetModulationParams
 .text.SUBGRF_SetPacketParams
                0x00000000080066ec       0xe4 ./Middlewares/SubGHz_Phy/radio_driver.o
                0x00000000080066ec                SUBGRF_SetPacketParams
 .text.SUBGRF_SetBufferBaseAddress
                0x00000000080067d0       0x1c ./Middlewares/SubGHz_Phy/radio_driver.o
                0x00000000080067d0                SUBGRF_SetBufferBaseAddress
 .text.SUBGRF_ReadCommand
                0x00000000080067ec       0x20 ./Middlewares/SubGHz_Phy/radio_driver.o
                0x00000000080067ec                SUBGRF_ReadCommand
 .text.SUBGRF_GetRssiInst
                0x000000000800680c       0x1c ./Middlewares/SubGHz_Phy/radio_driver.o
                0x000000000800680c                SUBGRF_GetRssiInst
 .text.SUBGRF_GetRxBufferStatus
                0x0000000008006828       0x44 ./Middlewares/SubGHz_Phy/radio_driver.o
                0x0000000008006828                SUBGRF_GetRxBufferStatus
 .text.SUBGRF_GetPayload
                0x000000000800686c       0x34 ./Middlewares/SubGHz_Phy/radio_driver.o
                0x000000000800686c                SUBGRF_GetPayload
 .text.SUBGRF_GetPacketStatus
                0x00000000080068a0       0x78 ./Middlewares/SubGHz_Phy/radio_driver.o
                0x00000000080068a0                SUBGRF_GetPacketStatus
 .text.SUBGRF_SetSwitch
                0x0000000008006918       0x28 ./Middlewares/SubGHz_Phy/radio_driver.o
                0x0000000008006918                SUBGRF_SetSwitch
 .text.SUBGRF_SetRfTxPower
                0x0000000008006940       0x2e ./Middlewares/SubGHz_Phy/radio_driver.o
                0x0000000008006940                SUBGRF_SetRfTxPower
 .text.SUBGRF_GetRadioWakeUpTime
                0x000000000800696e        0x4 ./Middlewares/SubGHz_Phy/radio_driver.o
                0x000000000800696e                SUBGRF_GetRadioWakeUpTime
 *fill*         0x0000000008006972        0x2 
 .text.HAL_SUBGHZ_TxCpltCallback
                0x0000000008006974       0x10 ./Middlewares/SubGHz_Phy/radio_driver.o
                0x0000000008006974                HAL_SUBGHZ_TxCpltCallback
 .text.HAL_SUBGHZ_RxCpltCallback
                0x0000000008006984       0x10 ./Middlewares/SubGHz_Phy/radio_driver.o
                0x0000000008006984                HAL_SUBGHZ_RxCpltCallback
 .text.HAL_SUBGHZ_CRCErrorCallback
                0x0000000008006994       0x10 ./Middlewares/SubGHz_Phy/radio_driver.o
                0x0000000008006994                HAL_SUBGHZ_CRCErrorCallback
 .text.HAL_SUBGHZ_CADStatusCallback
                0x00000000080069a4       0x24 ./Middlewares/SubGHz_Phy/radio_driver.o
                0x00000000080069a4                HAL_SUBGHZ_CADStatusCallback
 .text.HAL_SUBGHZ_RxTxTimeoutCallback
                0x00000000080069c8       0x14 ./Middlewares/SubGHz_Phy/radio_driver.o
                0x00000000080069c8                HAL_SUBGHZ_RxTxTimeoutCallback
 .text.HAL_SUBGHZ_HeaderErrorCallback
                0x00000000080069dc       0x10 ./Middlewares/SubGHz_Phy/radio_driver.o
                0x00000000080069dc                HAL_SUBGHZ_HeaderErrorCallback
 .text.HAL_SUBGHZ_PreambleDetectedCallback
                0x00000000080069ec       0x10 ./Middlewares/SubGHz_Phy/radio_driver.o
                0x00000000080069ec                HAL_SUBGHZ_PreambleDetectedCallback
 .text.HAL_SUBGHZ_SyncWordValidCallback
                0x00000000080069fc       0x10 ./Middlewares/SubGHz_Phy/radio_driver.o
                0x00000000080069fc                HAL_SUBGHZ_SyncWordValidCallback
 .text.HAL_SUBGHZ_HeaderValidCallback
                0x0000000008006a0c       0x10 ./Middlewares/SubGHz_Phy/radio_driver.o
                0x0000000008006a0c                HAL_SUBGHZ_HeaderValidCallback
 .text.HAL_SUBGHZ_LrFhssHopCallback
                0x0000000008006a1c       0x14 ./Middlewares/SubGHz_Phy/radio_driver.o
                0x0000000008006a1c                HAL_SUBGHZ_LrFhssHopCallback
 .text.SUBGRF_GetFskBandwidthRegValue
                0x0000000008006a30       0x30 ./Middlewares/SubGHz_Phy/radio_driver.o
                0x0000000008006a30                SUBGRF_GetFskBandwidthRegValue
 .text.SUBGRF_GetCFO
                0x0000000008006a60       0x88 ./Middlewares/SubGHz_Phy/radio_driver.o
                0x0000000008006a60                SUBGRF_GetCFO
 .text.RFW_TransmitLongPacket
                0x0000000008006ae8        0x6 ./Middlewares/SubGHz_Phy/radio_fw.o
                0x0000000008006ae8                RFW_TransmitLongPacket
 .text.RFW_ReceiveLongPacket
                0x0000000008006aee        0x6 ./Middlewares/SubGHz_Phy/radio_fw.o
                0x0000000008006aee                RFW_ReceiveLongPacket
 .text.RFW_Init
                0x0000000008006af4        0x6 ./Middlewares/SubGHz_Phy/radio_fw.o
                0x0000000008006af4                RFW_Init
 .text.RFW_DeInit
                0x0000000008006afa        0x2 ./Middlewares/SubGHz_Phy/radio_fw.o
                0x0000000008006afa                RFW_DeInit
 .text.RFW_Is_Init
                0x0000000008006afc        0x4 ./Middlewares/SubGHz_Phy/radio_fw.o
                0x0000000008006afc                RFW_Is_Init
 .text.RFW_Is_LongPacketModeEnabled
                0x0000000008006b00        0x4 ./Middlewares/SubGHz_Phy/radio_fw.o
                0x0000000008006b00                RFW_Is_LongPacketModeEnabled
 .text.RFW_SetAntSwitch
                0x0000000008006b04        0x2 ./Middlewares/SubGHz_Phy/radio_fw.o
                0x0000000008006b04                RFW_SetAntSwitch
 .text.RFW_TransmitInit
                0x0000000008006b06        0x6 ./Middlewares/SubGHz_Phy/radio_fw.o
                0x0000000008006b06                RFW_TransmitInit
 .text.RFW_ReceiveInit
                0x0000000008006b0c        0x6 ./Middlewares/SubGHz_Phy/radio_fw.o
                0x0000000008006b0c                RFW_ReceiveInit
 .text.RFW_DeInit_TxLongPacket
                0x0000000008006b12        0x2 ./Middlewares/SubGHz_Phy/radio_fw.o
                0x0000000008006b12                RFW_DeInit_TxLongPacket
 .text.RFW_ReceivePayload
                0x0000000008006b14        0x2 ./Middlewares/SubGHz_Phy/radio_fw.o
                0x0000000008006b14                RFW_ReceivePayload
 .text.RFW_SetRadioModem
                0x0000000008006b16        0x2 ./Middlewares/SubGHz_Phy/radio_fw.o
                0x0000000008006b16                RFW_SetRadioModem
 .text.TRACE_AllocateBufer
                0x0000000008006b18       0x88 ./Utilities/stm32_adv_trace.o
 .text.TRACE_Lock
                0x0000000008006ba0       0x18 ./Utilities/stm32_adv_trace.o
 .text.TRACE_UnLock
                0x0000000008006bb8       0x18 ./Utilities/stm32_adv_trace.o
 .text.TRACE_IsLocked
                0x0000000008006bd0       0x10 ./Utilities/stm32_adv_trace.o
 .text.UTIL_ADV_TRACE_Init
                0x0000000008006be0       0x34 ./Utilities/stm32_adv_trace.o
                0x0000000008006be0                UTIL_ADV_TRACE_Init
 .text.UTIL_ADV_TRACE_RegisterTimeStampFunction
                0x0000000008006c14        0xc ./Utilities/stm32_adv_trace.o
                0x0000000008006c14                UTIL_ADV_TRACE_RegisterTimeStampFunction
 .text.UTIL_ADV_TRACE_SetVerboseLevel
                0x0000000008006c20        0xc ./Utilities/stm32_adv_trace.o
                0x0000000008006c20                UTIL_ADV_TRACE_SetVerboseLevel
 .text.TRACE_Send
                0x0000000008006c2c       0x9c ./Utilities/stm32_adv_trace.o
 .text.UTIL_ADV_TRACE_COND_FSend
                0x0000000008006cc8       0xc8 ./Utilities/stm32_adv_trace.o
                0x0000000008006cc8                UTIL_ADV_TRACE_COND_FSend
 .text.TRACE_TxCpltCallback
                0x0000000008006d90       0xb0 ./Utilities/stm32_adv_trace.o
 .text.UTIL_LPM_Init
                0x0000000008006e40       0x14 ./Utilities/stm32_lpm.o
                0x0000000008006e40                UTIL_LPM_Init
 .text.UTIL_LPM_SetStopMode
                0x0000000008006e54       0x2c ./Utilities/stm32_lpm.o
                0x0000000008006e54                UTIL_LPM_SetStopMode
 .text.UTIL_LPM_SetOffMode
                0x0000000008006e80       0x2c ./Utilities/stm32_lpm.o
                0x0000000008006e80                UTIL_LPM_SetOffMode
 .text.UTIL_LPM_EnterLowPower
                0x0000000008006eac       0x48 ./Utilities/stm32_lpm.o
                0x0000000008006eac                UTIL_LPM_EnterLowPower
 .text.UTIL_MEM_cpy_8
                0x0000000008006ef4       0x16 ./Utilities/stm32_mem.o
                0x0000000008006ef4                UTIL_MEM_cpy_8
 .text.UTIL_MEM_set_8
                0x0000000008006f0a       0x12 ./Utilities/stm32_mem.o
                0x0000000008006f0a                UTIL_MEM_set_8
 .text.UTIL_SEQ_PreIdle
                0x0000000008006f1c        0x2 ./Utilities/stm32_seq.o
                0x0000000008006f1c                UTIL_SEQ_PreIdle
 .text.UTIL_SEQ_PostIdle
                0x0000000008006f1e        0x2 ./Utilities/stm32_seq.o
                0x0000000008006f1e                UTIL_SEQ_PostIdle
 .text.SEQ_BitPosition
                0x0000000008006f20       0x3c ./Utilities/stm32_seq.o
                0x0000000008006f20                SEQ_BitPosition
 .text.UTIL_SEQ_Run
                0x0000000008006f5c      0x12c ./Utilities/stm32_seq.o
                0x0000000008006f5c                UTIL_SEQ_Run
 .text.SysTimeAdd
                0x0000000008007088       0x3e ./Utilities/stm32_systime.o
                0x0000000008007088                SysTimeAdd
 *fill*         0x00000000080070c6        0x2 
 .text.SysTimeGet
                0x00000000080070c8       0x44 ./Utilities/stm32_systime.o
                0x00000000080070c8                SysTimeGet
 .text.UTIL_TIMER_Init
                0x000000000800710c       0x18 ./Utilities/stm32_timer.o
                0x000000000800710c                UTIL_TIMER_Init
 .text.UTIL_TIMER_Create
                0x0000000008007124       0x3c ./Utilities/stm32_timer.o
                0x0000000008007124                UTIL_TIMER_Create
 .text.UTIL_TIMER_GetCurrentTime
                0x0000000008007160       0x14 ./Utilities/stm32_timer.o
                0x0000000008007160                UTIL_TIMER_GetCurrentTime
 .text.UTIL_TIMER_GetElapsedTime
                0x0000000008007174       0x20 ./Utilities/stm32_timer.o
                0x0000000008007174                UTIL_TIMER_GetElapsedTime
 .text.TimerExists
                0x0000000008007194       0x1c ./Utilities/stm32_timer.o
                0x0000000008007194                TimerExists
 .text.TimerSetTimeout
                0x00000000080071b0       0x30 ./Utilities/stm32_timer.o
                0x00000000080071b0                TimerSetTimeout
 .text.UTIL_TIMER_Stop
                0x00000000080071e0       0x6c ./Utilities/stm32_timer.o
                0x00000000080071e0                UTIL_TIMER_Stop
 .text.TimerInsertTimer
                0x000000000800724c       0x2c ./Utilities/stm32_timer.o
                0x000000000800724c                TimerInsertTimer
 .text.TimerInsertNewHeadTimer
                0x0000000008007278       0x1c ./Utilities/stm32_timer.o
                0x0000000008007278                TimerInsertNewHeadTimer
 .text.UTIL_TIMER_Start
                0x0000000008007294       0x8c ./Utilities/stm32_timer.o
                0x0000000008007294                UTIL_TIMER_Start
 .text.UTIL_TIMER_SetPeriod
                0x0000000008007320       0x34 ./Utilities/stm32_timer.o
                0x0000000008007320                UTIL_TIMER_SetPeriod
 .text.ee_skip_atoi
                0x0000000008007354       0x26 ./Utilities/stm32_tiny_vsnprintf.o
 *fill*         0x000000000800737a        0x2 
 .text.ee_number
                0x000000000800737c      0x114 ./Utilities/stm32_tiny_vsnprintf.o
 .text.tiny_vsnprintf_like
                0x0000000008007490      0x188 ./Utilities/stm32_tiny_vsnprintf.o
                0x0000000008007490                tiny_vsnprintf_like
 .text.memset   0x0000000008007618       0x10 E:/ST/STM32CubeIDE_1.13.1/STM32CubeIDE/plugins/com.st.stm32cube.ide.mcu.externaltools.gnu-tools-for-stm32.11.3.rel1.win32_1.1.100.202309141235/tools/bin/../lib/gcc/arm-none-eabi/11.3.1/../../../../arm-none-eabi/lib/thumb/v7e-m/nofp\libc_nano.a(libc_a-memset.o)
                0x0000000008007618                memset
 .text.__libc_init_array
                0x0000000008007628       0x48 E:/ST/STM32CubeIDE_1.13.1/STM32CubeIDE/plugins/com.st.stm32cube.ide.mcu.externaltools.gnu-tools-for-stm32.11.3.rel1.win32_1.1.100.202309141235/tools/bin/../lib/gcc/arm-none-eabi/11.3.1/../../../../arm-none-eabi/lib/thumb/v7e-m/nofp\libc_nano.a(libc_a-init.o)
                0x0000000008007628                __libc_init_array
 *(.glue_7)
 .glue_7        0x0000000008007670        0x0 linker stubs
 *(.glue_7t)
 .glue_7t       0x0000000008007670        0x0 linker stubs
 *(.eh_frame)
 .eh_frame      0x0000000008007670        0x0 E:/ST/STM32CubeIDE_1.13.1/STM32CubeIDE/plugins/com.st.stm32cube.ide.mcu.externaltools.gnu-tools-for-stm32.11.3.rel1.win32_1.1.100.202309141235/tools/bin/../lib/gcc/arm-none-eabi/11.3.1/thumb/v7e-m/nofp/crtbegin.o
 *(.init)
 .init          0x0000000008007670        0x4 E:/ST/STM32CubeIDE_1.13.1/STM32CubeIDE/plugins/com.st.stm32cube.ide.mcu.externaltools.gnu-tools-for-stm32.11.3.rel1.win32_1.1.100.202309141235/tools/bin/../lib/gcc/arm-none-eabi/11.3.1/thumb/v7e-m/nofp/crti.o
                0x0000000008007670                _init
 .init          0x0000000008007674        0x8 E:/ST/STM32CubeIDE_1.13.1/STM32CubeIDE/plugins/com.st.stm32cube.ide.mcu.externaltools.gnu-tools-for-stm32.11.3.rel1.win32_1.1.100.202309141235/tools/bin/../lib/gcc/arm-none-eabi/11.3.1/thumb/v7e-m/nofp/crtn.o
 *(.fini)
 .fini          0x000000000800767c        0x4 E:/ST/STM32CubeIDE_1.13.1/STM32CubeIDE/plugins/com.st.stm32cube.ide.mcu.externaltools.gnu-tools-for-stm32.11.3.rel1.win32_1.1.100.202309141235/tools/bin/../lib/gcc/arm-none-eabi/11.3.1/thumb/v7e-m/nofp/crti.o
                0x000000000800767c                _fini
 .fini          0x0000000008007680        0x8 E:/ST/STM32CubeIDE_1.13.1/STM32CubeIDE/plugins/com.st.stm32cube.ide.mcu.externaltools.gnu-tools-for-stm32.11.3.rel1.win32_1.1.100.202309141235/tools/bin/../lib/gcc/arm-none-eabi/11.3.1/thumb/v7e-m/nofp/crtn.o
                0x0000000008007688                . = ALIGN (0x8)
                0x0000000008007688                _etext = .

.vfp11_veneer   0x0000000008007688        0x0
 .vfp11_veneer  0x0000000008007688        0x0 linker stubs

.v4_bx          0x0000000008007688        0x0
 .v4_bx         0x0000000008007688        0x0 linker stubs

.iplt           0x0000000008007688        0x0
 .iplt          0x0000000008007688        0x0 E:/ST/STM32CubeIDE_1.13.1/STM32CubeIDE/plugins/com.st.stm32cube.ide.mcu.externaltools.gnu-tools-for-stm32.11.3.rel1.win32_1.1.100.202309141235/tools/bin/../lib/gcc/arm-none-eabi/11.3.1/thumb/v7e-m/nofp/crtbegin.o

.rodata         0x0000000008007688      0x4a8
                0x0000000008007688                . = ALIGN (0x8)
 *(.rodata)
 .rodata        0x0000000008007688       0x1c ./Drivers/STM32WLxx_HAL_Driver/stm32wlxx_hal_rcc.o
 .rodata        0x00000000080076a4       0x10 ./Middlewares/SubGHz_Phy/radio.o
 .rodata        0x00000000080076b4       0x11 ./Middlewares/SubGHz_Phy/radio_driver.o
 *(.rodata*)
 *fill*         0x00000000080076c5        0x3 
 .rodata.UTIL_PowerDriver
                0x00000000080076c8       0x18 ./Application/User/Core/stm32_lpm_if.o
                0x00000000080076c8                UTIL_PowerDriver
 .rodata.TimestampNow.str1.4
                0x00000000080076e0        0x9 ./Application/User/Core/sys_app.o
 *fill*         0x00000000080076e9        0x3 
 .rodata.UTIL_SYSTIMDriver
                0x00000000080076ec       0x14 ./Application/User/Core/timer_if.o
                0x00000000080076ec                UTIL_SYSTIMDriver
 .rodata.UTIL_TimerDriver
                0x0000000008007700       0x2c ./Application/User/Core/timer_if.o
                0x0000000008007700                UTIL_TimerDriver
 .rodata.UTIL_TraceDriver
                0x000000000800772c       0x10 ./Application/User/Core/usart_if.o
                0x000000000800772c                UTIL_TraceDriver
 .rodata.OnRxError.str1.4
                0x000000000800773c        0xc ./Application/User/SubGHz_Phy/App/subghz_phy_app.o
 .rodata.OnRxTimeout.str1.4
                0x0000000008007748        0xe ./Application/User/SubGHz_Phy/App/subghz_phy_app.o
 *fill*         0x0000000008007756        0x2 
 .rodata.OnTxTimeout.str1.4
                0x0000000008007758        0xe ./Application/User/SubGHz_Phy/App/subghz_phy_app.o
 *fill*         0x0000000008007766        0x2 
 .rodata.OnRxDone.str1.4
                0x0000000008007768        0xb ./Application/User/SubGHz_Phy/App/subghz_phy_app.o
 *fill*         0x0000000008007773        0x1 
 .rodata.OnTxDone.str1.4
                0x0000000008007774        0xb ./Application/User/SubGHz_Phy/App/subghz_phy_app.o
 *fill*         0x000000000800777f        0x1 
 .rodata.SubghzApp_Init.str1.4
                0x0000000008007780       0xd1 ./Application/User/SubGHz_Phy/App/subghz_phy_app.o
 *fill*         0x0000000008007851        0x3 
 .rodata.AHBPrescTable
                0x0000000008007854       0x40 ./Drivers/CMSIS/system_stm32wlxx.o
                0x0000000008007854                AHBPrescTable
 .rodata.APBPrescTable
                0x0000000008007894       0x20 ./Drivers/CMSIS/system_stm32wlxx.o
                0x0000000008007894                APBPrescTable
 .rodata.MSIRangeTable
                0x00000000080078b4       0x40 ./Drivers/CMSIS/system_stm32wlxx.o
                0x00000000080078b4                MSIRangeTable
 .rodata.UARTPrescTable
                0x00000000080078f4       0x18 ./Drivers/STM32WLxx_HAL_Driver/stm32wlxx_hal_uart.o
                0x00000000080078f4                UARTPrescTable
 .rodata.denominator.0
                0x000000000800790c        0x8 ./Drivers/STM32WLxx_HAL_Driver/stm32wlxx_hal_uart_ex.o
 .rodata.numerator.1
                0x0000000008007914        0x8 ./Drivers/STM32WLxx_HAL_Driver/stm32wlxx_hal_uart_ex.o
 .rodata.RadioIrqProcess.str1.4
                0x000000000800791c       0x54 ./Middlewares/SubGHz_Phy/radio.o
 .rodata.RadioSend.str1.4
                0x0000000008007970       0x15 ./Middlewares/SubGHz_Phy/radio.o
 *fill*         0x0000000008007985        0x3 
 .rodata.Bandwidths
                0x0000000008007988        0x3 ./Middlewares/SubGHz_Phy/radio.o
                0x0000000008007988                Bandwidths
 *fill*         0x000000000800798b        0x1 
 .rodata.Radio  0x000000000800798c       0x8c ./Middlewares/SubGHz_Phy/radio.o
                0x000000000800798c                Radio
 .rodata.FskBandwidths
                0x0000000008007a18       0xb0 ./Middlewares/SubGHz_Phy/radio_driver.o
 .rodata.SEQ_clz_table_4bit
                0x0000000008007ac8       0x10 ./Utilities/stm32_seq.o
                0x0000000008007ac8                SEQ_clz_table_4bit
 .rodata.ee_number.str1.4
                0x0000000008007ad8       0x4d ./Utilities/stm32_tiny_vsnprintf.o
 *fill*         0x0000000008007b25        0x3 
 .rodata.tiny_vsnprintf_like.str1.4
                0x0000000008007b28        0x7 ./Utilities/stm32_tiny_vsnprintf.o
                0x0000000008007b30                . = ALIGN (0x8)
 *fill*         0x0000000008007b2f        0x1 

.ARM.extab      0x0000000008007b30        0x0
                0x0000000008007b30                . = ALIGN (0x8)
 *(.ARM.extab* .gnu.linkonce.armextab.*)
                0x0000000008007b30                . = ALIGN (0x8)

.ARM            0x0000000008007b30        0x8
                0x0000000008007b30                . = ALIGN (0x8)
                0x0000000008007b30                __exidx_start = .
 *(.ARM.exidx*)
 .ARM.exidx     0x0000000008007b30        0x8 E:/ST/STM32CubeIDE_1.13.1/STM32CubeIDE/plugins/com.st.stm32cube.ide.mcu.externaltools.gnu-tools-for-stm32.11.3.rel1.win32_1.1.100.202309141235/tools/bin/../lib/gcc/arm-none-eabi/11.3.1/thumb/v7e-m/nofp\libgcc.a(_udivmoddi4.o)
                0x0000000008007b38                __exidx_end = .
                0x0000000008007b38                . = ALIGN (0x8)

.rel.dyn        0x0000000008007b38        0x0
 .rel.iplt      0x0000000008007b38        0x0 E:/ST/STM32CubeIDE_1.13.1/STM32CubeIDE/plugins/com.st.stm32cube.ide.mcu.externaltools.gnu-tools-for-stm32.11.3.rel1.win32_1.1.100.202309141235/tools/bin/../lib/gcc/arm-none-eabi/11.3.1/thumb/v7e-m/nofp/crtbegin.o

.preinit_array  0x0000000008007b38        0x0
                0x0000000008007b38                . = ALIGN (0x8)
                0x0000000008007b38                PROVIDE (__preinit_array_start = .)
 *(.preinit_array*)
                0x0000000008007b38                PROVIDE (__preinit_array_end = .)
                0x0000000008007b38                . = ALIGN (0x8)

.init_array     0x0000000008007b38        0x8
                0x0000000008007b38                . = ALIGN (0x8)
                0x0000000008007b38                PROVIDE (__init_array_start = .)
 *(SORT_BY_NAME(.init_array.*))
 *(.init_array*)
 .init_array    0x0000000008007b38        0x4 E:/ST/STM32CubeIDE_1.13.1/STM32CubeIDE/plugins/com.st.stm32cube.ide.mcu.externaltools.gnu-tools-for-stm32.11.3.rel1.win32_1.1.100.202309141235/tools/bin/../lib/gcc/arm-none-eabi/11.3.1/thumb/v7e-m/nofp/crtbegin.o
                0x0000000008007b3c                PROVIDE (__init_array_end = .)
                0x0000000008007b40                . = ALIGN (0x8)
 *fill*         0x0000000008007b3c        0x4 

.fini_array     0x0000000008007b40        0x8
                0x0000000008007b40                . = ALIGN (0x8)
                [!provide]                        PROVIDE (__fini_array_start = .)
 *(SORT_BY_NAME(.fini_array.*))
 *(.fini_array*)
 .fini_array    0x0000000008007b40        0x4 E:/ST/STM32CubeIDE_1.13.1/STM32CubeIDE/plugins/com.st.stm32cube.ide.mcu.externaltools.gnu-tools-for-stm32.11.3.rel1.win32_1.1.100.202309141235/tools/bin/../lib/gcc/arm-none-eabi/11.3.1/thumb/v7e-m/nofp/crtbegin.o
                [!provide]                        PROVIDE (__fini_array_end = .)
                0x0000000008007b48                . = ALIGN (0x8)
 *fill*         0x0000000008007b44        0x4 
                0x0000000008007b48                _sidata = LOADADDR (.data)

.data           0x0000000020000000       0x18 load address 0x0000000008007b48
                0x0000000020000000                . = ALIGN (0x8)
                0x0000000020000000                _sdata = .
 *(.data)
 *(.data*)
 .data.SystemCoreClock
                0x0000000020000000        0x4 ./Drivers/CMSIS/system_stm32wlxx.o
                0x0000000020000000                SystemCoreClock
 .data.uwTickPrio
                0x0000000020000004        0x4 ./Drivers/STM32WLxx_HAL_Driver/stm32wlxx_hal.o
                0x0000000020000004                uwTickPrio
 .data.MaxPayloadLength
                0x0000000020000008        0x1 ./Middlewares/SubGHz_Phy/radio.o
 *fill*         0x0000000020000009        0x3 
 .data.SuperMask
                0x000000002000000c        0x4 ./Utilities/stm32_seq.o
 .data.TaskMask
                0x0000000020000010        0x4 ./Utilities/stm32_seq.o
 *(.RamFunc)
 *(.RamFunc*)
                0x0000000020000018                . = ALIGN (0x8)
 *fill*         0x0000000020000014        0x4 
                0x0000000020000018                _edata = .

.igot.plt       0x0000000020000018        0x0 load address 0x0000000008007b60
 .igot.plt      0x0000000020000018        0x0 E:/ST/STM32CubeIDE_1.13.1/STM32CubeIDE/plugins/com.st.stm32cube.ide.mcu.externaltools.gnu-tools-for-stm32.11.3.rel1.win32_1.1.100.202309141235/tools/bin/../lib/gcc/arm-none-eabi/11.3.1/thumb/v7e-m/nofp/crtbegin.o
                0x0000000020000018                . = ALIGN (0x8)

.bss            0x0000000020000018      0x660 load address 0x0000000008007b60
                0x0000000020000018                _sbss = .
                0x0000000020000018                __bss_start__ = _sbss
 *(.bss)
 .bss           0x0000000020000018       0x1c E:/ST/STM32CubeIDE_1.13.1/STM32CubeIDE/plugins/com.st.stm32cube.ide.mcu.externaltools.gnu-tools-for-stm32.11.3.rel1.win32_1.1.100.202309141235/tools/bin/../lib/gcc/arm-none-eabi/11.3.1/thumb/v7e-m/nofp/crtbegin.o
 *(.bss*)
 .bss.hrtc      0x0000000020000034       0x38 ./Application/User/Core/rtc.o
                0x0000000020000034                hrtc
 .bss.hsubghz   0x000000002000006c        0xc ./Application/User/Core/subghz.o
                0x000000002000006c                hsubghz
 .bss.SYS_TimerInitialisedFlag
                0x0000000020000078        0x1 ./Application/User/Core/sys_app.o
 .bss.RTC_Initialized
                0x0000000020000079        0x1 ./Application/User/Core/timer_if.o
 *fill*         0x000000002000007a        0x2 
 .bss.RtcTimerContext
                0x000000002000007c        0x4 ./Application/User/Core/timer_if.o
 .bss.hdma_usart2_tx
                0x0000000020000080       0x60 ./Application/User/Core/usart.o
                0x0000000020000080                hdma_usart2_tx
 .bss.huart2    0x00000000200000e0       0x94 ./Application/User/Core/usart.o
                0x00000000200000e0                huart2
 .bss.RxCpltCallback
                0x0000000020000174        0x4 ./Application/User/Core/usart_if.o
 .bss.TxCpltCallback
                0x0000000020000178        0x4 ./Application/User/Core/usart_if.o
 .bss.charRx    0x000000002000017c        0x1 ./Application/User/Core/usart_if.o
                0x000000002000017c                charRx
 *fill*         0x000000002000017d        0x3 
 .bss.RadioEvents
                0x0000000020000180       0x1c ./Application/User/SubGHz_Phy/App/subghz_phy_app.o
 .bss.RadioBuffer
                0x000000002000019c       0xff ./Middlewares/SubGHz_Phy/radio.o
 *fill*         0x000000002000029b        0x1 
 .bss.RadioEvents
                0x000000002000029c        0x4 ./Middlewares/SubGHz_Phy/radio.o
 .bss.RxTimeoutTimer
                0x00000000200002a0       0x18 ./Middlewares/SubGHz_Phy/radio.o
                0x00000000200002a0                RxTimeoutTimer
 .bss.SubgRf    0x00000000200002b8       0x5c ./Middlewares/SubGHz_Phy/radio.o
                0x00000000200002b8                SubgRf
 .bss.TxTimeoutTimer
                0x0000000020000314       0x18 ./Middlewares/SubGHz_Phy/radio.o
                0x0000000020000314                TxTimeoutTimer
 .bss.FrequencyError
                0x000000002000032c        0x4 ./Middlewares/SubGHz_Phy/radio_driver.o
                0x000000002000032c                FrequencyError
 .bss.ImageCalibrated
                0x0000000020000330        0x1 ./Middlewares/SubGHz_Phy/radio_driver.o
 .bss.LoRaHeaderType
                0x0000000020000331        0x1 ./Middlewares/SubGHz_Phy/radio_driver.o
 .bss.OperatingMode
                0x0000000020000332        0x1 ./Middlewares/SubGHz_Phy/radio_driver.o
 .bss.PacketType
                0x0000000020000333        0x1 ./Middlewares/SubGHz_Phy/radio_driver.o
 .bss.RadioOnDioIrqCb
                0x0000000020000334        0x4 ./Middlewares/SubGHz_Phy/radio_driver.o
 .bss.ADV_TRACE_Buffer
                0x0000000020000338      0x200 ./Utilities/stm32_adv_trace.o
 .bss.ADV_TRACE_Ctx
                0x0000000020000538       0x18 ./Utilities/stm32_adv_trace.o
 .bss.sztmp     0x0000000020000550      0x100 ./Utilities/stm32_adv_trace.o
 .bss.OffModeDisable
                0x0000000020000650        0x4 ./Utilities/stm32_lpm.o
 .bss.StopModeDisable
                0x0000000020000654        0x4 ./Utilities/stm32_lpm.o
 .bss.CurrentTaskIdx
                0x0000000020000658        0x4 ./Utilities/stm32_seq.o
 .bss.EvtSet    0x000000002000065c        0x4 ./Utilities/stm32_seq.o
 .bss.EvtWaited
                0x0000000020000660        0x4 ./Utilities/stm32_seq.o
 .bss.TaskCb    0x0000000020000664        0x4 ./Utilities/stm32_seq.o
 .bss.TaskPrio  0x0000000020000668        0x8 ./Utilities/stm32_seq.o
 .bss.TaskSet   0x0000000020000670        0x4 ./Utilities/stm32_seq.o
 .bss.TimerListHead
                0x0000000020000674        0x4 ./Utilities/stm32_timer.o
 *(COMMON)
                0x0000000020000678                . = ALIGN (0x8)
                0x0000000020000678                _ebss = .
                0x0000000020000678                __bss_end__ = _ebss
                0x0000000020000678                . = ALIGN (0x8)

RAM1_region     0x0000000020000678        0x0 load address 0x0000000008007b60
                0x0000000020000678                _sRAM1_region = .
 *(.RAM1_region)
                0x0000000020000678                . = ALIGN (0x8)
                0x0000000020000678                _eRAM1_region = .
                0x0000000020000678                . = ALIGN (0x8)

RAM2_region     0x0000000020008000        0x0
                0x0000000020008000                _sRAM2_region = .
 *(.RAM2_region)
                0x0000000020008000                . = ALIGN (0x8)
                0x0000000020008000                _eRAM2_region = .

._user_heap_stack
                0x0000000020000678      0xa00
                0x0000000020000678                . = ALIGN (0x8)
                [!provide]                        PROVIDE (end = .)
                0x0000000020000678                PROVIDE (_end = .)
                0x0000000020000878                . = (. + _Min_Heap_Size)
 *fill*         0x0000000020000678      0x200 
                0x0000000020001078                . = (. + _Min_Stack_Size)
 *fill*         0x0000000020000878      0x800 
                0x0000000020001078                . = ALIGN (0x8)

/DISCARD/
 libc.a(*)
 libm.a(*)
 libgcc.a(*)

.ARM.attributes
                0x0000000000000000       0x2a
 *(.ARM.attributes)
 .ARM.attributes
                0x0000000000000000       0x1e E:/ST/STM32CubeIDE_1.13.1/STM32CubeIDE/plugins/com.st.stm32cube.ide.mcu.externaltools.gnu-tools-for-stm32.11.3.rel1.win32_1.1.100.202309141235/tools/bin/../lib/gcc/arm-none-eabi/11.3.1/thumb/v7e-m/nofp/crti.o
 .ARM.attributes
                0x000000000000001e       0x2e E:/ST/STM32CubeIDE_1.13.1/STM32CubeIDE/plugins/com.st.stm32cube.ide.mcu.externaltools.gnu-tools-for-stm32.11.3.rel1.win32_1.1.100.202309141235/tools/bin/../lib/gcc/arm-none-eabi/11.3.1/thumb/v7e-m/nofp/crtbegin.o
 .ARM.attributes
                0x000000000000004c       0x2e ./Application/User/Core/dma.o
 .ARM.attributes
                0x000000000000007a       0x2e ./Application/User/Core/gpio.o
 .ARM.attributes
                0x00000000000000a8       0x2e ./Application/User/Core/main.o
 .ARM.attributes
                0x00000000000000d6       0x2e ./Application/User/Core/rtc.o
 .ARM.attributes
                0x0000000000000104       0x2e ./Application/User/Core/stm32_lpm_if.o
 .ARM.attributes
                0x0000000000000132       0x2e ./Application/User/Core/stm32wlxx_hal_msp.o
 .ARM.attributes
                0x0000000000000160       0x2e ./Application/User/Core/stm32wlxx_it.o
 .ARM.attributes
                0x000000000000018e       0x2e ./Application/User/Core/subghz.o
 .ARM.attributes
                0x00000000000001bc       0x2e ./Application/User/Core/sys_app.o
 .ARM.attributes
                0x00000000000001ea       0x2e ./Application/User/Core/sys_debug.o
 .ARM.attributes
                0x0000000000000218       0x2e ./Application/User/Core/timer_if.o
 .ARM.attributes
                0x0000000000000246       0x2e ./Application/User/Core/usart.o
 .ARM.attributes
                0x0000000000000274       0x2e ./Application/User/Core/usart_if.o
 .ARM.attributes
                0x00000000000002a2       0x21 ./Application/User/Startup/startup_stm32wl55jcix.o
 .ARM.attributes
                0x00000000000002c3       0x2e ./Application/User/SubGHz_Phy/App/app_subghz_phy.o
 .ARM.attributes
                0x00000000000002f1       0x2e ./Application/User/SubGHz_Phy/App/subghz_phy_app.o
 .ARM.attributes
                0x000000000000031f       0x2e ./Application/User/SubGHz_Phy/Target/radio_board_if.o
 .ARM.attributes
                0x000000000000034d       0x2e ./Drivers/BSP/STM32WLxx_Nucleo/stm32wlxx_nucleo_radio.o
 .ARM.attributes
                0x000000000000037b       0x2e ./Drivers/CMSIS/system_stm32wlxx.o
 .ARM.attributes
                0x00000000000003a9       0x2e ./Drivers/STM32WLxx_HAL_Driver/stm32wlxx_hal.o
 .ARM.attributes
                0x00000000000003d7       0x2e ./Drivers/STM32WLxx_HAL_Driver/stm32wlxx_hal_cortex.o
 .ARM.attributes
                0x0000000000000405       0x2e ./Drivers/STM32WLxx_HAL_Driver/stm32wlxx_hal_dma.o
 .ARM.attributes
                0x0000000000000433       0x2e ./Drivers/STM32WLxx_HAL_Driver/stm32wlxx_hal_gpio.o
 .ARM.attributes
                0x0000000000000461       0x2e ./Drivers/STM32WLxx_HAL_Driver/stm32wlxx_hal_pwr.o
 .ARM.attributes
                0x000000000000048f       0x2e ./Drivers/STM32WLxx_HAL_Driver/stm32wlxx_hal_pwr_ex.o
 .ARM.attributes
                0x00000000000004bd       0x2e ./Drivers/STM32WLxx_HAL_Driver/stm32wlxx_hal_rcc.o
 .ARM.attributes
                0x00000000000004eb       0x2e ./Drivers/STM32WLxx_HAL_Driver/stm32wlxx_hal_rcc_ex.o
 .ARM.attributes
                0x0000000000000519       0x2e ./Drivers/STM32WLxx_HAL_Driver/stm32wlxx_hal_rtc.o
 .ARM.attributes
                0x0000000000000547       0x2e ./Drivers/STM32WLxx_HAL_Driver/stm32wlxx_hal_rtc_ex.o
 .ARM.attributes
                0x0000000000000575       0x2e ./Drivers/STM32WLxx_HAL_Driver/stm32wlxx_hal_subghz.o
 .ARM.attributes
                0x00000000000005a3       0x2e ./Drivers/STM32WLxx_HAL_Driver/stm32wlxx_hal_uart.o
 .ARM.attributes
                0x00000000000005d1       0x2e ./Drivers/STM32WLxx_HAL_Driver/stm32wlxx_hal_uart_ex.o
 .ARM.attributes
                0x00000000000005ff       0x2e ./Middlewares/SubGHz_Phy/radio.o
 .ARM.attributes
                0x000000000000062d       0x2e ./Middlewares/SubGHz_Phy/radio_driver.o
 .ARM.attributes
                0x000000000000065b       0x2e ./Middlewares/SubGHz_Phy/radio_fw.o
 .ARM.attributes
                0x0000000000000689       0x2e ./Utilities/stm32_adv_trace.o
 .ARM.attributes
                0x00000000000006b7       0x2e ./Utilities/stm32_lpm.o
 .ARM.attributes
                0x00000000000006e5       0x2e ./Utilities/stm32_mem.o
 .ARM.attributes
                0x0000000000000713       0x2e ./Utilities/stm32_seq.o
 .ARM.attributes
                0x0000000000000741       0x2e ./Utilities/stm32_systime.o
 .ARM.attributes
                0x000000000000076f       0x2e ./Utilities/stm32_timer.o
 .ARM.attributes
                0x000000000000079d       0x2e ./Utilities/stm32_tiny_vsnprintf.o
 .ARM.attributes
                0x00000000000007cb       0x2e E:/ST/STM32CubeIDE_1.13.1/STM32CubeIDE/plugins/com.st.stm32cube.ide.mcu.externaltools.gnu-tools-for-stm32.11.3.rel1.win32_1.1.100.202309141235/tools/bin/../lib/gcc/arm-none-eabi/11.3.1/../../../../arm-none-eabi/lib/thumb/v7e-m/nofp\libc_nano.a(libc_a-memset.o)
 .ARM.attributes
                0x00000000000007f9       0x2e E:/ST/STM32CubeIDE_1.13.1/STM32CubeIDE/plugins/com.st.stm32cube.ide.mcu.externaltools.gnu-tools-for-stm32.11.3.rel1.win32_1.1.100.202309141235/tools/bin/../lib/gcc/arm-none-eabi/11.3.1/../../../../arm-none-eabi/lib/thumb/v7e-m/nofp\libc_nano.a(libc_a-init.o)
 .ARM.attributes
                0x0000000000000827       0x17 E:/ST/STM32CubeIDE_1.13.1/STM32CubeIDE/plugins/com.st.stm32cube.ide.mcu.externaltools.gnu-tools-for-stm32.11.3.rel1.win32_1.1.100.202309141235/tools/bin/../lib/gcc/arm-none-eabi/11.3.1/../../../../arm-none-eabi/lib/thumb/v7e-m/nofp\libc_nano.a(libc_a-strlen.o)
 .ARM.attributes